»MEI-test-set/MEI/grace-notes/grace-notes.ly« wird verarbeitet
Warnung: Datei »-o« kann nicht gefunden werden
»MEI-test-set/MEI/grace-notes/grace-notes.ly« wird verarbeitet
schwerer Fehler: gescheiterte Dateien: "-o"
»MEI-test-set/MEI/grace-notes/fixed-slurs.ly« wird verarbeitet
MEI-test-set/MEI/grace-notes/fixed-slurs.ly:22:161: Fehler: syntax error, unexpected '}'
  << { \stemUp \grace d''8 e''4 \grace {c''16[ d''16]} e''8[ \grace f''8 g''8 \grace a''8]} e''8[ \grace b''8 f''16 \grace e''8 a''16 \grace a''16 b''16 c'''16]
                                                                                                                                                                } d'''4 } \\ { \stemDown \grace f'8 g'4 \grace {g'16[ f'16]} e'8[ \grace a'8 b'8 \grace e'8]} g'8[ \grace d'8 a'8] r4 } >> %1
MEI-test-set/MEI/grace-notes/fixed-slurs.ly:22:169: Fehler: syntax error, unexpected '}'
  << { \stemUp \grace d''8 e''4 \grace {c''16[ d''16]} e''8[ \grace f''8 g''8 \grace a''8]} e''8[ \grace b''8 f''16 \grace e''8 a''16 \grace a''16 b''16 c'''16]} d'''4 
                                                                                                                                                                        } \\ { \stemDown \grace f'8 g'4 \grace {g'16[ f'16]} e'8[ \grace a'8 b'8 \grace e'8]} g'8[ \grace d'8 a'8] r4 } >> %1
MEI-test-set/MEI/grace-notes/fixed-slurs.ly:22:279: Fehler: syntax error, unexpected '}'
  << { \stemUp \grace d''8 e''4 \grace {c''16[ d''16]} e''8[ \grace f''8 g''8 \grace a''8]} e''8[ \grace b''8 f''16 \grace e''8 a''16 \grace a''16 b''16 c'''16]} d'''4 } \\ { \stemDown \grace f'8 g'4 \grace {g'16[ f'16]} e'8[ \grace a'8 b'8 \grace e'8]} g'8[ \grace d'8 a'8] r4 
                                                                                                                                                                                                                                                                                      } >> %1
MEI-test-set/MEI/grace-notes/fixed-slurs.ly:27:10: Fehler: Fehler gefunden, musikalischer Ausdruck wird ignoriert
\score { 
         <<
Warnung: Datei »-o« kann nicht gefunden werden
»MEI-test-set/MEI/grace-notes/fixed-slurs.ly« wird verarbeitet
MEI-test-set/MEI/grace-notes/fixed-slurs.ly:22:161: Fehler: syntax error, unexpected '}'
  << { \stemUp \grace d''8 e''4 \grace {c''16[ d''16]} e''8[ \grace f''8 g''8 \grace a''8]} e''8[ \grace b''8 f''16 \grace e''8 a''16 \grace a''16 b''16 c'''16]
                                                                                                                                                                } d'''4 } \\ { \stemDown \grace f'8 g'4 \grace {g'16[ f'16]} e'8[ \grace a'8 b'8 \grace e'8]} g'8[ \grace d'8 a'8] r4 } >> %1
MEI-test-set/MEI/grace-notes/fixed-slurs.ly:22:169: Fehler: syntax error, unexpected '}'
  << { \stemUp \grace d''8 e''4 \grace {c''16[ d''16]} e''8[ \grace f''8 g''8 \grace a''8]} e''8[ \grace b''8 f''16 \grace e''8 a''16 \grace a''16 b''16 c'''16]} d'''4 
                                                                                                                                                                        } \\ { \stemDown \grace f'8 g'4 \grace {g'16[ f'16]} e'8[ \grace a'8 b'8 \grace e'8]} g'8[ \grace d'8 a'8] r4 } >> %1
MEI-test-set/MEI/grace-notes/fixed-slurs.ly:22:279: Fehler: syntax error, unexpected '}'
  << { \stemUp \grace d''8 e''4 \grace {c''16[ d''16]} e''8[ \grace f''8 g''8 \grace a''8]} e''8[ \grace b''8 f''16 \grace e''8 a''16 \grace a''16 b''16 c'''16]} d'''4 } \\ { \stemDown \grace f'8 g'4 \grace {g'16[ f'16]} e'8[ \grace a'8 b'8 \grace e'8]} g'8[ \grace d'8 a'8] r4 
                                                                                                                                                                                                                                                                                      } >> %1
MEI-test-set/MEI/grace-notes/fixed-slurs.ly:27:10: Fehler: Fehler gefunden, musikalischer Ausdruck wird ignoriert
\score { 
         <<
schwerer Fehler: gescheiterte Dateien: "MEI-test-set/MEI/grace-notes/fixed-slurs -o MEI-test-set/MEI/grace-notes/fixed-slurs.ly"
»MEI-test-set/MEI/grace-notes/grace-note-slurs.ly« wird verarbeitet
MEI-test-set/MEI/grace-notes/grace-note-slurs.ly:22:153: Fehler: syntax error, unexpected '}'
  << { \grace d''8 e''4 \grace {c''16[ d''16]} e''8[ \grace f''8 g''8 \grace a''8]} e''8[ \grace b''8 f''16 \grace e''8 a''16 \grace a''16 b''16 c'''16]
                                                                                                                                                        } d'''4 } \\ { \grace f'8 g'4 \grace {g'16[ f'16]} e'8[ \grace a'8 b'8 \grace e'8]} g'8[ \grace d'8 a'8] r4 } >> %1
MEI-test-set/MEI/grace-notes/grace-note-slurs.ly:22:161: Fehler: syntax error, unexpected '}'
  << { \grace d''8 e''4 \grace {c''16[ d''16]} e''8[ \grace f''8 g''8 \grace a''8]} e''8[ \grace b''8 f''16 \grace e''8 a''16 \grace a''16 b''16 c'''16]} d'''4 
                                                                                                                                                                } \\ { \grace f'8 g'4 \grace {g'16[ f'16]} e'8[ \grace a'8 b'8 \grace e'8]} g'8[ \grace d'8 a'8] r4 } >> %1
MEI-test-set/MEI/grace-notes/grace-note-slurs.ly:22:261: Fehler: syntax error, unexpected '}'
  << { \grace d''8 e''4 \grace {c''16[ d''16]} e''8[ \grace f''8 g''8 \grace a''8]} e''8[ \grace b''8 f''16 \grace e''8 a''16 \grace a''16 b''16 c'''16]} d'''4 } \\ { \grace f'8 g'4 \grace {g'16[ f'16]} e'8[ \grace a'8 b'8 \grace e'8]} g'8[ \grace d'8 a'8] r4 
                                                                                                                                                                                                                                                                    } >> %1
MEI-test-set/MEI/grace-notes/grace-note-slurs.ly:27:10: Fehler: Fehler gefunden, musikalischer Ausdruck wird ignoriert
\score { 
         <<
Warnung: Datei »-o« kann nicht gefunden werden
»MEI-test-set/MEI/grace-notes/grace-note-slurs.ly« wird verarbeitet
MEI-test-set/MEI/grace-notes/grace-note-slurs.ly:22:153: Fehler: syntax error, unexpected '}'
  << { \grace d''8 e''4 \grace {c''16[ d''16]} e''8[ \grace f''8 g''8 \grace a''8]} e''8[ \grace b''8 f''16 \grace e''8 a''16 \grace a''16 b''16 c'''16]
                                                                                                                                                        } d'''4 } \\ { \grace f'8 g'4 \grace {g'16[ f'16]} e'8[ \grace a'8 b'8 \grace e'8]} g'8[ \grace d'8 a'8] r4 } >> %1
MEI-test-set/MEI/grace-notes/grace-note-slurs.ly:22:161: Fehler: syntax error, unexpected '}'
  << { \grace d''8 e''4 \grace {c''16[ d''16]} e''8[ \grace f''8 g''8 \grace a''8]} e''8[ \grace b''8 f''16 \grace e''8 a''16 \grace a''16 b''16 c'''16]} d'''4 
                                                                                                                                                                } \\ { \grace f'8 g'4 \grace {g'16[ f'16]} e'8[ \grace a'8 b'8 \grace e'8]} g'8[ \grace d'8 a'8] r4 } >> %1
MEI-test-set/MEI/grace-notes/grace-note-slurs.ly:22:261: Fehler: syntax error, unexpected '}'
  << { \grace d''8 e''4 \grace {c''16[ d''16]} e''8[ \grace f''8 g''8 \grace a''8]} e''8[ \grace b''8 f''16 \grace e''8 a''16 \grace a''16 b''16 c'''16]} d'''4 } \\ { \grace f'8 g'4 \grace {g'16[ f'16]} e'8[ \grace a'8 b'8 \grace e'8]} g'8[ \grace d'8 a'8] r4 
                                                                                                                                                                                                                                                                    } >> %1
MEI-test-set/MEI/grace-notes/grace-note-slurs.ly:27:10: Fehler: Fehler gefunden, musikalischer Ausdruck wird ignoriert
\score { 
         <<
schwerer Fehler: gescheiterte Dateien: "MEI-test-set/MEI/grace-notes/grace-note-slurs -o MEI-test-set/MEI/grace-notes/grace-note-slurs.ly"
»MEI-test-set/MEI/grace-notes/artic-on-grace-notes.ly« wird verarbeitet
Warnung: Datei »-o« kann nicht gefunden werden
»MEI-test-set/MEI/grace-notes/artic-on-grace-notes.ly« wird verarbeitet
schwerer Fehler: gescheiterte Dateien: "-o"
»MEI-test-set/MEI/grace-notes/more-articulation.ly« wird verarbeitet
Warnung: Datei »-o« kann nicht gefunden werden
»MEI-test-set/MEI/grace-notes/more-articulation.ly« wird verarbeitet
schwerer Fehler: gescheiterte Dateien: "-o"
»MEI-test-set/MEI/grace-notes/slur-placement.ly« wird verarbeitet
MEI-test-set/MEI/grace-notes/slur-placement.ly:23:172: Fehler: syntax error, unexpected '}'
  << { \stemUp \grace g'8 \stemDown c''4. \stemDown d''!8[ \stemUp \grace a''16 \stemUp g''16 \stemUp f''16]} \stemDown e''8[ \stemDown d''8 \stemDown c''8 \stemDown b'8] 
                                                                                                                                                                           } >> %2
MEI-test-set/MEI/grace-notes/slur-placement.ly:24:171: Fehler: syntax error, unexpected '}'
  << { \stemUp \grace g'8 \stemDown c''4. \stemDown d''8[ \stemUp \grace a''16 \stemUp g''16 \stemUp f''16]} \stemDown e''8[ \stemDown d''8 \stemDown c''8 \stemDown b'8] 
                                                                                                                                                                          } >> \bar "|." %3
MEI-test-set/MEI/grace-notes/slur-placement.ly:28:10: Fehler: Fehler gefunden, musikalischer Ausdruck wird ignoriert
\score { 
         <<
Warnung: Datei »-o« kann nicht gefunden werden
»MEI-test-set/MEI/grace-notes/slur-placement.ly« wird verarbeitet
MEI-test-set/MEI/grace-notes/slur-placement.ly:23:172: Fehler: syntax error, unexpected '}'
  << { \stemUp \grace g'8 \stemDown c''4. \stemDown d''!8[ \stemUp \grace a''16 \stemUp g''16 \stemUp f''16]} \stemDown e''8[ \stemDown d''8 \stemDown c''8 \stemDown b'8] 
                                                                                                                                                                           } >> %2
MEI-test-set/MEI/grace-notes/slur-placement.ly:24:171: Fehler: syntax error, unexpected '}'
  << { \stemUp \grace g'8 \stemDown c''4. \stemDown d''8[ \stemUp \grace a''16 \stemUp g''16 \stemUp f''16]} \stemDown e''8[ \stemDown d''8 \stemDown c''8 \stemDown b'8] 
                                                                                                                                                                          } >> \bar "|." %3
MEI-test-set/MEI/grace-notes/slur-placement.ly:28:10: Fehler: Fehler gefunden, musikalischer Ausdruck wird ignoriert
\score { 
         <<
schwerer Fehler: gescheiterte Dateien: "MEI-test-set/MEI/grace-notes/slur-placement -o MEI-test-set/MEI/grace-notes/slur-placement.ly"
»MEI-test-set/MEI/grace-notes/dynamic-placement.ly« wird verarbeitet
Warnung: Datei »-o« kann nicht gefunden werden
»MEI-test-set/MEI/grace-notes/dynamic-placement.ly« wird verarbeitet
schwerer Fehler: gescheiterte Dateien: "-o"
»MEI-test-set/MEI/grace-notes/two-parts-aligned.ly« wird verarbeitet
MEI-test-set/MEI/grace-notes/two-parts-aligned.ly:22:127: Warnung: Keine funktionsfähige Anfangskonfiguration gefunden: Es kann evtl. keine optimale Balkenneigung gefunden werden
  << { \stemUp \grace g'16 a'16 b'16 \stemDown c''8[ \stemDown g'8 \stemDown d''8 \stemDown b'8] \stemDown d''4 \stemDown b''8
                                                                                                                              [ \stemUp \grace a''16 \stemUp g''16 \stemUp f''16 \stemUp e''16 \stemDown g''8] } >> \bar "|." %1
MEI-test-set/MEI/grace-notes/two-parts-aligned.ly:22:158: Warnung: Eigenartige Notenhalslänge; auf enge Balken überprüfen
  << { \stemUp \grace g'16 a'16 b'16 \stemDown c''8[ \stemDown g'8 \stemDown d''8 \stemDown b'8] \stemDown d''4 \stemDown b''8[ \stemUp \grace a''16 \stemUp 
                                                                                                                                                             g''16 \stemUp f''16 \stemUp e''16 \stemDown g''8] } >> \bar "|." %1
MEI-test-set/MEI/grace-notes/two-parts-aligned.ly:22:172: Warnung: Eigenartige Notenhalslänge; auf enge Balken überprüfen
  << { \stemUp \grace g'16 a'16 b'16 \stemDown c''8[ \stemDown g'8 \stemDown d''8 \stemDown b'8] \stemDown d''4 \stemDown b''8[ \stemUp \grace a''16 \stemUp g''16 \stemUp 
                                                                                                                                                                           f''16 \stemUp e''16 \stemDown g''8] } >> \bar "|." %1
MEI-test-set/MEI/grace-notes/two-parts-aligned.ly:22:186: Warnung: Eigenartige Notenhalslänge; auf enge Balken überprüfen
  << { \stemUp \grace g'16 a'16 b'16 \stemDown c''8[ \stemDown g'8 \stemDown d''8 \stemDown b'8] \stemDown d''4 \stemDown b''8[ \stemUp \grace a''16 \stemUp g''16 \stemUp f''16 \stemUp 
                                                                                                                                                                                         e''16 \stemDown g''8] } >> \bar "|." %1
Warnung: Kasten mit negativen Ausmaßen wird nicht gezeichnet, 0.13 mal -0.23.
Warnung: Kasten mit negativen Ausmaßen wird nicht gezeichnet, 0.13 mal -0.24.
Warnung: Kasten mit negativen Ausmaßen wird nicht gezeichnet, 0.13 mal -0.24.
Warnung: Datei »-o« kann nicht gefunden werden
»MEI-test-set/MEI/grace-notes/two-parts-aligned.ly« wird verarbeitet
MEI-test-set/MEI/grace-notes/two-parts-aligned.ly:22:127: Warnung: Keine funktionsfähige Anfangskonfiguration gefunden: Es kann evtl. keine optimale Balkenneigung gefunden werden
  << { \stemUp \grace g'16 a'16 b'16 \stemDown c''8[ \stemDown g'8 \stemDown d''8 \stemDown b'8] \stemDown d''4 \stemDown b''8
                                                                                                                              [ \stemUp \grace a''16 \stemUp g''16 \stemUp f''16 \stemUp e''16 \stemDown g''8] } >> \bar "|." %1
MEI-test-set/MEI/grace-notes/two-parts-aligned.ly:22:158: Warnung: Eigenartige Notenhalslänge; auf enge Balken überprüfen
  << { \stemUp \grace g'16 a'16 b'16 \stemDown c''8[ \stemDown g'8 \stemDown d''8 \stemDown b'8] \stemDown d''4 \stemDown b''8[ \stemUp \grace a''16 \stemUp 
                                                                                                                                                             g''16 \stemUp f''16 \stemUp e''16 \stemDown g''8] } >> \bar "|." %1
MEI-test-set/MEI/grace-notes/two-parts-aligned.ly:22:172: Warnung: Eigenartige Notenhalslänge; auf enge Balken überprüfen
  << { \stemUp \grace g'16 a'16 b'16 \stemDown c''8[ \stemDown g'8 \stemDown d''8 \stemDown b'8] \stemDown d''4 \stemDown b''8[ \stemUp \grace a''16 \stemUp g''16 \stemUp 
                                                                                                                                                                           f''16 \stemUp e''16 \stemDown g''8] } >> \bar "|." %1
MEI-test-set/MEI/grace-notes/two-parts-aligned.ly:22:186: Warnung: Eigenartige Notenhalslänge; auf enge Balken überprüfen
  << { \stemUp \grace g'16 a'16 b'16 \stemDown c''8[ \stemDown g'8 \stemDown d''8 \stemDown b'8] \stemDown d''4 \stemDown b''8[ \stemUp \grace a''16 \stemUp g''16 \stemUp f''16 \stemUp 
                                                                                                                                                                                         e''16 \stemDown g''8] } >> \bar "|." %1
Warnung: Kasten mit negativen Ausmaßen wird nicht gezeichnet, 0.13 mal -0.23.
Warnung: Kasten mit negativen Ausmaßen wird nicht gezeichnet, 0.13 mal -0.24.
Warnung: Kasten mit negativen Ausmaßen wird nicht gezeichnet, 0.13 mal -0.24.
schwerer Fehler: gescheiterte Dateien: "-o"
»MEI-test-set/MEI/articulation/multiple-articulations.ly« wird verarbeitet
Warnung: Datei »-o« kann nicht gefunden werden
»MEI-test-set/MEI/articulation/multiple-articulations.ly« wird verarbeitet
schwerer Fehler: gescheiterte Dateien: "-o"
»MEI-test-set/MEI/articulation/two-parts-articulation.ly« wird verarbeitet
Warnung: Datei »-o« kann nicht gefunden werden
»MEI-test-set/MEI/articulation/two-parts-articulation.ly« wird verarbeitet
schwerer Fehler: gescheiterte Dateien: "-o"
»MEI-test-set/MEI/articulation/multiple-dots.ly« wird verarbeitet
Warnung: Datei »-o« kann nicht gefunden werden
»MEI-test-set/MEI/articulation/multiple-dots.ly« wird verarbeitet
schwerer Fehler: gescheiterte Dateien: "-o"
»MEI-test-set/MEI/articulation/stacc-up-and-down.ly« wird verarbeitet
Warnung: Datei »-o« kann nicht gefunden werden
»MEI-test-set/MEI/articulation/stacc-up-and-down.ly« wird verarbeitet
schwerer Fehler: gescheiterte Dateien: "-o"
»MEI-test-set/MEI/articulation/artic-with-slurs.ly« wird verarbeitet
MEI-test-set/MEI/articulation/artic-with-slurs.ly:23:3: Warnung: mid-measure time signature without \partial
  
  \time 6/8 
Warnung: Datei »-o« kann nicht gefunden werden
»MEI-test-set/MEI/articulation/artic-with-slurs.ly« wird verarbeitet
MEI-test-set/MEI/articulation/artic-with-slurs.ly:23:3: Warnung: mid-measure time signature without \partial
  
  \time 6/8 
schwerer Fehler: gescheiterte Dateien: "-o"
»MEI-test-set/MEI/articulation/ledger-lines.ly« wird verarbeitet
Warnung: Datei »-o« kann nicht gefunden werden
»MEI-test-set/MEI/articulation/ledger-lines.ly« wird verarbeitet
schwerer Fehler: gescheiterte Dateien: "-o"
»MEI-test-set/MEI/articulation/repeated-articulation.ly« wird verarbeitet
Warnung: Datei »-o« kann nicht gefunden werden
»MEI-test-set/MEI/articulation/repeated-articulation.ly« wird verarbeitet
schwerer Fehler: gescheiterte Dateien: "-o"
»MEI-test-set/MEI/articulation/articulations.ly« wird verarbeitet
Warnung: Datei »-o« kann nicht gefunden werden
»MEI-test-set/MEI/articulation/articulations.ly« wird verarbeitet
schwerer Fehler: gescheiterte Dateien: "-o"
»MEI-test-set/MEI/articulation/artic-on-whole.ly« wird verarbeitet
Warnung: Datei »-o« kann nicht gefunden werden
»MEI-test-set/MEI/articulation/artic-on-whole.ly« wird verarbeitet
schwerer Fehler: gescheiterte Dateien: "-o"
»MEI-test-set/MEI/articulation/accents-up-and-down.ly« wird verarbeitet
Warnung: Datei »-o« kann nicht gefunden werden
»MEI-test-set/MEI/articulation/accents-up-and-down.ly« wird verarbeitet
schwerer Fehler: gescheiterte Dateien: "-o"
»MEI-test-set/MEI/articulation/dotted-and-staccato.ly« wird verarbeitet
Warnung: Datei »-o« kann nicht gefunden werden
»MEI-test-set/MEI/articulation/dotted-and-staccato.ly« wird verarbeitet
schwerer Fehler: gescheiterte Dateien: "-o"
»MEI-test-set/MEI/articulation/staccato-simile.ly« wird verarbeitet
Warnung: Datei »-o« kann nicht gefunden werden
»MEI-test-set/MEI/articulation/staccato-simile.ly« wird verarbeitet
schwerer Fehler: gescheiterte Dateien: "-o"
»MEI-test-set/MEI/tuplets/alignment.ly« wird verarbeitet
Warnung: Datei »-o« kann nicht gefunden werden
»MEI-test-set/MEI/tuplets/alignment.ly« wird verarbeitet
schwerer Fehler: gescheiterte Dateien: "-o"
»MEI-test-set/MEI/tuplets/ratios-no-literal.ly« wird verarbeitet
MEI-test-set/MEI/tuplets/ratios-no-literal.ly:25:3: Warnung: mid-measure time signature without \partial
  
  \time 7/8 
MEI-test-set/MEI/tuplets/ratios-no-literal.ly:29:3: Warnung: mid-measure time signature without \partial
  
  \time 9/8 
Warnung: Datei »-o« kann nicht gefunden werden
»MEI-test-set/MEI/tuplets/ratios-no-literal.ly« wird verarbeitet
MEI-test-set/MEI/tuplets/ratios-no-literal.ly:25:3: Warnung: mid-measure time signature without \partial
  
  \time 7/8 
MEI-test-set/MEI/tuplets/ratios-no-literal.ly:29:3: Warnung: mid-measure time signature without \partial
  
  \time 9/8 
schwerer Fehler: gescheiterte Dateien: "-o"
»MEI-test-set/MEI/tuplets/mixed-value.ly« wird verarbeitet
MEI-test-set/MEI/tuplets/mixed-value.ly:23:3: Warnung: mid-measure time signature without \partial
  
  \time 2/4 
Warnung: Datei »-o« kann nicht gefunden werden
»MEI-test-set/MEI/grace-notes/grace-notes.ly« wird verarbeitet
Warnung: Datei »-o« kann nicht gefunden werden
»MEI-test-set/MEI/grace-notes/grace-notes.ly« wird verarbeitet
schwerer Fehler: gescheiterte Dateien: "-o"
»MEI-test-set/MEI/grace-notes/grace-notes.ly« wird verarbeitet
Warnung: Datei »-o« kann nicht gefunden werden
»MEI-test-set/MEI/grace-notes/grace-notes.ly« wird verarbeitet
schwerer Fehler: gescheiterte Dateien: "-o"
»MEI-test-set/MEI/grace-notes/fixed-slurs.ly« wird verarbeitet
MEI-test-set/MEI/grace-notes/fixed-slurs.ly:22:161: Fehler: syntax error, unexpected '}'
  << { \stemUp \grace d''8 e''4 \grace {c''16[ d''16]} e''8[ \grace f''8 g''8 \grace a''8]} e''8[ \grace b''8 f''16 \grace e''8 a''16 \grace a''16 b''16 c'''16]
                                                                                                                                                                } d'''4 } \\ { \stemDown \grace f'8 g'4 \grace {g'16[ f'16]} e'8[ \grace a'8 b'8 \grace e'8]} g'8[ \grace d'8 a'8] r4 } >> %1
MEI-test-set/MEI/grace-notes/fixed-slurs.ly:22:169: Fehler: syntax error, unexpected '}'
  << { \stemUp \grace d''8 e''4 \grace {c''16[ d''16]} e''8[ \grace f''8 g''8 \grace a''8]} e''8[ \grace b''8 f''16 \grace e''8 a''16 \grace a''16 b''16 c'''16]} d'''4 
                                                                                                                                                                        } \\ { \stemDown \grace f'8 g'4 \grace {g'16[ f'16]} e'8[ \grace a'8 b'8 \grace e'8]} g'8[ \grace d'8 a'8] r4 } >> %1
MEI-test-set/MEI/grace-notes/fixed-slurs.ly:22:279: Fehler: syntax error, unexpected '}'
  << { \stemUp \grace d''8 e''4 \grace {c''16[ d''16]} e''8[ \grace f''8 g''8 \grace a''8]} e''8[ \grace b''8 f''16 \grace e''8 a''16 \grace a''16 b''16 c'''16]} d'''4 } \\ { \stemDown \grace f'8 g'4 \grace {g'16[ f'16]} e'8[ \grace a'8 b'8 \grace e'8]} g'8[ \grace d'8 a'8] r4 
                                                                                                                                                                                                                                                                                      } >> %1
MEI-test-set/MEI/grace-notes/fixed-slurs.ly:27:10: Fehler: Fehler gefunden, musikalischer Ausdruck wird ignoriert
\score { 
         <<
Warnung: Datei »-o« kann nicht gefunden werden
»MEI-test-set/MEI/grace-notes/fixed-slurs.ly« wird verarbeitet
MEI-test-set/MEI/grace-notes/fixed-slurs.ly:22:161: Fehler: syntax error, unexpected '}'
  << { \stemUp \grace d''8 e''4 \grace {c''16[ d''16]} e''8[ \grace f''8 g''8 \grace a''8]} e''8[ \grace b''8 f''16 \grace e''8 a''16 \grace a''16 b''16 c'''16]
                                                                                                                                                                } d'''4 } \\ { \stemDown \grace f'8 g'4 \grace {g'16[ f'16]} e'8[ \grace a'8 b'8 \grace e'8]} g'8[ \grace d'8 a'8] r4 } >> %1
MEI-test-set/MEI/grace-notes/fixed-slurs.ly:22:169: Fehler: syntax error, unexpected '}'
  << { \stemUp \grace d''8 e''4 \grace {c''16[ d''16]} e''8[ \grace f''8 g''8 \grace a''8]} e''8[ \grace b''8 f''16 \grace e''8 a''16 \grace a''16 b''16 c'''16]} d'''4 
                                                                                                                                                                        } \\ { \stemDown \grace f'8 g'4 \grace {g'16[ f'16]} e'8[ \grace a'8 b'8 \grace e'8]} g'8[ \grace d'8 a'8] r4 } >> %1
MEI-test-set/MEI/grace-notes/fixed-slurs.ly:22:279: Fehler: syntax error, unexpected '}'
  << { \stemUp \grace d''8 e''4 \grace {c''16[ d''16]} e''8[ \grace f''8 g''8 \grace a''8]} e''8[ \grace b''8 f''16 \grace e''8 a''16 \grace a''16 b''16 c'''16]} d'''4 } \\ { \stemDown \grace f'8 g'4 \grace {g'16[ f'16]} e'8[ \grace a'8 b'8 \grace e'8]} g'8[ \grace d'8 a'8] r4 
                                                                                                                                                                                                                                                                                      } >> %1
MEI-test-set/MEI/grace-notes/fixed-slurs.ly:27:10: Fehler: Fehler gefunden, musikalischer Ausdruck wird ignoriert
\score { 
         <<
schwerer Fehler: gescheiterte Dateien: "MEI-test-set/MEI/grace-notes/fixed-slurs -o MEI-test-set/MEI/grace-notes/fixed-slurs.ly"
»MEI-test-set/MEI/grace-notes/grace-note-slurs.ly« wird verarbeitet
MEI-test-set/MEI/grace-notes/grace-note-slurs.ly:22:153: Fehler: syntax error, unexpected '}'
  << { \grace d''8 e''4 \grace {c''16[ d''16]} e''8[ \grace f''8 g''8 \grace a''8]} e''8[ \grace b''8 f''16 \grace e''8 a''16 \grace a''16 b''16 c'''16]
                                                                                                                                                        } d'''4 } \\ { \grace f'8 g'4 \grace {g'16[ f'16]} e'8[ \grace a'8 b'8 \grace e'8]} g'8[ \grace d'8 a'8] r4 } >> %1
MEI-test-set/MEI/grace-notes/grace-note-slurs.ly:22:161: Fehler: syntax error, unexpected '}'
  << { \grace d''8 e''4 \grace {c''16[ d''16]} e''8[ \grace f''8 g''8 \grace a''8]} e''8[ \grace b''8 f''16 \grace e''8 a''16 \grace a''16 b''16 c'''16]} d'''4 
                                                                                                                                                                } \\ { \grace f'8 g'4 \grace {g'16[ f'16]} e'8[ \grace a'8 b'8 \grace e'8]} g'8[ \grace d'8 a'8] r4 } >> %1
MEI-test-set/MEI/grace-notes/grace-note-slurs.ly:22:261: Fehler: syntax error, unexpected '}'
  << { \grace d''8 e''4 \grace {c''16[ d''16]} e''8[ \grace f''8 g''8 \grace a''8]} e''8[ \grace b''8 f''16 \grace e''8 a''16 \grace a''16 b''16 c'''16]} d'''4 } \\ { \grace f'8 g'4 \grace {g'16[ f'16]} e'8[ \grace a'8 b'8 \grace e'8]} g'8[ \grace d'8 a'8] r4 
                                                                                                                                                                                                                                                                    } >> %1
MEI-test-set/MEI/grace-notes/grace-note-slurs.ly:27:10: Fehler: Fehler gefunden, musikalischer Ausdruck wird ignoriert
\score { 
         <<
Warnung: Datei »-o« kann nicht gefunden werden
»MEI-test-set/MEI/grace-notes/grace-note-slurs.ly« wird verarbeitet
MEI-test-set/MEI/grace-notes/grace-note-slurs.ly:22:153: Fehler: syntax error, unexpected '}'
  << { \grace d''8 e''4 \grace {c''16[ d''16]} e''8[ \grace f''8 g''8 \grace a''8]} e''8[ \grace b''8 f''16 \grace e''8 a''16 \grace a''16 b''16 c'''16]
                                                                                                                                                        } d'''4 } \\ { \grace f'8 g'4 \grace {g'16[ f'16]} e'8[ \grace a'8 b'8 \grace e'8]} g'8[ \grace d'8 a'8] r4 } >> %1
MEI-test-set/MEI/grace-notes/grace-note-slurs.ly:22:161: Fehler: syntax error, unexpected '}'
  << { \grace d''8 e''4 \grace {c''16[ d''16]} e''8[ \grace f''8 g''8 \grace a''8]} e''8[ \grace b''8 f''16 \grace e''8 a''16 \grace a''16 b''16 c'''16]} d'''4 
                                                                                                                                                                } \\ { \grace f'8 g'4 \grace {g'16[ f'16]} e'8[ \grace a'8 b'8 \grace e'8]} g'8[ \grace d'8 a'8] r4 } >> %1
MEI-test-set/MEI/grace-notes/grace-note-slurs.ly:22:261: Fehler: syntax error, unexpected '}'
  << { \grace d''8 e''4 \grace {c''16[ d''16]} e''8[ \grace f''8 g''8 \grace a''8]} e''8[ \grace b''8 f''16 \grace e''8 a''16 \grace a''16 b''16 c'''16]} d'''4 } \\ { \grace f'8 g'4 \grace {g'16[ f'16]} e'8[ \grace a'8 b'8 \grace e'8]} g'8[ \grace d'8 a'8] r4 
                                                                                                                                                                                                                                                                    } >> %1
MEI-test-set/MEI/grace-notes/grace-note-slurs.ly:27:10: Fehler: Fehler gefunden, musikalischer Ausdruck wird ignoriert
\score { 
         <<
schwerer Fehler: gescheiterte Dateien: "MEI-test-set/MEI/grace-notes/grace-note-slurs -o MEI-test-set/MEI/grace-notes/grace-note-slurs.ly"
»MEI-test-set/MEI/grace-notes/artic-on-grace-notes.ly« wird verarbeitet
Warnung: Datei »-o« kann nicht gefunden werden
»MEI-test-set/MEI/grace-notes/artic-on-grace-notes.ly« wird verarbeitet
schwerer Fehler: gescheiterte Dateien: "-o"
»MEI-test-set/MEI/grace-notes/more-articulation.ly« wird verarbeitet
Warnung: Datei »-o« kann nicht gefunden werden
»MEI-test-set/MEI/grace-notes/more-articulation.ly« wird verarbeitet
schwerer Fehler: gescheiterte Dateien: "-o"
»MEI-test-set/MEI/grace-notes/slur-placement.ly« wird verarbeitet
MEI-test-set/MEI/grace-notes/slur-placement.ly:23:172: Fehler: syntax error, unexpected '}'
  << { \stemUp \grace g'8 \stemDown c''4. \stemDown d''!8[ \stemUp \grace a''16 \stemUp g''16 \stemUp f''16]} \stemDown e''8[ \stemDown d''8 \stemDown c''8 \stemDown b'8] 
                                                                                                                                                                           } >> %2
MEI-test-set/MEI/grace-notes/slur-placement.ly:24:171: Fehler: syntax error, unexpected '}'
  << { \stemUp \grace g'8 \stemDown c''4. \stemDown d''8[ \stemUp \grace a''16 \stemUp g''16 \stemUp f''16]} \stemDown e''8[ \stemDown d''8 \stemDown c''8 \stemDown b'8] 
                                                                                                                                                                          } >> \bar "|." %3
MEI-test-set/MEI/grace-notes/slur-placement.ly:28:10: Fehler: Fehler gefunden, musikalischer Ausdruck wird ignoriert
\score { 
         <<
Warnung: Datei »-o« kann nicht gefunden werden
»MEI-test-set/MEI/grace-notes/slur-placement.ly« wird verarbeitet
MEI-test-set/MEI/grace-notes/slur-placement.ly:23:172: Fehler: syntax error, unexpected '}'
  << { \stemUp \grace g'8 \stemDown c''4. \stemDown d''!8[ \stemUp \grace a''16 \stemUp g''16 \stemUp f''16]} \stemDown e''8[ \stemDown d''8 \stemDown c''8 \stemDown b'8] 
                                                                                                                                                                           } >> %2
MEI-test-set/MEI/grace-notes/slur-placement.ly:24:171: Fehler: syntax error, unexpected '}'
  << { \stemUp \grace g'8 \stemDown c''4. \stemDown d''8[ \stemUp \grace a''16 \stemUp g''16 \stemUp f''16]} \stemDown e''8[ \stemDown d''8 \stemDown c''8 \stemDown b'8] 
                                                                                                                                                                          } >> \bar "|." %3
MEI-test-set/MEI/grace-notes/slur-placement.ly:28:10: Fehler: Fehler gefunden, musikalischer Ausdruck wird ignoriert
\score { 
         <<
schwerer Fehler: gescheiterte Dateien: "MEI-test-set/MEI/grace-notes/slur-placement -o MEI-test-set/MEI/grace-notes/slur-placement.ly"
»MEI-test-set/MEI/grace-notes/dynamic-placement.ly« wird verarbeitet
Warnung: Datei »-o« kann nicht gefunden werden
»MEI-test-set/MEI/grace-notes/dynamic-placement.ly« wird verarbeitet
schwerer Fehler: gescheiterte Dateien: "-o"
»MEI-test-set/MEI/grace-notes/two-parts-aligned.ly« wird verarbeitet
MEI-test-set/MEI/grace-notes/two-parts-aligned.ly:22:127: Warnung: Keine funktionsfähige Anfangskonfiguration gefunden: Es kann evtl. keine optimale Balkenneigung gefunden werden
  << { \stemUp \grace g'16 a'16 b'16 \stemDown c''8[ \stemDown g'8 \stemDown d''8 \stemDown b'8] \stemDown d''4 \stemDown b''8
                                                                                                                              [ \stemUp \grace a''16 \stemUp g''16 \stemUp f''16 \stemUp e''16 \stemDown g''8] } >> \bar "|." %1
MEI-test-set/MEI/grace-notes/two-parts-aligned.ly:22:158: Warnung: Eigenartige Notenhalslänge; auf enge Balken überprüfen
  << { \stemUp \grace g'16 a'16 b'16 \stemDown c''8[ \stemDown g'8 \stemDown d''8 \stemDown b'8] \stemDown d''4 \stemDown b''8[ \stemUp \grace a''16 \stemUp 
                                                                                                                                                             g''16 \stemUp f''16 \stemUp e''16 \stemDown g''8] } >> \bar "|." %1
MEI-test-set/MEI/grace-notes/two-parts-aligned.ly:22:172: Warnung: Eigenartige Notenhalslänge; auf enge Balken überprüfen
  << { \stemUp \grace g'16 a'16 b'16 \stemDown c''8[ \stemDown g'8 \stemDown d''8 \stemDown b'8] \stemDown d''4 \stemDown b''8[ \stemUp \grace a''16 \stemUp g''16 \stemUp 
                                                                                                                                                                           f''16 \stemUp e''16 \stemDown g''8] } >> \bar "|." %1
MEI-test-set/MEI/grace-notes/two-parts-aligned.ly:22:186: Warnung: Eigenartige Notenhalslänge; auf enge Balken überprüfen
  << { \stemUp \grace g'16 a'16 b'16 \stemDown c''8[ \stemDown g'8 \stemDown d''8 \stemDown b'8] \stemDown d''4 \stemDown b''8[ \stemUp \grace a''16 \stemUp g''16 \stemUp f''16 \stemUp 
                                                                                                                                                                                         e''16 \stemDown g''8] } >> \bar "|." %1
Warnung: Kasten mit negativen Ausmaßen wird nicht gezeichnet, 0.13 mal -0.23.
Warnung: Kasten mit negativen Ausmaßen wird nicht gezeichnet, 0.13 mal -0.24.
Warnung: Kasten mit negativen Ausmaßen wird nicht gezeichnet, 0.13 mal -0.24.
Warnung: Datei »-o« kann nicht gefunden werden
»MEI-test-set/MEI/grace-notes/two-parts-aligned.ly« wird verarbeitet
MEI-test-set/MEI/grace-notes/two-parts-aligned.ly:22:127: Warnung: Keine funktionsfähige Anfangskonfiguration gefunden: Es kann evtl. keine optimale Balkenneigung gefunden werden
  << { \stemUp \grace g'16 a'16 b'16 \stemDown c''8[ \stemDown g'8 \stemDown d''8 \stemDown b'8] \stemDown d''4 \stemDown b''8
                                                                                                                              [ \stemUp \grace a''16 \stemUp g''16 \stemUp f''16 \stemUp e''16 \stemDown g''8] } >> \bar "|." %1
MEI-test-set/MEI/grace-notes/two-parts-aligned.ly:22:158: Warnung: Eigenartige Notenhalslänge; auf enge Balken überprüfen
  << { \stemUp \grace g'16 a'16 b'16 \stemDown c''8[ \stemDown g'8 \stemDown d''8 \stemDown b'8] \stemDown d''4 \stemDown b''8[ \stemUp \grace a''16 \stemUp 
                                                                                                                                                             g''16 \stemUp f''16 \stemUp e''16 \stemDown g''8] } >> \bar "|." %1
MEI-test-set/MEI/grace-notes/two-parts-aligned.ly:22:172: Warnung: Eigenartige Notenhalslänge; auf enge Balken überprüfen
  << { \stemUp \grace g'16 a'16 b'16 \stemDown c''8[ \stemDown g'8 \stemDown d''8 \stemDown b'8] \stemDown d''4 \stemDown b''8[ \stemUp \grace a''16 \stemUp g''16 \stemUp 
                                                                                                                                                                           f''16 \stemUp e''16 \stemDown g''8] } >> \bar "|." %1
MEI-test-set/MEI/grace-notes/two-parts-aligned.ly:22:186: Warnung: Eigenartige Notenhalslänge; auf enge Balken überprüfen
  << { \stemUp \grace g'16 a'16 b'16 \stemDown c''8[ \stemDown g'8 \stemDown d''8 \stemDown b'8] \stemDown d''4 \stemDown b''8[ \stemUp \grace a''16 \stemUp g''16 \stemUp f''16 \stemUp 
                                                                                                                                                                                         e''16 \stemDown g''8] } >> \bar "|." %1
Warnung: Kasten mit negativen Ausmaßen wird nicht gezeichnet, 0.13 mal -0.23.
Warnung: Kasten mit negativen Ausmaßen wird nicht gezeichnet, 0.13 mal -0.24.
Warnung: Kasten mit negativen Ausmaßen wird nicht gezeichnet, 0.13 mal -0.24.
schwerer Fehler: gescheiterte Dateien: "-o"
»MEI-test-set/MEI/grace-notes/two-voice-grace-notes.ly« wird verarbeitet
Warnung: Datei »-o« kann nicht gefunden werden
»MEI-test-set/MEI/grace-notes/two-voice-grace-notes.ly« wird verarbeitet
schwerer Fehler: gescheiterte Dateien: "-o"
»MEI-test-set/MEI/articulation/multiple-articulations.ly« wird verarbeitet
Warnung: Datei »-o« kann nicht gefunden werden
»MEI-test-set/MEI/articulation/multiple-articulations.ly« wird verarbeitet
schwerer Fehler: gescheiterte Dateien: "-o"
»MEI-test-set/MEI/articulation/two-parts-articulation.ly« wird verarbeitet
Warnung: Datei »-o« kann nicht gefunden werden
»MEI-test-set/MEI/articulation/two-parts-articulation.ly« wird verarbeitet
schwerer Fehler: gescheiterte Dateien: "-o"
»MEI-test-set/MEI/grace-notes/grace-notes.ly« wird verarbeitet
Warnung: Datei »-o« kann nicht gefunden werden
»MEI-test-set/MEI/grace-notes/grace-notes.ly« wird verarbeitet
schwerer Fehler: gescheiterte Dateien: "-o"
»MEI-test-set/MEI/grace-notes/fixed-slurs.ly« wird verarbeitet
MEI-test-set/MEI/grace-notes/fixed-slurs.ly:22:161: Fehler: syntax error, unexpected '}'
  << { \stemUp \grace d''8 e''4 \grace {c''16[ d''16]} e''8[ \grace f''8 g''8 \grace a''8]} e''8[ \grace b''8 f''16 \grace e''8 a''16 \grace a''16 b''16 c'''16]
                                                                                                                                                                } d'''4 } \\ { \stemDown \grace f'8 g'4 \grace {g'16[ f'16]} e'8[ \grace a'8 b'8 \grace e'8]} g'8[ \grace d'8 a'8] r4 } >> %1
MEI-test-set/MEI/grace-notes/fixed-slurs.ly:22:169: Fehler: syntax error, unexpected '}'
  << { \stemUp \grace d''8 e''4 \grace {c''16[ d''16]} e''8[ \grace f''8 g''8 \grace a''8]} e''8[ \grace b''8 f''16 \grace e''8 a''16 \grace a''16 b''16 c'''16]} d'''4 
                                                                                                                                                                        } \\ { \stemDown \grace f'8 g'4 \grace {g'16[ f'16]} e'8[ \grace a'8 b'8 \grace e'8]} g'8[ \grace d'8 a'8] r4 } >> %1
MEI-test-set/MEI/grace-notes/fixed-slurs.ly:22:279: Fehler: syntax error, unexpected '}'
  << { \stemUp \grace d''8 e''4 \grace {c''16[ d''16]} e''8[ \grace f''8 g''8 \grace a''8]} e''8[ \grace b''8 f''16 \grace e''8 a''16 \grace a''16 b''16 c'''16]} d'''4 } \\ { \stemDown \grace f'8 g'4 \grace {g'16[ f'16]} e'8[ \grace a'8 b'8 \grace e'8]} g'8[ \grace d'8 a'8] r4 
                                                                                                                                                                                                                                                                                      } >> %1
MEI-test-set/MEI/grace-notes/fixed-slurs.ly:27:10: Fehler: Fehler gefunden, musikalischer Ausdruck wird ignoriert
\score { 
         <<
Warnung: Datei »-o« kann nicht gefunden werden
»MEI-test-set/MEI/grace-notes/fixed-slurs.ly« wird verarbeitet
MEI-test-set/MEI/grace-notes/fixed-slurs.ly:22:161: Fehler: syntax error, unexpected '}'
  << { \stemUp \grace d''8 e''4 \grace {c''16[ d''16]} e''8[ \grace f''8 g''8 \grace a''8]} e''8[ \grace b''8 f''16 \grace e''8 a''16 \grace a''16 b''16 c'''16]
                                                                                                                                                                } d'''4 } \\ { \stemDown \grace f'8 g'4 \grace {g'16[ f'16]} e'8[ \grace a'8 b'8 \grace e'8]} g'8[ \grace d'8 a'8] r4 } >> %1
MEI-test-set/MEI/grace-notes/fixed-slurs.ly:22:169: Fehler: syntax error, unexpected '}'
  << { \stemUp \grace d''8 e''4 \grace {c''16[ d''16]} e''8[ \grace f''8 g''8 \grace a''8]} e''8[ \grace b''8 f''16 \grace e''8 a''16 \grace a''16 b''16 c'''16]} d'''4 
                                                                                                                                                                        } \\ { \stemDown \grace f'8 g'4 \grace {g'16[ f'16]} e'8[ \grace a'8 b'8 \grace e'8]} g'8[ \grace d'8 a'8] r4 } >> %1
MEI-test-set/MEI/grace-notes/fixed-slurs.ly:22:279: Fehler: syntax error, unexpected '}'
  << { \stemUp \grace d''8 e''4 \grace {c''16[ d''16]} e''8[ \grace f''8 g''8 \grace a''8]} e''8[ \grace b''8 f''16 \grace e''8 a''16 \grace a''16 b''16 c'''16]} d'''4 } \\ { \stemDown \grace f'8 g'4 \grace {g'16[ f'16]} e'8[ \grace a'8 b'8 \grace e'8]} g'8[ \grace d'8 a'8] r4 
                                                                                                                                                                                                                                                                                      } >> %1
MEI-test-set/MEI/grace-notes/fixed-slurs.ly:27:10: Fehler: Fehler gefunden, musikalischer Ausdruck wird ignoriert
\score { 
         <<
schwerer Fehler: gescheiterte Dateien: "MEI-test-set/MEI/grace-notes/fixed-slurs -o MEI-test-set/MEI/grace-notes/fixed-slurs.ly"
»MEI-test-set/MEI/grace-notes/grace-notes.ly« wird verarbeitet
Warnung: Datei »-o« kann nicht gefunden werden
»MEI-test-set/MEI/grace-notes/grace-notes.ly« wird verarbeitet
schwerer Fehler: gescheiterte Dateien: "-o"
»MEI-test-set/MEI/grace-notes/fixed-slurs.ly« wird verarbeitet
MEI-test-set/MEI/grace-notes/fixed-slurs.ly:22:161: Fehler: syntax error, unexpected '}'
  << { \stemUp \grace d''8 e''4 \grace {c''16[ d''16]} e''8[ \grace f''8 g''8 \grace a''8]} e''8[ \grace b''8 f''16 \grace e''8 a''16 \grace a''16 b''16 c'''16]
                                                                                                                                                                } d'''4 } \\ { \stemDown \grace f'8 g'4 \grace {g'16[ f'16]} e'8[ \grace a'8 b'8 \grace e'8]} g'8[ \grace d'8 a'8] r4 } >> %1
MEI-test-set/MEI/grace-notes/fixed-slurs.ly:22:169: Fehler: syntax error, unexpected '}'
  << { \stemUp \grace d''8 e''4 \grace {c''16[ d''16]} e''8[ \grace f''8 g''8 \grace a''8]} e''8[ \grace b''8 f''16 \grace e''8 a''16 \grace a''16 b''16 c'''16]} d'''4 
                                                                                                                                                                        } \\ { \stemDown \grace f'8 g'4 \grace {g'16[ f'16]} e'8[ \grace a'8 b'8 \grace e'8]} g'8[ \grace d'8 a'8] r4 } >> %1
MEI-test-set/MEI/grace-notes/fixed-slurs.ly:22:279: Fehler: syntax error, unexpected '}'
  << { \stemUp \grace d''8 e''4 \grace {c''16[ d''16]} e''8[ \grace f''8 g''8 \grace a''8]} e''8[ \grace b''8 f''16 \grace e''8 a''16 \grace a''16 b''16 c'''16]} d'''4 } \\ { \stemDown \grace f'8 g'4 \grace {g'16[ f'16]} e'8[ \grace a'8 b'8 \grace e'8]} g'8[ \grace d'8 a'8] r4 
                                                                                                                                                                                                                                                                                      } >> %1
MEI-test-set/MEI/grace-notes/fixed-slurs.ly:27:10: Fehler: Fehler gefunden, musikalischer Ausdruck wird ignoriert
\score { 
         <<
Warnung: Datei »-o« kann nicht gefunden werden
»MEI-test-set/MEI/grace-notes/fixed-slurs.ly« wird verarbeitet
MEI-test-set/MEI/grace-notes/fixed-slurs.ly:22:161: Fehler: syntax error, unexpected '}'
  << { \stemUp \grace d''8 e''4 \grace {c''16[ d''16]} e''8[ \grace f''8 g''8 \grace a''8]} e''8[ \grace b''8 f''16 \grace e''8 a''16 \grace a''16 b''16 c'''16]
                                                                                                                                                                } d'''4 } \\ { \stemDown \grace f'8 g'4 \grace {g'16[ f'16]} e'8[ \grace a'8 b'8 \grace e'8]} g'8[ \grace d'8 a'8] r4 } >> %1
MEI-test-set/MEI/grace-notes/fixed-slurs.ly:22:169: Fehler: syntax error, unexpected '}'
  << { \stemUp \grace d''8 e''4 \grace {c''16[ d''16]} e''8[ \grace f''8 g''8 \grace a''8]} e''8[ \grace b''8 f''16 \grace e''8 a''16 \grace a''16 b''16 c'''16]} d'''4 
                                                                                                                                                                        } \\ { \stemDown \grace f'8 g'4 \grace {g'16[ f'16]} e'8[ \grace a'8 b'8 \grace e'8]} g'8[ \grace d'8 a'8] r4 } >> %1
MEI-test-set/MEI/grace-notes/fixed-slurs.ly:22:279: Fehler: syntax error, unexpected '}'
  << { \stemUp \grace d''8 e''4 \grace {c''16[ d''16]} e''8[ \grace f''8 g''8 \grace a''8]} e''8[ \grace b''8 f''16 \grace e''8 a''16 \grace a''16 b''16 c'''16]} d'''4 } \\ { \stemDown \grace f'8 g'4 \grace {g'16[ f'16]} e'8[ \grace a'8 b'8 \grace e'8]} g'8[ \grace d'8 a'8] r4 
                                                                                                                                                                                                                                                                                      } >> %1
MEI-test-set/MEI/grace-notes/fixed-slurs.ly:27:10: Fehler: Fehler gefunden, musikalischer Ausdruck wird ignoriert
\score { 
         <<
schwerer Fehler: gescheiterte Dateien: "MEI-test-set/MEI/grace-notes/fixed-slurs -o MEI-test-set/MEI/grace-notes/fixed-slurs.ly"
»MEI-test-set/MEI/grace-notes/grace-note-slurs.ly« wird verarbeitet
MEI-test-set/MEI/grace-notes/grace-note-slurs.ly:22:153: Fehler: syntax error, unexpected '}'
  << { \grace d''8 e''4 \grace {c''16[ d''16]} e''8[ \grace f''8 g''8 \grace a''8]} e''8[ \grace b''8 f''16 \grace e''8 a''16 \grace a''16 b''16 c'''16]
                                                                                                                                                        } d'''4 } \\ { \grace f'8 g'4 \grace {g'16[ f'16]} e'8[ \grace a'8 b'8 \grace e'8]} g'8[ \grace d'8 a'8] r4 } >> %1
MEI-test-set/MEI/grace-notes/grace-note-slurs.ly:22:161: Fehler: syntax error, unexpected '}'
  << { \grace d''8 e''4 \grace {c''16[ d''16]} e''8[ \grace f''8 g''8 \grace a''8]} e''8[ \grace b''8 f''16 \grace e''8 a''16 \grace a''16 b''16 c'''16]} d'''4 
                                                                                                                                                                } \\ { \grace f'8 g'4 \grace {g'16[ f'16]} e'8[ \grace a'8 b'8 \grace e'8]} g'8[ \grace d'8 a'8] r4 } >> %1
MEI-test-set/MEI/grace-notes/grace-note-slurs.ly:22:261: Fehler: syntax error, unexpected '}'
  << { \grace d''8 e''4 \grace {c''16[ d''16]} e''8[ \grace f''8 g''8 \grace a''8]} e''8[ \grace b''8 f''16 \grace e''8 a''16 \grace a''16 b''16 c'''16]} d'''4 } \\ { \grace f'8 g'4 \grace {g'16[ f'16]} e'8[ \grace a'8 b'8 \grace e'8]} g'8[ \grace d'8 a'8] r4 
                                                                                                                                                                                                                                                                    } >> %1
MEI-test-set/MEI/grace-notes/grace-note-slurs.ly:27:10: Fehler: Fehler gefunden, musikalischer Ausdruck wird ignoriert
\score { 
         <<
Warnung: Datei »-o« kann nicht gefunden werden
»MEI-test-set/MEI/grace-notes/grace-note-slurs.ly« wird verarbeitet
MEI-test-set/MEI/grace-notes/grace-note-slurs.ly:22:153: Fehler: syntax error, unexpected '}'
  << { \grace d''8 e''4 \grace {c''16[ d''16]} e''8[ \grace f''8 g''8 \grace a''8]} e''8[ \grace b''8 f''16 \grace e''8 a''16 \grace a''16 b''16 c'''16]
                                                                                                                                                        } d'''4 } \\ { \grace f'8 g'4 \grace {g'16[ f'16]} e'8[ \grace a'8 b'8 \grace e'8]} g'8[ \grace d'8 a'8] r4 } >> %1
MEI-test-set/MEI/grace-notes/grace-note-slurs.ly:22:161: Fehler: syntax error, unexpected '}'
  << { \grace d''8 e''4 \grace {c''16[ d''16]} e''8[ \grace f''8 g''8 \grace a''8]} e''8[ \grace b''8 f''16 \grace e''8 a''16 \grace a''16 b''16 c'''16]} d'''4 
                                                                                                                                                                } \\ { \grace f'8 g'4 \grace {g'16[ f'16]} e'8[ \grace a'8 b'8 \grace e'8]} g'8[ \grace d'8 a'8] r4 } >> %1
MEI-test-set/MEI/grace-notes/grace-note-slurs.ly:22:261: Fehler: syntax error, unexpected '}'
  << { \grace d''8 e''4 \grace {c''16[ d''16]} e''8[ \grace f''8 g''8 \grace a''8]} e''8[ \grace b''8 f''16 \grace e''8 a''16 \grace a''16 b''16 c'''16]} d'''4 } \\ { \grace f'8 g'4 \grace {g'16[ f'16]} e'8[ \grace a'8 b'8 \grace e'8]} g'8[ \grace d'8 a'8] r4 
                                                                                                                                                                                                                                                                    } >> %1
MEI-test-set/MEI/grace-notes/grace-note-slurs.ly:27:10: Fehler: Fehler gefunden, musikalischer Ausdruck wird ignoriert
\score { 
         <<
schwerer Fehler: gescheiterte Dateien: "MEI-test-set/MEI/grace-notes/grace-note-slurs -o MEI-test-set/MEI/grace-notes/grace-note-slurs.ly"
»MEI-test-set/MEI/grace-notes/artic-on-grace-notes.ly« wird verarbeitet
Warnung: Datei »-o« kann nicht gefunden werden
»MEI-test-set/MEI/grace-notes/artic-on-grace-notes.ly« wird verarbeitet
schwerer Fehler: gescheiterte Dateien: "-o"
»MEI-test-set/MEI/grace-notes/grace-notes.ly« wird verarbeitet
Warnung: Datei »-o« kann nicht gefunden werden
Warnung: Datei »MEI-test-set/MEI/grace-notes« kann nicht gefunden werden
schwerer Fehler: gescheiterte Dateien: "MEI-test-set/MEI/grace-notes -o"
»MEI-test-set/MEI/grace-notes/fixed-slurs.ly« wird verarbeitet
MEI-test-set/MEI/grace-notes/fixed-slurs.ly:22:161: Fehler: syntax error, unexpected '}'
  << { \stemUp \grace d''8 e''4 \grace {c''16[ d''16]} e''8[ \grace f''8 g''8 \grace a''8]} e''8[ \grace b''8 f''16 \grace e''8 a''16 \grace a''16 b''16 c'''16]
                                                                                                                                                                } d'''4 } \\ { \stemDown \grace f'8 g'4 \grace {g'16[ f'16]} e'8[ \grace a'8 b'8 \grace e'8]} g'8[ \grace d'8 a'8] r4 } >> %1
MEI-test-set/MEI/grace-notes/fixed-slurs.ly:22:169: Fehler: syntax error, unexpected '}'
  << { \stemUp \grace d''8 e''4 \grace {c''16[ d''16]} e''8[ \grace f''8 g''8 \grace a''8]} e''8[ \grace b''8 f''16 \grace e''8 a''16 \grace a''16 b''16 c'''16]} d'''4 
                                                                                                                                                                        } \\ { \stemDown \grace f'8 g'4 \grace {g'16[ f'16]} e'8[ \grace a'8 b'8 \grace e'8]} g'8[ \grace d'8 a'8] r4 } >> %1
MEI-test-set/MEI/grace-notes/fixed-slurs.ly:22:279: Fehler: syntax error, unexpected '}'
  << { \stemUp \grace d''8 e''4 \grace {c''16[ d''16]} e''8[ \grace f''8 g''8 \grace a''8]} e''8[ \grace b''8 f''16 \grace e''8 a''16 \grace a''16 b''16 c'''16]} d'''4 } \\ { \stemDown \grace f'8 g'4 \grace {g'16[ f'16]} e'8[ \grace a'8 b'8 \grace e'8]} g'8[ \grace d'8 a'8] r4 
                                                                                                                                                                                                                                                                                      } >> %1
MEI-test-set/MEI/grace-notes/fixed-slurs.ly:27:10: Fehler: Fehler gefunden, musikalischer Ausdruck wird ignoriert
\score { 
         <<
Warnung: Datei »-o« kann nicht gefunden werden
Warnung: Datei »MEI-test-set/MEI/grace-notes« kann nicht gefunden werden
schwerer Fehler: gescheiterte Dateien: "MEI-test-set/MEI/grace-notes -o MEI-test-set/MEI/grace-notes/fixed-slurs.ly"
»MEI-test-set/MEI/grace-notes/grace-note-slurs.ly« wird verarbeitet
MEI-test-set/MEI/grace-notes/grace-note-slurs.ly:22:153: Fehler: syntax error, unexpected '}'
  << { \grace d''8 e''4 \grace {c''16[ d''16]} e''8[ \grace f''8 g''8 \grace a''8]} e''8[ \grace b''8 f''16 \grace e''8 a''16 \grace a''16 b''16 c'''16]
                                                                                                                                                        } d'''4 } \\ { \grace f'8 g'4 \grace {g'16[ f'16]} e'8[ \grace a'8 b'8 \grace e'8]} g'8[ \grace d'8 a'8] r4 } >> %1
MEI-test-set/MEI/grace-notes/grace-note-slurs.ly:22:161: Fehler: syntax error, unexpected '}'
  << { \grace d''8 e''4 \grace {c''16[ d''16]} e''8[ \grace f''8 g''8 \grace a''8]} e''8[ \grace b''8 f''16 \grace e''8 a''16 \grace a''16 b''16 c'''16]} d'''4 
                                                                                                                                                                } \\ { \grace f'8 g'4 \grace {g'16[ f'16]} e'8[ \grace a'8 b'8 \grace e'8]} g'8[ \grace d'8 a'8] r4 } >> %1
MEI-test-set/MEI/grace-notes/grace-note-slurs.ly:22:261: Fehler: syntax error, unexpected '}'
  << { \grace d''8 e''4 \grace {c''16[ d''16]} e''8[ \grace f''8 g''8 \grace a''8]} e''8[ \grace b''8 f''16 \grace e''8 a''16 \grace a''16 b''16 c'''16]} d'''4 } \\ { \grace f'8 g'4 \grace {g'16[ f'16]} e'8[ \grace a'8 b'8 \grace e'8]} g'8[ \grace d'8 a'8] r4 
                                                                                                                                                                                                                                                                    } >> %1
MEI-test-set/MEI/grace-notes/grace-note-slurs.ly:27:10: Fehler: Fehler gefunden, musikalischer Ausdruck wird ignoriert
\score { 
         <<
Warnung: Datei »-o« kann nicht gefunden werden
Warnung: Datei »MEI-test-set/MEI/grace-notes« kann nicht gefunden werden
schwerer Fehler: gescheiterte Dateien: "MEI-test-set/MEI/grace-notes -o MEI-test-set/MEI/grace-notes/grace-note-slurs.ly"
»MEI-test-set/MEI/grace-notes/artic-on-grace-notes.ly« wird verarbeitet
Warnung: Datei »-o« kann nicht gefunden werden
Warnung: Datei »MEI-test-set/MEI/grace-notes« kann nicht gefunden werden
schwerer Fehler: gescheiterte Dateien: "MEI-test-set/MEI/grace-notes -o"
»MEI-test-set/MEI/grace-notes/more-articulation.ly« wird verarbeitet
Warnung: Datei »-o« kann nicht gefunden werden
Warnung: Datei »MEI-test-set/MEI/grace-notes« kann nicht gefunden werden
schwerer Fehler: gescheiterte Dateien: "MEI-test-set/MEI/grace-notes -o"
»MEI-test-set/MEI/grace-notes/slur-placement.ly« wird verarbeitet
MEI-test-set/MEI/grace-notes/slur-placement.ly:23:172: Fehler: syntax error, unexpected '}'
  << { \stemUp \grace g'8 \stemDown c''4. \stemDown d''!8[ \stemUp \grace a''16 \stemUp g''16 \stemUp f''16]} \stemDown e''8[ \stemDown d''8 \stemDown c''8 \stemDown b'8] 
                                                                                                                                                                           } >> %2
MEI-test-set/MEI/grace-notes/slur-placement.ly:24:171: Fehler: syntax error, unexpected '}'
  << { \stemUp \grace g'8 \stemDown c''4. \stemDown d''8[ \stemUp \grace a''16 \stemUp g''16 \stemUp f''16]} \stemDown e''8[ \stemDown d''8 \stemDown c''8 \stemDown b'8] 
                                                                                                                                                                          } >> \bar "|." %3
MEI-test-set/MEI/grace-notes/slur-placement.ly:28:10: Fehler: Fehler gefunden, musikalischer Ausdruck wird ignoriert
\score { 
         <<
Warnung: Datei »-o« kann nicht gefunden werden
Warnung: Datei »MEI-test-set/MEI/grace-notes« kann nicht gefunden werden
schwerer Fehler: gescheiterte Dateien: "MEI-test-set/MEI/grace-notes -o MEI-test-set/MEI/grace-notes/slur-placement.ly"
»MEI-test-set/MEI/grace-notes/dynamic-placement.ly« wird verarbeitet
Warnung: Datei »-o« kann nicht gefunden werden
Warnung: Datei »MEI-test-set/MEI/grace-notes« kann nicht gefunden werden
schwerer Fehler: gescheiterte Dateien: "MEI-test-set/MEI/grace-notes -o"
»MEI-test-set/MEI/grace-notes/grace-notes.ly« wird verarbeitet
Kompilation erfolgreich beendet
»MEI-test-set/MEI/grace-notes/fixed-slurs.ly« wird verarbeitet
/home/rettinghaus/github/mei-test-set/MEI-test-set/MEI/grace-notes/fixed-slurs.ly:22:161: Fehler: syntax error, unexpected '}'
  << { \stemUp \grace d''8 e''4 \grace {c''16[ d''16]} e''8[ \grace f''8 g''8 \grace a''8]} e''8[ \grace b''8 f''16 \grace e''8 a''16 \grace a''16 b''16 c'''16]
                                                                                                                                                                } d'''4 } \\ { \stemDown \grace f'8 g'4 \grace {g'16[ f'16]} e'8[ \grace a'8 b'8 \grace e'8]} g'8[ \grace d'8 a'8] r4 } >> %1
/home/rettinghaus/github/mei-test-set/MEI-test-set/MEI/grace-notes/fixed-slurs.ly:22:169: Fehler: syntax error, unexpected '}'
  << { \stemUp \grace d''8 e''4 \grace {c''16[ d''16]} e''8[ \grace f''8 g''8 \grace a''8]} e''8[ \grace b''8 f''16 \grace e''8 a''16 \grace a''16 b''16 c'''16]} d'''4 
                                                                                                                                                                        } \\ { \stemDown \grace f'8 g'4 \grace {g'16[ f'16]} e'8[ \grace a'8 b'8 \grace e'8]} g'8[ \grace d'8 a'8] r4 } >> %1
/home/rettinghaus/github/mei-test-set/MEI-test-set/MEI/grace-notes/fixed-slurs.ly:22:279: Fehler: syntax error, unexpected '}'
  << { \stemUp \grace d''8 e''4 \grace {c''16[ d''16]} e''8[ \grace f''8 g''8 \grace a''8]} e''8[ \grace b''8 f''16 \grace e''8 a''16 \grace a''16 b''16 c'''16]} d'''4 } \\ { \stemDown \grace f'8 g'4 \grace {g'16[ f'16]} e'8[ \grace a'8 b'8 \grace e'8]} g'8[ \grace d'8 a'8] r4 
                                                                                                                                                                                                                                                                                      } >> %1
/home/rettinghaus/github/mei-test-set/MEI-test-set/MEI/grace-notes/fixed-slurs.ly:27:10: Fehler: Fehler gefunden, musikalischer Ausdruck wird ignoriert
\score { 
         <<
schwerer Fehler: gescheiterte Dateien: "MEI-test-set/MEI/grace-notes/fixed-slurs.ly"
»MEI-test-set/MEI/grace-notes/grace-note-slurs.ly« wird verarbeitet
/home/rettinghaus/github/mei-test-set/MEI-test-set/MEI/grace-notes/grace-note-slurs.ly:22:153: Fehler: syntax error, unexpected '}'
  << { \grace d''8 e''4 \grace {c''16[ d''16]} e''8[ \grace f''8 g''8 \grace a''8]} e''8[ \grace b''8 f''16 \grace e''8 a''16 \grace a''16 b''16 c'''16]
                                                                                                                                                        } d'''4 } \\ { \grace f'8 g'4 \grace {g'16[ f'16]} e'8[ \grace a'8 b'8 \grace e'8]} g'8[ \grace d'8 a'8] r4 } >> %1
/home/rettinghaus/github/mei-test-set/MEI-test-set/MEI/grace-notes/grace-note-slurs.ly:22:161: Fehler: syntax error, unexpected '}'
  << { \grace d''8 e''4 \grace {c''16[ d''16]} e''8[ \grace f''8 g''8 \grace a''8]} e''8[ \grace b''8 f''16 \grace e''8 a''16 \grace a''16 b''16 c'''16]} d'''4 
                                                                                                                                                                } \\ { \grace f'8 g'4 \grace {g'16[ f'16]} e'8[ \grace a'8 b'8 \grace e'8]} g'8[ \grace d'8 a'8] r4 } >> %1
/home/rettinghaus/github/mei-test-set/MEI-test-set/MEI/grace-notes/grace-note-slurs.ly:22:261: Fehler: syntax error, unexpected '}'
  << { \grace d''8 e''4 \grace {c''16[ d''16]} e''8[ \grace f''8 g''8 \grace a''8]} e''8[ \grace b''8 f''16 \grace e''8 a''16 \grace a''16 b''16 c'''16]} d'''4 } \\ { \grace f'8 g'4 \grace {g'16[ f'16]} e'8[ \grace a'8 b'8 \grace e'8]} g'8[ \grace d'8 a'8] r4 
                                                                                                                                                                                                                                                                    } >> %1
/home/rettinghaus/github/mei-test-set/MEI-test-set/MEI/grace-notes/grace-note-slurs.ly:27:10: Fehler: Fehler gefunden, musikalischer Ausdruck wird ignoriert
\score { 
         <<
schwerer Fehler: gescheiterte Dateien: "MEI-test-set/MEI/grace-notes/grace-note-slurs.ly"
»MEI-test-set/MEI/grace-notes/artic-on-grace-notes.ly« wird verarbeitet
Kompilation erfolgreich beendet
»MEI-test-set/MEI/grace-notes/more-articulation.ly« wird verarbeitet
Kompilation erfolgreich beendet
»MEI-test-set/MEI/grace-notes/slur-placement.ly« wird verarbeitet
/home/rettinghaus/github/mei-test-set/MEI-test-set/MEI/grace-notes/slur-placement.ly:23:172: Fehler: syntax error, unexpected '}'
  << { \stemUp \grace g'8 \stemDown c''4. \stemDown d''!8[ \stemUp \grace a''16 \stemUp g''16 \stemUp f''16]} \stemDown e''8[ \stemDown d''8 \stemDown c''8 \stemDown b'8] 
                                                                                                                                                                           } >> %2
/home/rettinghaus/github/mei-test-set/MEI-test-set/MEI/grace-notes/slur-placement.ly:24:171: Fehler: syntax error, unexpected '}'
  << { \stemUp \grace g'8 \stemDown c''4. \stemDown d''8[ \stemUp \grace a''16 \stemUp g''16 \stemUp f''16]} \stemDown e''8[ \stemDown d''8 \stemDown c''8 \stemDown b'8] 
                                                                                                                                                                          } >> \bar "|." %3
/home/rettinghaus/github/mei-test-set/MEI-test-set/MEI/grace-notes/slur-placement.ly:28:10: Fehler: Fehler gefunden, musikalischer Ausdruck wird ignoriert
\score { 
         <<
schwerer Fehler: gescheiterte Dateien: "MEI-test-set/MEI/grace-notes/slur-placement.ly"
»MEI-test-set/MEI/grace-notes/dynamic-placement.ly« wird verarbeitet
Kompilation erfolgreich beendet
»MEI-test-set/MEI/grace-notes/two-parts-aligned.ly« wird verarbeitet
/home/rettinghaus/github/mei-test-set/MEI-test-set/MEI/grace-notes/two-parts-aligned.ly:22:127: Warnung: Keine funktionsfähige Anfangskonfiguration gefunden: Es kann evtl. keine optimale Balkenneigung gefunden werden
  << { \stemUp \grace g'16 a'16 b'16 \stemDown c''8[ \stemDown g'8 \stemDown d''8 \stemDown b'8] \stemDown d''4 \stemDown b''8
                                                                                                                              [ \stemUp \grace a''16 \stemUp g''16 \stemUp f''16 \stemUp e''16 \stemDown g''8] } >> \bar "|." %1
/home/rettinghaus/github/mei-test-set/MEI-test-set/MEI/grace-notes/two-parts-aligned.ly:22:158: Warnung: Eigenartige Notenhalslänge; auf enge Balken überprüfen
  << { \stemUp \grace g'16 a'16 b'16 \stemDown c''8[ \stemDown g'8 \stemDown d''8 \stemDown b'8] \stemDown d''4 \stemDown b''8[ \stemUp \grace a''16 \stemUp 
                                                                                                                                                             g''16 \stemUp f''16 \stemUp e''16 \stemDown g''8] } >> \bar "|." %1
/home/rettinghaus/github/mei-test-set/MEI-test-set/MEI/grace-notes/two-parts-aligned.ly:22:172: Warnung: Eigenartige Notenhalslänge; auf enge Balken überprüfen
  << { \stemUp \grace g'16 a'16 b'16 \stemDown c''8[ \stemDown g'8 \stemDown d''8 \stemDown b'8] \stemDown d''4 \stemDown b''8[ \stemUp \grace a''16 \stemUp g''16 \stemUp 
                                                                                                                                                                           f''16 \stemUp e''16 \stemDown g''8] } >> \bar "|." %1
/home/rettinghaus/github/mei-test-set/MEI-test-set/MEI/grace-notes/two-parts-aligned.ly:22:186: Warnung: Eigenartige Notenhalslänge; auf enge Balken überprüfen
  << { \stemUp \grace g'16 a'16 b'16 \stemDown c''8[ \stemDown g'8 \stemDown d''8 \stemDown b'8] \stemDown d''4 \stemDown b''8[ \stemUp \grace a''16 \stemUp g''16 \stemUp f''16 \stemUp 
                                                                                                                                                                                         e''16 \stemDown g''8] } >> \bar "|." %1
Warnung: Kasten mit negativen Ausmaßen wird nicht gezeichnet, 0.13 mal -0.23.
Warnung: Kasten mit negativen Ausmaßen wird nicht gezeichnet, 0.13 mal -0.24.
Warnung: Kasten mit negativen Ausmaßen wird nicht gezeichnet, 0.13 mal -0.24.
Kompilation erfolgreich beendet
»MEI-test-set/MEI/grace-notes/two-voice-grace-notes.ly« wird verarbeitet
Kompilation erfolgreich beendet
»MEI-test-set/MEI/articulation/multiple-articulations.ly« wird verarbeitet
Kompilation erfolgreich beendet
»MEI-test-set/MEI/articulation/two-parts-articulation.ly« wird verarbeitet
Kompilation erfolgreich beendet
»MEI-test-set/MEI/articulation/multiple-dots.ly« wird verarbeitet
Kompilation erfolgreich beendet
»MEI-test-set/MEI/articulation/stacc-up-and-down.ly« wird verarbeitet
Kompilation erfolgreich beendet
»MEI-test-set/MEI/articulation/artic-with-slurs.ly« wird verarbeitet
/home/rettinghaus/github/mei-test-set/MEI-test-set/MEI/articulation/artic-with-slurs.ly:23:3: Warnung: mid-measure time signature without \partial
  
  \time 6/8 
Kompilation erfolgreich beendet
»MEI-test-set/MEI/articulation/ledger-lines.ly« wird verarbeitet
Kompilation erfolgreich beendet
»MEI-test-set/MEI/articulation/repeated-articulation.ly« wird verarbeitet
Kompilation erfolgreich beendet
»MEI-test-set/MEI/articulation/articulations.ly« wird verarbeitet
Kompilation erfolgreich beendet
»MEI-test-set/MEI/articulation/artic-on-whole.ly« wird verarbeitet
Kompilation erfolgreich beendet
»MEI-test-set/MEI/articulation/accents-up-and-down.ly« wird verarbeitet
Kompilation erfolgreich beendet
»MEI-test-set/MEI/articulation/dotted-and-staccato.ly« wird verarbeitet
Kompilation erfolgreich beendet
»MEI-test-set/MEI/articulation/staccato-simile.ly« wird verarbeitet
Kompilation erfolgreich beendet
»MEI-test-set/MEI/grace-notes/grace-notes.ly« wird verarbeitet
Kompilation erfolgreich beendet
»MEI-test-set/MEI/grace-notes/fixed-slurs.ly« wird verarbeitet
/home/rettinghaus/github/mei-test-set/MEI-test-set/MEI/grace-notes/fixed-slurs.ly:22:161: Fehler: syntax error, unexpected '}'
  << { \stemUp \grace d''8 e''4 \grace {c''16[ d''16]} e''8[ \grace f''8 g''8 \grace a''8]} e''8[ \grace b''8 f''16 \grace e''8 a''16 \grace a''16 b''16 c'''16]
                                                                                                                                                                } d'''4 } \\ { \stemDown \grace f'8 g'4 \grace {g'16[ f'16]} e'8[ \grace a'8 b'8 \grace e'8]} g'8[ \grace d'8 a'8] r4 } >> %1
/home/rettinghaus/github/mei-test-set/MEI-test-set/MEI/grace-notes/fixed-slurs.ly:22:169: Fehler: syntax error, unexpected '}'
  << { \stemUp \grace d''8 e''4 \grace {c''16[ d''16]} e''8[ \grace f''8 g''8 \grace a''8]} e''8[ \grace b''8 f''16 \grace e''8 a''16 \grace a''16 b''16 c'''16]} d'''4 
                                                                                                                                                                        } \\ { \stemDown \grace f'8 g'4 \grace {g'16[ f'16]} e'8[ \grace a'8 b'8 \grace e'8]} g'8[ \grace d'8 a'8] r4 } >> %1
/home/rettinghaus/github/mei-test-set/MEI-test-set/MEI/grace-notes/fixed-slurs.ly:22:279: Fehler: syntax error, unexpected '}'
  << { \stemUp \grace d''8 e''4 \grace {c''16[ d''16]} e''8[ \grace f''8 g''8 \grace a''8]} e''8[ \grace b''8 f''16 \grace e''8 a''16 \grace a''16 b''16 c'''16]} d'''4 } \\ { \stemDown \grace f'8 g'4 \grace {g'16[ f'16]} e'8[ \grace a'8 b'8 \grace e'8]} g'8[ \grace d'8 a'8] r4 
                                                                                                                                                                                                                                                                                      } >> %1
/home/rettinghaus/github/mei-test-set/MEI-test-set/MEI/grace-notes/fixed-slurs.ly:27:10: Fehler: Fehler gefunden, musikalischer Ausdruck wird ignoriert
\score { 
         <<
schwerer Fehler: gescheiterte Dateien: "MEI-test-set/MEI/grace-notes/fixed-slurs.ly"
»MEI-test-set/MEI/grace-notes/grace-note-slurs.ly« wird verarbeitet
/home/rettinghaus/github/mei-test-set/MEI-test-set/MEI/grace-notes/grace-note-slurs.ly:22:153: Fehler: syntax error, unexpected '}'
  << { \grace d''8 e''4 \grace {c''16[ d''16]} e''8[ \grace f''8 g''8 \grace a''8]} e''8[ \grace b''8 f''16 \grace e''8 a''16 \grace a''16 b''16 c'''16]
                                                                                                                                                        } d'''4 } \\ { \grace f'8 g'4 \grace {g'16[ f'16]} e'8[ \grace a'8 b'8 \grace e'8]} g'8[ \grace d'8 a'8] r4 } >> %1
/home/rettinghaus/github/mei-test-set/MEI-test-set/MEI/grace-notes/grace-note-slurs.ly:22:161: Fehler: syntax error, unexpected '}'
  << { \grace d''8 e''4 \grace {c''16[ d''16]} e''8[ \grace f''8 g''8 \grace a''8]} e''8[ \grace b''8 f''16 \grace e''8 a''16 \grace a''16 b''16 c'''16]} d'''4 
                                                                                                                                                                } \\ { \grace f'8 g'4 \grace {g'16[ f'16]} e'8[ \grace a'8 b'8 \grace e'8]} g'8[ \grace d'8 a'8] r4 } >> %1
/home/rettinghaus/github/mei-test-set/MEI-test-set/MEI/grace-notes/grace-note-slurs.ly:22:261: Fehler: syntax error, unexpected '}'
  << { \grace d''8 e''4 \grace {c''16[ d''16]} e''8[ \grace f''8 g''8 \grace a''8]} e''8[ \grace b''8 f''16 \grace e''8 a''16 \grace a''16 b''16 c'''16]} d'''4 } \\ { \grace f'8 g'4 \grace {g'16[ f'16]} e'8[ \grace a'8 b'8 \grace e'8]} g'8[ \grace d'8 a'8] r4 
                                                                                                                                                                                                                                                                    } >> %1
/home/rettinghaus/github/mei-test-set/MEI-test-set/MEI/grace-notes/grace-note-slurs.ly:27:10: Fehler: Fehler gefunden, musikalischer Ausdruck wird ignoriert
\score { 
         <<
schwerer Fehler: gescheiterte Dateien: "MEI-test-set/MEI/grace-notes/grace-note-slurs.ly"
»MEI-test-set/MEI/grace-notes/artic-on-grace-notes.ly« wird verarbeitet
Kompilation erfolgreich beendet
»MEI-test-set/MEI/grace-notes/more-articulation.ly« wird verarbeitet
Kompilation erfolgreich beendet
»MEI-test-set/MEI/grace-notes/slur-placement.ly« wird verarbeitet
/home/rettinghaus/github/mei-test-set/MEI-test-set/MEI/grace-notes/slur-placement.ly:23:172: Fehler: syntax error, unexpected '}'
  << { \stemUp \grace g'8 \stemDown c''4. \stemDown d''!8[ \stemUp \grace a''16 \stemUp g''16 \stemUp f''16]} \stemDown e''8[ \stemDown d''8 \stemDown c''8 \stemDown b'8] 
                                                                                                                                                                           } >> %2
/home/rettinghaus/github/mei-test-set/MEI-test-set/MEI/grace-notes/slur-placement.ly:24:171: Fehler: syntax error, unexpected '}'
  << { \stemUp \grace g'8 \stemDown c''4. \stemDown d''8[ \stemUp \grace a''16 \stemUp g''16 \stemUp f''16]} \stemDown e''8[ \stemDown d''8 \stemDown c''8 \stemDown b'8] 
                                                                                                                                                                          } >> \bar "|." %3
/home/rettinghaus/github/mei-test-set/MEI-test-set/MEI/grace-notes/slur-placement.ly:28:10: Fehler: Fehler gefunden, musikalischer Ausdruck wird ignoriert
\score { 
         <<
schwerer Fehler: gescheiterte Dateien: "MEI-test-set/MEI/grace-notes/slur-placement.ly"
»MEI-test-set/MEI/grace-notes/dynamic-placement.ly« wird verarbeitet
Kompilation erfolgreich beendet
»MEI-test-set/MEI/grace-notes/two-parts-aligned.ly« wird verarbeitet
/home/rettinghaus/github/mei-test-set/MEI-test-set/MEI/grace-notes/two-parts-aligned.ly:22:127: Warnung: Keine funktionsfähige Anfangskonfiguration gefunden: Es kann evtl. keine optimale Balkenneigung gefunden werden
  << { \stemUp \grace g'16 a'16 b'16 \stemDown c''8[ \stemDown g'8 \stemDown d''8 \stemDown b'8] \stemDown d''4 \stemDown b''8
                                                                                                                              [ \stemUp \grace a''16 \stemUp g''16 \stemUp f''16 \stemUp e''16 \stemDown g''8] } >> \bar "|." %1
/home/rettinghaus/github/mei-test-set/MEI-test-set/MEI/grace-notes/two-parts-aligned.ly:22:158: Warnung: Eigenartige Notenhalslänge; auf enge Balken überprüfen
  << { \stemUp \grace g'16 a'16 b'16 \stemDown c''8[ \stemDown g'8 \stemDown d''8 \stemDown b'8] \stemDown d''4 \stemDown b''8[ \stemUp \grace a''16 \stemUp 
                                                                                                                                                             g''16 \stemUp f''16 \stemUp e''16 \stemDown g''8] } >> \bar "|." %1
/home/rettinghaus/github/mei-test-set/MEI-test-set/MEI/grace-notes/two-parts-aligned.ly:22:172: Warnung: Eigenartige Notenhalslänge; auf enge Balken überprüfen
  << { \stemUp \grace g'16 a'16 b'16 \stemDown c''8[ \stemDown g'8 \stemDown d''8 \stemDown b'8] \stemDown d''4 \stemDown b''8[ \stemUp \grace a''16 \stemUp g''16 \stemUp 
                                                                                                                                                                           f''16 \stemUp e''16 \stemDown g''8] } >> \bar "|." %1
/home/rettinghaus/github/mei-test-set/MEI-test-set/MEI/grace-notes/two-parts-aligned.ly:22:186: Warnung: Eigenartige Notenhalslänge; auf enge Balken überprüfen
  << { \stemUp \grace g'16 a'16 b'16 \stemDown c''8[ \stemDown g'8 \stemDown d''8 \stemDown b'8] \stemDown d''4 \stemDown b''8[ \stemUp \grace a''16 \stemUp g''16 \stemUp f''16 \stemUp 
                                                                                                                                                                                         e''16 \stemDown g''8] } >> \bar "|." %1
Warnung: Kasten mit negativen Ausmaßen wird nicht gezeichnet, 0.13 mal -0.23.
Warnung: Kasten mit negativen Ausmaßen wird nicht gezeichnet, 0.13 mal -0.24.
Warnung: Kasten mit negativen Ausmaßen wird nicht gezeichnet, 0.13 mal -0.24.
Kompilation erfolgreich beendet
»MEI-test-set/MEI/grace-notes/two-voice-grace-notes.ly« wird verarbeitet
Kompilation erfolgreich beendet
»MEI-test-set/MEI/articulation/multiple-articulations.ly« wird verarbeitet
Kompilation erfolgreich beendet
»MEI-test-set/MEI/grace-notes/grace-notes.ly« wird verarbeitet
Kompilation erfolgreich beendet
»MEI-test-set/MEI/grace-notes/fixed-slurs.ly« wird verarbeitet
/home/rettinghaus/github/mei-test-set/MEI-test-set/MEI/grace-notes/fixed-slurs.ly:22:161: Fehler: syntax error, unexpected '}'
  << { \stemUp \grace d''8 e''4 \grace {c''16[ d''16]} e''8[ \grace f''8 g''8 \grace a''8]} e''8[ \grace b''8 f''16 \grace e''8 a''16 \grace a''16 b''16 c'''16]
                                                                                                                                                                } d'''4 } \\ { \stemDown \grace f'8 g'4 \grace {g'16[ f'16]} e'8[ \grace a'8 b'8 \grace e'8]} g'8[ \grace d'8 a'8] r4 } >> %1
/home/rettinghaus/github/mei-test-set/MEI-test-set/MEI/grace-notes/fixed-slurs.ly:22:169: Fehler: syntax error, unexpected '}'
  << { \stemUp \grace d''8 e''4 \grace {c''16[ d''16]} e''8[ \grace f''8 g''8 \grace a''8]} e''8[ \grace b''8 f''16 \grace e''8 a''16 \grace a''16 b''16 c'''16]} d'''4 
                                                                                                                                                                        } \\ { \stemDown \grace f'8 g'4 \grace {g'16[ f'16]} e'8[ \grace a'8 b'8 \grace e'8]} g'8[ \grace d'8 a'8] r4 } >> %1
/home/rettinghaus/github/mei-test-set/MEI-test-set/MEI/grace-notes/fixed-slurs.ly:22:279: Fehler: syntax error, unexpected '}'
  << { \stemUp \grace d''8 e''4 \grace {c''16[ d''16]} e''8[ \grace f''8 g''8 \grace a''8]} e''8[ \grace b''8 f''16 \grace e''8 a''16 \grace a''16 b''16 c'''16]} d'''4 } \\ { \stemDown \grace f'8 g'4 \grace {g'16[ f'16]} e'8[ \grace a'8 b'8 \grace e'8]} g'8[ \grace d'8 a'8] r4 
                                                                                                                                                                                                                                                                                      } >> %1
/home/rettinghaus/github/mei-test-set/MEI-test-set/MEI/grace-notes/fixed-slurs.ly:27:10: Fehler: Fehler gefunden, musikalischer Ausdruck wird ignoriert
\score { 
         <<
schwerer Fehler: gescheiterte Dateien: "MEI-test-set/MEI/grace-notes/fixed-slurs.ly"
»MEI-test-set/MEI/grace-notes/over-bar.ly« wird verarbeitet
Kompilation erfolgreich beendet
»MEI-test-set/MEI/grace-notes/grace-note-slurs.ly« wird verarbeitet
/home/rettinghaus/github/mei-test-set/MEI-test-set/MEI/grace-notes/grace-note-slurs.ly:22:153: Fehler: syntax error, unexpected '}'
  << { \grace d''8 e''4 \grace {c''16[ d''16]} e''8[ \grace f''8 g''8 \grace a''8]} e''8[ \grace b''8 f''16 \grace e''8 a''16 \grace a''16 b''16 c'''16]
                                                                                                                                                        } d'''4 } \\ { \grace f'8 g'4 \grace {g'16[ f'16]} e'8[ \grace a'8 b'8 \grace e'8]} g'8[ \grace d'8 a'8] r4 } >> %1
/home/rettinghaus/github/mei-test-set/MEI-test-set/MEI/grace-notes/grace-note-slurs.ly:22:161: Fehler: syntax error, unexpected '}'
  << { \grace d''8 e''4 \grace {c''16[ d''16]} e''8[ \grace f''8 g''8 \grace a''8]} e''8[ \grace b''8 f''16 \grace e''8 a''16 \grace a''16 b''16 c'''16]} d'''4 
                                                                                                                                                                } \\ { \grace f'8 g'4 \grace {g'16[ f'16]} e'8[ \grace a'8 b'8 \grace e'8]} g'8[ \grace d'8 a'8] r4 } >> %1
/home/rettinghaus/github/mei-test-set/MEI-test-set/MEI/grace-notes/grace-note-slurs.ly:22:261: Fehler: syntax error, unexpected '}'
  << { \grace d''8 e''4 \grace {c''16[ d''16]} e''8[ \grace f''8 g''8 \grace a''8]} e''8[ \grace b''8 f''16 \grace e''8 a''16 \grace a''16 b''16 c'''16]} d'''4 } \\ { \grace f'8 g'4 \grace {g'16[ f'16]} e'8[ \grace a'8 b'8 \grace e'8]} g'8[ \grace d'8 a'8] r4 
                                                                                                                                                                                                                                                                    } >> %1
/home/rettinghaus/github/mei-test-set/MEI-test-set/MEI/grace-notes/grace-note-slurs.ly:27:10: Fehler: Fehler gefunden, musikalischer Ausdruck wird ignoriert
\score { 
         <<
schwerer Fehler: gescheiterte Dateien: "MEI-test-set/MEI/grace-notes/grace-note-slurs.ly"
»MEI-test-set/MEI/grace-notes/artic-on-grace-notes.ly« wird verarbeitet
Kompilation erfolgreich beendet
»MEI-test-set/MEI/grace-notes/more-articulation.ly« wird verarbeitet
Kompilation erfolgreich beendet
»MEI-test-set/MEI/grace-notes/slur-placement.ly« wird verarbeitet
/home/rettinghaus/github/mei-test-set/MEI-test-set/MEI/grace-notes/slur-placement.ly:23:172: Fehler: syntax error, unexpected '}'
  << { \stemUp \grace g'8 \stemDown c''4. \stemDown d''!8[ \stemUp \grace a''16 \stemUp g''16 \stemUp f''16]} \stemDown e''8[ \stemDown d''8 \stemDown c''8 \stemDown b'8] 
                                                                                                                                                                           } >> %2
/home/rettinghaus/github/mei-test-set/MEI-test-set/MEI/grace-notes/slur-placement.ly:24:171: Fehler: syntax error, unexpected '}'
  << { \stemUp \grace g'8 \stemDown c''4. \stemDown d''8[ \stemUp \grace a''16 \stemUp g''16 \stemUp f''16]} \stemDown e''8[ \stemDown d''8 \stemDown c''8 \stemDown b'8] 
                                                                                                                                                                          } >> \bar "|." %3
/home/rettinghaus/github/mei-test-set/MEI-test-set/MEI/grace-notes/slur-placement.ly:28:10: Fehler: Fehler gefunden, musikalischer Ausdruck wird ignoriert
\score { 
         <<
schwerer Fehler: gescheiterte Dateien: "MEI-test-set/MEI/grace-notes/slur-placement.ly"
»MEI-test-set/MEI/grace-notes/dynamic-placement.ly« wird verarbeitet
Kompilation erfolgreich beendet
»MEI-test-set/MEI/grace-notes/two-parts-aligned.ly« wird verarbeitet
/home/rettinghaus/github/mei-test-set/MEI-test-set/MEI/grace-notes/two-parts-aligned.ly:22:127: Warnung: Keine funktionsfähige Anfangskonfiguration gefunden: Es kann evtl. keine optimale Balkenneigung gefunden werden
  << { \stemUp \grace g'16 a'16 b'16 \stemDown c''8[ \stemDown g'8 \stemDown d''8 \stemDown b'8] \stemDown d''4 \stemDown b''8
                                                                                                                              [ \stemUp \grace a''16 \stemUp g''16 \stemUp f''16 \stemUp e''16 \stemDown g''8] } >> \bar "|." %1
/home/rettinghaus/github/mei-test-set/MEI-test-set/MEI/grace-notes/two-parts-aligned.ly:22:158: Warnung: Eigenartige Notenhalslänge; auf enge Balken überprüfen
  << { \stemUp \grace g'16 a'16 b'16 \stemDown c''8[ \stemDown g'8 \stemDown d''8 \stemDown b'8] \stemDown d''4 \stemDown b''8[ \stemUp \grace a''16 \stemUp 
                                                                                                                                                             g''16 \stemUp f''16 \stemUp e''16 \stemDown g''8] } >> \bar "|." %1
/home/rettinghaus/github/mei-test-set/MEI-test-set/MEI/grace-notes/two-parts-aligned.ly:22:172: Warnung: Eigenartige Notenhalslänge; auf enge Balken überprüfen
  << { \stemUp \grace g'16 a'16 b'16 \stemDown c''8[ \stemDown g'8 \stemDown d''8 \stemDown b'8] \stemDown d''4 \stemDown b''8[ \stemUp \grace a''16 \stemUp g''16 \stemUp 
                                                                                                                                                                           f''16 \stemUp e''16 \stemDown g''8] } >> \bar "|." %1
/home/rettinghaus/github/mei-test-set/MEI-test-set/MEI/grace-notes/two-parts-aligned.ly:22:186: Warnung: Eigenartige Notenhalslänge; auf enge Balken überprüfen
  << { \stemUp \grace g'16 a'16 b'16 \stemDown c''8[ \stemDown g'8 \stemDown d''8 \stemDown b'8] \stemDown d''4 \stemDown b''8[ \stemUp \grace a''16 \stemUp g''16 \stemUp f''16 \stemUp 
                                                                                                                                                                                         e''16 \stemDown g''8] } >> \bar "|." %1
Warnung: Kasten mit negativen Ausmaßen wird nicht gezeichnet, 0.13 mal -0.23.
Warnung: Kasten mit negativen Ausmaßen wird nicht gezeichnet, 0.13 mal -0.24.
Warnung: Kasten mit negativen Ausmaßen wird nicht gezeichnet, 0.13 mal -0.24.
Kompilation erfolgreich beendet
»MEI-test-set/MEI/grace-notes/two-voice-grace-notes.ly« wird verarbeitet
Kompilation erfolgreich beendet
»MEI-test-set/MEI/articulation/multiple-articulations.ly« wird verarbeitet
Kompilation erfolgreich beendet
»MEI-test-set/MEI/articulation/two-parts-articulation.ly« wird verarbeitet
Kompilation erfolgreich beendet
»MEI-test-set/MEI/articulation/multiple-dots.ly« wird verarbeitet
Kompilation erfolgreich beendet
»MEI-test-set/MEI/articulation/stacc-up-and-down.ly« wird verarbeitet
Kompilation erfolgreich beendet
»MEI-test-set/MEI/articulation/artic-with-slurs.ly« wird verarbeitet
/home/rettinghaus/github/mei-test-set/MEI-test-set/MEI/articulation/artic-with-slurs.ly:23:3: Warnung: mid-measure time signature without \partial
  
  \time 6/8 
Kompilation erfolgreich beendet
»MEI-test-set/MEI/articulation/ledger-lines.ly« wird verarbeitet
Kompilation erfolgreich beendet
»MEI-test-set/MEI/articulation/repeated-articulation.ly« wird verarbeitet
Kompilation erfolgreich beendet
»MEI-test-set/MEI/articulation/articulations.ly« wird verarbeitet
Kompilation erfolgreich beendet
»MEI-test-set/MEI/articulation/artic-on-whole.ly« wird verarbeitet
Kompilation erfolgreich beendet
»MEI-test-set/MEI/articulation/accents-up-and-down.ly« wird verarbeitet
Kompilation erfolgreich beendet
»MEI-test-set/MEI/articulation/dotted-and-staccato.ly« wird verarbeitet
Kompilation erfolgreich beendet
»MEI-test-set/MEI/articulation/staccato-simile.ly« wird verarbeitet
Kompilation erfolgreich beendet
»MEI-test-set/MEI/tuplets/alignment.ly« wird verarbeitet
Kompilation erfolgreich beendet
»MEI-test-set/MEI/tuplets/ratios-no-literal.ly« wird verarbeitet
/home/rettinghaus/github/mei-test-set/MEI-test-set/MEI/tuplets/ratios-no-literal.ly:25:3: Warnung: mid-measure time signature without \partial
  
  \time 7/8 
/home/rettinghaus/github/mei-test-set/MEI-test-set/MEI/tuplets/ratios-no-literal.ly:29:3: Warnung: mid-measure time signature without \partial
  
  \time 9/8 
Kompilation erfolgreich beendet
»MEI-test-set/MEI/tuplets/tuplets-articulation.ly« wird verarbeitet
Warnung: erzwungener Umbruch war durch anderes Ereignis aufgehoben, sollten Taktüberprüfungen vorgenommen werden?
Kompilation erfolgreich beendet
»MEI-test-set/MEI/tuplets/mixed-value.ly« wird verarbeitet
/home/rettinghaus/github/mei-test-set/MEI-test-set/MEI/tuplets/mixed-value.ly:23:3: Warnung: mid-measure time signature without \partial
  
  \time 2/4 
Kompilation erfolgreich beendet
»MEI-test-set/MEI/tuplets/bracket-placement.ly« wird verarbeitet
Warnung: erzwungener Umbruch war durch anderes Ereignis aufgehoben, sollten Taktüberprüfungen vorgenommen werden?
Warnung: erzwungener Umbruch war durch anderes Ereignis aufgehoben, sollten Taktüberprüfungen vorgenommen werden?
Kompilation erfolgreich beendet
»MEI-test-set/MEI/tuplets/tuplets-2.ly« wird verarbeitet
Kompilation erfolgreich beendet
»MEI-test-set/MEI/tuplets/tuplet-brackets.ly« wird verarbeitet
/home/rettinghaus/github/mei-test-set/MEI-test-set/MEI/tuplets/tuplet-brackets.ly:24:3: Warnung: mid-measure time signature without \partial
  
  \time 2/4 
Kompilation erfolgreich beendet
»MEI-test-set/MEI/tuplets/beamed-accentuation-2.ly« wird verarbeitet
Kompilation erfolgreich beendet
»MEI-test-set/MEI/tuplets/ratios.ly« wird verarbeitet
Kompilation erfolgreich beendet
»MEI-test-set/MEI/tuplets/note-value.ly« wird verarbeitet
Kompilation erfolgreich beendet
»MEI-test-set/MEI/tuplets/tuplets-articulation-2-parts.ly« wird verarbeitet
Kompilation erfolgreich beendet
»MEI-test-set/MEI/tuplets/tuplets.ly« wird verarbeitet
/home/rettinghaus/github/mei-test-set/MEI-test-set/MEI/tuplets/tuplets.ly:23:3: Warnung: mid-measure time signature without \partial
  
  \time 6/8 
/home/rettinghaus/github/mei-test-set/MEI-test-set/MEI/tuplets/tuplets.ly:25:31: Warnung: mid-measure time signature without \partial
  \once \numericTimeSignature 
                              \time 2/2 
/home/rettinghaus/github/mei-test-set/MEI-test-set/MEI/tuplets/tuplets.ly:27:31: Warnung: mid-measure time signature without \partial
  \once \numericTimeSignature 
                              \time 4/4 
/home/rettinghaus/github/mei-test-set/MEI-test-set/MEI/tuplets/tuplets.ly:28:45: Warnung: Balken bereits vorhanden
  << { \tuplet 3/2 { g'8[ \tuplet 3/2 { g'16
                                            [ g'16 g'16] } g'8] } r4 r4 \tuplet 3/2 { r8 r8 f'32[ g'32 a'32 c''32] } } >> %4
Kompilation erfolgreich beendet
»MEI-test-set/MEI/tuplets/tuplets-two-parts.ly« wird verarbeitet
Kompilation erfolgreich beendet
»MEI-test-set/MEI/tuplets/triplets.ly« wird verarbeitet
/home/rettinghaus/github/mei-test-set/MEI-test-set/MEI/tuplets/triplets.ly:23:3: Warnung: mid-measure time signature without \partial
  
  \time 6/8 
/home/rettinghaus/github/mei-test-set/MEI-test-set/MEI/tuplets/triplets.ly:25:3: Warnung: mid-measure time signature without \partial
  
  \time 2/4 
Kompilation erfolgreich beendet
»MEI-test-set/MEI/tuplets/beamed-accentuation.ly« wird verarbeitet
Kompilation erfolgreich beendet
»MEI-test-set/MEI/tuplets/tuplet-brackets-2.ly« wird verarbeitet
Kompilation erfolgreich beendet
»MEI-test-set/MEI/repeats/mid-bar-repeat.ly« wird verarbeitet
Kompilation erfolgreich beendet
»MEI-test-set/MEI/repeats/da-capo.ly« wird verarbeitet
Kompilation erfolgreich beendet
»MEI-test-set/MEI/repeats/changes-after-repeats.ly« wird verarbeitet
Kompilation erfolgreich beendet
»MEI-test-set/MEI/repeats/3-repeats-2.ly« wird verarbeitet
Warnung: Volta-Klammer kann nicht beendet werden
Kompilation erfolgreich beendet
»MEI-test-set/MEI/repeats/simple-repeat.ly« wird verarbeitet
Kompilation erfolgreich beendet
»MEI-test-set/MEI/repeats/coda.ly« wird verarbeitet
Kompilation erfolgreich beendet
»MEI-test-set/MEI/repeats/3-repeats.ly« wird verarbeitet
Kompilation erfolgreich beendet
»MEI-test-set/MEI/repeats/second-time-difference.ly« wird verarbeitet
Warnung: Volta-Klammer kann nicht beendet werden
Kompilation erfolgreich beendet
»MEI-test-set/MEI/repeats/repeat-with-endings.ly« wird verarbeitet
Warnung: Volta-Klammer kann nicht beendet werden
Kompilation erfolgreich beendet
»MEI-test-set/MEI/repeats/dal-segno.ly« wird verarbeitet
Kompilation erfolgreich beendet
»MEI-test-set/MEI/grace-notes/grace-notes.ly« wird verarbeitet
Kompilation erfolgreich beendet
»MEI-test-set/MEI/grace-notes/fixed-slurs.ly« wird verarbeitet
/home/rettinghaus/github/mei-test-set/MEI-test-set/MEI/grace-notes/fixed-slurs.ly:22:161: Fehler: syntax error, unexpected '}'
  << { \stemUp \grace d''8 e''4 \grace {c''16[ d''16]} e''8[ \grace f''8 g''8 \grace a''8]} e''8[ \grace b''8 f''16 \grace e''8 a''16 \grace a''16 b''16 c'''16]
                                                                                                                                                                } d'''4 } \\ { \stemDown \grace f'8 g'4 \grace {g'16[ f'16]} e'8[ \grace a'8 b'8 \grace e'8]} g'8[ \grace d'8 a'8] r4 } >> %1
/home/rettinghaus/github/mei-test-set/MEI-test-set/MEI/grace-notes/fixed-slurs.ly:22:169: Fehler: syntax error, unexpected '}'
  << { \stemUp \grace d''8 e''4 \grace {c''16[ d''16]} e''8[ \grace f''8 g''8 \grace a''8]} e''8[ \grace b''8 f''16 \grace e''8 a''16 \grace a''16 b''16 c'''16]} d'''4 
                                                                                                                                                                        } \\ { \stemDown \grace f'8 g'4 \grace {g'16[ f'16]} e'8[ \grace a'8 b'8 \grace e'8]} g'8[ \grace d'8 a'8] r4 } >> %1
/home/rettinghaus/github/mei-test-set/MEI-test-set/MEI/grace-notes/fixed-slurs.ly:22:279: Fehler: syntax error, unexpected '}'
  << { \stemUp \grace d''8 e''4 \grace {c''16[ d''16]} e''8[ \grace f''8 g''8 \grace a''8]} e''8[ \grace b''8 f''16 \grace e''8 a''16 \grace a''16 b''16 c'''16]} d'''4 } \\ { \stemDown \grace f'8 g'4 \grace {g'16[ f'16]} e'8[ \grace a'8 b'8 \grace e'8]} g'8[ \grace d'8 a'8] r4 
                                                                                                                                                                                                                                                                                      } >> %1
/home/rettinghaus/github/mei-test-set/MEI-test-set/MEI/grace-notes/fixed-slurs.ly:27:10: Fehler: Fehler gefunden, musikalischer Ausdruck wird ignoriert
\score { 
         <<
schwerer Fehler: gescheiterte Dateien: "MEI-test-set/MEI/grace-notes/fixed-slurs.ly"
»MEI-test-set/MEI/grace-notes/over-bar.ly« wird verarbeitet
Kompilation erfolgreich beendet
»MEI-test-set/MEI/grace-notes/grace-note-slurs.ly« wird verarbeitet
/home/rettinghaus/github/mei-test-set/MEI-test-set/MEI/grace-notes/grace-note-slurs.ly:22:153: Fehler: syntax error, unexpected '}'
  << { \grace d''8 e''4 \grace {c''16[ d''16]} e''8[ \grace f''8 g''8 \grace a''8]} e''8[ \grace b''8 f''16 \grace e''8 a''16 \grace a''16 b''16 c'''16]
                                                                                                                                                        } d'''4 } \\ { \grace f'8 g'4 \grace {g'16[ f'16]} e'8[ \grace a'8 b'8 \grace e'8]} g'8[ \grace d'8 a'8] r4 } >> %1
/home/rettinghaus/github/mei-test-set/MEI-test-set/MEI/grace-notes/grace-note-slurs.ly:22:161: Fehler: syntax error, unexpected '}'
  << { \grace d''8 e''4 \grace {c''16[ d''16]} e''8[ \grace f''8 g''8 \grace a''8]} e''8[ \grace b''8 f''16 \grace e''8 a''16 \grace a''16 b''16 c'''16]} d'''4 
                                                                                                                                                                } \\ { \grace f'8 g'4 \grace {g'16[ f'16]} e'8[ \grace a'8 b'8 \grace e'8]} g'8[ \grace d'8 a'8] r4 } >> %1
/home/rettinghaus/github/mei-test-set/MEI-test-set/MEI/grace-notes/grace-note-slurs.ly:22:261: Fehler: syntax error, unexpected '}'
  << { \grace d''8 e''4 \grace {c''16[ d''16]} e''8[ \grace f''8 g''8 \grace a''8]} e''8[ \grace b''8 f''16 \grace e''8 a''16 \grace a''16 b''16 c'''16]} d'''4 } \\ { \grace f'8 g'4 \grace {g'16[ f'16]} e'8[ \grace a'8 b'8 \grace e'8]} g'8[ \grace d'8 a'8] r4 
                                                                                                                                                                                                                                                                    } >> %1
/home/rettinghaus/github/mei-test-set/MEI-test-set/MEI/grace-notes/grace-note-slurs.ly:27:10: Fehler: Fehler gefunden, musikalischer Ausdruck wird ignoriert
\score { 
         <<
schwerer Fehler: gescheiterte Dateien: "MEI-test-set/MEI/grace-notes/grace-note-slurs.ly"
»MEI-test-set/MEI/grace-notes/artic-on-grace-notes.ly« wird verarbeitet
Kompilation erfolgreich beendet
»MEI-test-set/MEI/grace-notes/more-articulation.ly« wird verarbeitet
Kompilation erfolgreich beendet
»MEI-test-set/MEI/grace-notes/slur-placement.ly« wird verarbeitet
/home/rettinghaus/github/mei-test-set/MEI-test-set/MEI/grace-notes/slur-placement.ly:23:172: Fehler: syntax error, unexpected '}'
  << { \stemUp \grace g'8 \stemDown c''4. \stemDown d''!8[ \stemUp \grace a''16 \stemUp g''16 \stemUp f''16]} \stemDown e''8[ \stemDown d''8 \stemDown c''8 \stemDown b'8] 
                                                                                                                                                                           } >> %2
/home/rettinghaus/github/mei-test-set/MEI-test-set/MEI/grace-notes/slur-placement.ly:24:171: Fehler: syntax error, unexpected '}'
  << { \stemUp \grace g'8 \stemDown c''4. \stemDown d''8[ \stemUp \grace a''16 \stemUp g''16 \stemUp f''16]} \stemDown e''8[ \stemDown d''8 \stemDown c''8 \stemDown b'8] 
                                                                                                                                                                          } >> \bar "|." %3
/home/rettinghaus/github/mei-test-set/MEI-test-set/MEI/grace-notes/slur-placement.ly:28:10: Fehler: Fehler gefunden, musikalischer Ausdruck wird ignoriert
\score { 
         <<
schwerer Fehler: gescheiterte Dateien: "MEI-test-set/MEI/grace-notes/slur-placement.ly"
»MEI-test-set/MEI/grace-notes/dynamic-placement.ly« wird verarbeitet
Kompilation erfolgreich beendet
»MEI-test-set/MEI/grace-notes/two-parts-aligned.ly« wird verarbeitet
»MEI-test-set/MEI/grace-notes/grace-notes.ly« wird verarbeitet
Kompilation erfolgreich beendet
»MEI-test-set/MEI/grace-notes/fixed-slurs.ly« wird verarbeitet
/home/rettinghaus/github/mei-test-set/MEI-test-set/MEI/grace-notes/fixed-slurs.ly:22:161: Fehler: syntax error, unexpected '}'
  << { \stemUp \grace d''8 e''4 \grace {c''16[ d''16]} e''8[ \grace f''8 g''8 \grace a''8]} e''8[ \grace b''8 f''16 \grace e''8 a''16 \grace a''16 b''16 c'''16]
                                                                                                                                                                } d'''4 } \\ { \stemDown \grace f'8 g'4 \grace {g'16[ f'16]} e'8[ \grace a'8 b'8 \grace e'8]} g'8[ \grace d'8 a'8] r4 } >> %1
/home/rettinghaus/github/mei-test-set/MEI-test-set/MEI/grace-notes/fixed-slurs.ly:22:169: Fehler: syntax error, unexpected '}'
  << { \stemUp \grace d''8 e''4 \grace {c''16[ d''16]} e''8[ \grace f''8 g''8 \grace a''8]} e''8[ \grace b''8 f''16 \grace e''8 a''16 \grace a''16 b''16 c'''16]} d'''4 
                                                                                                                                                                        } \\ { \stemDown \grace f'8 g'4 \grace {g'16[ f'16]} e'8[ \grace a'8 b'8 \grace e'8]} g'8[ \grace d'8 a'8] r4 } >> %1
/home/rettinghaus/github/mei-test-set/MEI-test-set/MEI/grace-notes/fixed-slurs.ly:22:279: Fehler: syntax error, unexpected '}'
  << { \stemUp \grace d''8 e''4 \grace {c''16[ d''16]} e''8[ \grace f''8 g''8 \grace a''8]} e''8[ \grace b''8 f''16 \grace e''8 a''16 \grace a''16 b''16 c'''16]} d'''4 } \\ { \stemDown \grace f'8 g'4 \grace {g'16[ f'16]} e'8[ \grace a'8 b'8 \grace e'8]} g'8[ \grace d'8 a'8] r4 
                                                                                                                                                                                                                                                                                      } >> %1
/home/rettinghaus/github/mei-test-set/MEI-test-set/MEI/grace-notes/fixed-slurs.ly:27:10: Fehler: Fehler gefunden, musikalischer Ausdruck wird ignoriert
\score { 
         <<
schwerer Fehler: gescheiterte Dateien: "MEI-test-set/MEI/grace-notes/fixed-slurs.ly"
»MEI-test-set/MEI/grace-notes/over-bar.ly« wird verarbeitet
Kompilation erfolgreich beendet
»MEI-test-set/MEI/grace-notes/grace-note-slurs.ly« wird verarbeitet
/home/rettinghaus/github/mei-test-set/MEI-test-set/MEI/grace-notes/grace-note-slurs.ly:22:153: Fehler: syntax error, unexpected '}'
  << { \grace d''8 e''4 \grace {c''16[ d''16]} e''8[ \grace f''8 g''8 \grace a''8]} e''8[ \grace b''8 f''16 \grace e''8 a''16 \grace a''16 b''16 c'''16]
                                                                                                                                                        } d'''4 } \\ { \grace f'8 g'4 \grace {g'16[ f'16]} e'8[ \grace a'8 b'8 \grace e'8]} g'8[ \grace d'8 a'8] r4 } >> %1
/home/rettinghaus/github/mei-test-set/MEI-test-set/MEI/grace-notes/grace-note-slurs.ly:22:161: Fehler: syntax error, unexpected '}'
  << { \grace d''8 e''4 \grace {c''16[ d''16]} e''8[ \grace f''8 g''8 \grace a''8]} e''8[ \grace b''8 f''16 \grace e''8 a''16 \grace a''16 b''16 c'''16]} d'''4 
                                                                                                                                                                } \\ { \grace f'8 g'4 \grace {g'16[ f'16]} e'8[ \grace a'8 b'8 \grace e'8]} g'8[ \grace d'8 a'8] r4 } >> %1
/home/rettinghaus/github/mei-test-set/MEI-test-set/MEI/grace-notes/grace-note-slurs.ly:22:261: Fehler: syntax error, unexpected '}'
  << { \grace d''8 e''4 \grace {c''16[ d''16]} e''8[ \grace f''8 g''8 \grace a''8]} e''8[ \grace b''8 f''16 \grace e''8 a''16 \grace a''16 b''16 c'''16]} d'''4 } \\ { \grace f'8 g'4 \grace {g'16[ f'16]} e'8[ \grace a'8 b'8 \grace e'8]} g'8[ \grace d'8 a'8] r4 
                                                                                                                                                                                                                                                                    } >> %1
/home/rettinghaus/github/mei-test-set/MEI-test-set/MEI/grace-notes/grace-note-slurs.ly:27:10: Fehler: Fehler gefunden, musikalischer Ausdruck wird ignoriert
\score { 
         <<
schwerer Fehler: gescheiterte Dateien: "MEI-test-set/MEI/grace-notes/grace-note-slurs.ly"
»MEI-test-set/MEI/grace-notes/artic-on-grace-notes.ly« wird verarbeitet
Kompilation erfolgreich beendet
»MEI-test-set/MEI/grace-notes/more-articulation.ly« wird verarbeitet
Kompilation erfolgreich beendet
»MEI-test-set/MEI/grace-notes/grace-notes.ly« wird verarbeitet
Kompilation erfolgreich beendet
»MEI-test-set/MEI/grace-notes/fixed-slurs.ly« wird verarbeitet
/home/rettinghaus/github/mei-test-set/MEI-test-set/MEI/grace-notes/fixed-slurs.ly:22:161: Fehler: syntax error, unexpected '}'
  << { \stemUp \grace d''8 e''4 \grace {c''16[ d''16]} e''8[ \grace f''8 g''8 \grace a''8]} e''8[ \grace b''8 f''16 \grace e''8 a''16 \grace a''16 b''16 c'''16]
                                                                                                                                                                } d'''4 } \\ { \stemDown \grace f'8 g'4 \grace {g'16[ f'16]} e'8[ \grace a'8 b'8 \grace e'8]} g'8[ \grace d'8 a'8] r4 } >> %1
/home/rettinghaus/github/mei-test-set/MEI-test-set/MEI/grace-notes/fixed-slurs.ly:22:169: Fehler: syntax error, unexpected '}'
  << { \stemUp \grace d''8 e''4 \grace {c''16[ d''16]} e''8[ \grace f''8 g''8 \grace a''8]} e''8[ \grace b''8 f''16 \grace e''8 a''16 \grace a''16 b''16 c'''16]} d'''4 
                                                                                                                                                                        } \\ { \stemDown \grace f'8 g'4 \grace {g'16[ f'16]} e'8[ \grace a'8 b'8 \grace e'8]} g'8[ \grace d'8 a'8] r4 } >> %1
/home/rettinghaus/github/mei-test-set/MEI-test-set/MEI/grace-notes/fixed-slurs.ly:22:279: Fehler: syntax error, unexpected '}'
  << { \stemUp \grace d''8 e''4 \grace {c''16[ d''16]} e''8[ \grace f''8 g''8 \grace a''8]} e''8[ \grace b''8 f''16 \grace e''8 a''16 \grace a''16 b''16 c'''16]} d'''4 } \\ { \stemDown \grace f'8 g'4 \grace {g'16[ f'16]} e'8[ \grace a'8 b'8 \grace e'8]} g'8[ \grace d'8 a'8] r4 
                                                                                                                                                                                                                                                                                      } >> %1
/home/rettinghaus/github/mei-test-set/MEI-test-set/MEI/grace-notes/fixed-slurs.ly:27:10: Fehler: Fehler gefunden, musikalischer Ausdruck wird ignoriert
\score { 
         <<
schwerer Fehler: gescheiterte Dateien: "MEI-test-set/MEI/grace-notes/fixed-slurs.ly"
»MEI-test-set/MEI/grace-notes/grace-note-slurs.ly« wird verarbeitet
/home/rettinghaus/github/mei-test-set/MEI-test-set/MEI/grace-notes/grace-note-slurs.ly:22:153: Fehler: syntax error, unexpected '}'
  << { \grace d''8 e''4 \grace {c''16[ d''16]} e''8[ \grace f''8 g''8 \grace a''8]} e''8[ \grace b''8 f''16 \grace e''8 a''16 \grace a''16 b''16 c'''16]
                                                                                                                                                        } d'''4 } \\ { \grace f'8 g'4 \grace {g'16[ f'16]} e'8[ \grace a'8 b'8 \grace e'8]} g'8[ \grace d'8 a'8] r4 } >> %1
/home/rettinghaus/github/mei-test-set/MEI-test-set/MEI/grace-notes/grace-note-slurs.ly:22:161: Fehler: syntax error, unexpected '}'
  << { \grace d''8 e''4 \grace {c''16[ d''16]} e''8[ \grace f''8 g''8 \grace a''8]} e''8[ \grace b''8 f''16 \grace e''8 a''16 \grace a''16 b''16 c'''16]} d'''4 
                                                                                                                                                                } \\ { \grace f'8 g'4 \grace {g'16[ f'16]} e'8[ \grace a'8 b'8 \grace e'8]} g'8[ \grace d'8 a'8] r4 } >> %1
/home/rettinghaus/github/mei-test-set/MEI-test-set/MEI/grace-notes/grace-note-slurs.ly:22:261: Fehler: syntax error, unexpected '}'
  << { \grace d''8 e''4 \grace {c''16[ d''16]} e''8[ \grace f''8 g''8 \grace a''8]} e''8[ \grace b''8 f''16 \grace e''8 a''16 \grace a''16 b''16 c'''16]} d'''4 } \\ { \grace f'8 g'4 \grace {g'16[ f'16]} e'8[ \grace a'8 b'8 \grace e'8]} g'8[ \grace d'8 a'8] r4 
                                                                                                                                                                                                                                                                    } >> %1
/home/rettinghaus/github/mei-test-set/MEI-test-set/MEI/grace-notes/grace-note-slurs.ly:27:10: Fehler: Fehler gefunden, musikalischer Ausdruck wird ignoriert
\score { 
         <<
schwerer Fehler: gescheiterte Dateien: "MEI-test-set/MEI/grace-notes/grace-note-slurs.ly"
»MEI-test-set/MEI/grace-notes/grace-notes.ly« wird verarbeitet
Kompilation erfolgreich beendet
»MEI-test-set/MEI/grace-notes/fixed-slurs.ly« wird verarbeitet
/home/rettinghaus/github/mei-test-set/MEI-test-set/MEI/grace-notes/fixed-slurs.ly:22:161: Fehler: syntax error, unexpected '}'
  << { \stemUp \grace d''8 e''4 \grace {c''16[ d''16]} e''8[ \grace f''8 g''8 \grace a''8]} e''8[ \grace b''8 f''16 \grace e''8 a''16 \grace a''16 b''16 c'''16]
                                                                                                                                                                } d'''4 } \\ { \stemDown \grace f'8 g'4 \grace {g'16[ f'16]} e'8[ \grace a'8 b'8 \grace e'8]} g'8[ \grace d'8 a'8] r4 } >> %1
/home/rettinghaus/github/mei-test-set/MEI-test-set/MEI/grace-notes/fixed-slurs.ly:22:169: Fehler: syntax error, unexpected '}'
  << { \stemUp \grace d''8 e''4 \grace {c''16[ d''16]} e''8[ \grace f''8 g''8 \grace a''8]} e''8[ \grace b''8 f''16 \grace e''8 a''16 \grace a''16 b''16 c'''16]} d'''4 
                                                                                                                                                                        } \\ { \stemDown \grace f'8 g'4 \grace {g'16[ f'16]} e'8[ \grace a'8 b'8 \grace e'8]} g'8[ \grace d'8 a'8] r4 } >> %1
/home/rettinghaus/github/mei-test-set/MEI-test-set/MEI/grace-notes/fixed-slurs.ly:22:279: Fehler: syntax error, unexpected '}'
  << { \stemUp \grace d''8 e''4 \grace {c''16[ d''16]} e''8[ \grace f''8 g''8 \grace a''8]} e''8[ \grace b''8 f''16 \grace e''8 a''16 \grace a''16 b''16 c'''16]} d'''4 } \\ { \stemDown \grace f'8 g'4 \grace {g'16[ f'16]} e'8[ \grace a'8 b'8 \grace e'8]} g'8[ \grace d'8 a'8] r4 
                                                                                                                                                                                                                                                                                      } >> %1
/home/rettinghaus/github/mei-test-set/MEI-test-set/MEI/grace-notes/fixed-slurs.ly:27:10: Fehler: Fehler gefunden, musikalischer Ausdruck wird ignoriert
\score { 
         <<
schwerer Fehler: gescheiterte Dateien: "MEI-test-set/MEI/grace-notes/fixed-slurs.ly"
»MEI-test-set/MEI/grace-notes/over-bar.ly« wird verarbeitet
Kompilation erfolgreich beendet
»MEI-test-set/MEI/grace-notes/grace-notes.ly« wird verarbeitet
Kompilation erfolgreich beendet
»MEI-test-set/MEI/grace-notes/fixed-slurs.ly« wird verarbeitet
/home/rettinghaus/github/mei-test-set/MEI-test-set/MEI/grace-notes/fixed-slurs.ly:22:161: Fehler: syntax error, unexpected '}'
  << { \stemUp \grace d''8 e''4 \grace {c''16[ d''16]} e''8[ \grace f''8 g''8 \grace a''8]} e''8[ \grace b''8 f''16 \grace e''8 a''16 \grace a''16 b''16 c'''16]
                                                                                                                                                                } d'''4 } \\ { \stemDown \grace f'8 g'4 \grace {g'16[ f'16]} e'8[ \grace a'8 b'8 \grace e'8]} g'8[ \grace d'8 a'8] r4 } >> %1
/home/rettinghaus/github/mei-test-set/MEI-test-set/MEI/grace-notes/fixed-slurs.ly:22:169: Fehler: syntax error, unexpected '}'
  << { \stemUp \grace d''8 e''4 \grace {c''16[ d''16]} e''8[ \grace f''8 g''8 \grace a''8]} e''8[ \grace b''8 f''16 \grace e''8 a''16 \grace a''16 b''16 c'''16]} d'''4 
                                                                                                                                                                        } \\ { \stemDown \grace f'8 g'4 \grace {g'16[ f'16]} e'8[ \grace a'8 b'8 \grace e'8]} g'8[ \grace d'8 a'8] r4 } >> %1
/home/rettinghaus/github/mei-test-set/MEI-test-set/MEI/grace-notes/fixed-slurs.ly:22:279: Fehler: syntax error, unexpected '}'
  << { \stemUp \grace d''8 e''4 \grace {c''16[ d''16]} e''8[ \grace f''8 g''8 \grace a''8]} e''8[ \grace b''8 f''16 \grace e''8 a''16 \grace a''16 b''16 c'''16]} d'''4 } \\ { \stemDown \grace f'8 g'4 \grace {g'16[ f'16]} e'8[ \grace a'8 b'8 \grace e'8]} g'8[ \grace d'8 a'8] r4 
                                                                                                                                                                                                                                                                                      } >> %1
/home/rettinghaus/github/mei-test-set/MEI-test-set/MEI/grace-notes/fixed-slurs.ly:27:10: Fehler: Fehler gefunden, musikalischer Ausdruck wird ignoriert
\score { 
         <<
schwerer Fehler: gescheiterte Dateien: "MEI-test-set/MEI/grace-notes/fixed-slurs.ly"
»MEI-test-set/MEI/grace-notes/over-bar.ly« wird verarbeitet
Kompilation erfolgreich beendet
»MEI-test-set/MEI/grace-notes/grace-note-slurs.ly« wird verarbeitet
/home/rettinghaus/github/mei-test-set/MEI-test-set/MEI/grace-notes/grace-note-slurs.ly:22:153: Fehler: syntax error, unexpected '}'
  << { \grace d''8 e''4 \grace {c''16[ d''16]} e''8[ \grace f''8 g''8 \grace a''8]} e''8[ \grace b''8 f''16 \grace e''8 a''16 \grace a''16 b''16 c'''16]
                                                                                                                                                        } d'''4 } \\ { \grace f'8 g'4 \grace {g'16[ f'16]} e'8[ \grace a'8 b'8 \grace e'8]} g'8[ \grace d'8 a'8] r4 } >> %1
/home/rettinghaus/github/mei-test-set/MEI-test-set/MEI/grace-notes/grace-note-slurs.ly:22:161: Fehler: syntax error, unexpected '}'
  << { \grace d''8 e''4 \grace {c''16[ d''16]} e''8[ \grace f''8 g''8 \grace a''8]} e''8[ \grace b''8 f''16 \grace e''8 a''16 \grace a''16 b''16 c'''16]} d'''4 
                                                                                                                                                                } \\ { \grace f'8 g'4 \grace {g'16[ f'16]} e'8[ \grace a'8 b'8 \grace e'8]} g'8[ \grace d'8 a'8] r4 } >> %1
/home/rettinghaus/github/mei-test-set/MEI-test-set/MEI/grace-notes/grace-note-slurs.ly:22:261: Fehler: syntax error, unexpected '}'
  << { \grace d''8 e''4 \grace {c''16[ d''16]} e''8[ \grace f''8 g''8 \grace a''8]} e''8[ \grace b''8 f''16 \grace e''8 a''16 \grace a''16 b''16 c'''16]} d'''4 } \\ { \grace f'8 g'4 \grace {g'16[ f'16]} e'8[ \grace a'8 b'8 \grace e'8]} g'8[ \grace d'8 a'8] r4 
                                                                                                                                                                                                                                                                    } >> %1
/home/rettinghaus/github/mei-test-set/MEI-test-set/MEI/grace-notes/grace-note-slurs.ly:27:10: Fehler: Fehler gefunden, musikalischer Ausdruck wird ignoriert
\score { 
         <<
schwerer Fehler: gescheiterte Dateien: "MEI-test-set/MEI/grace-notes/grace-note-slurs.ly"
»MEI-test-set/MEI/grace-notes/artic-on-grace-notes.ly« wird verarbeitet
Kompilation erfolgreich beendet
»MEI-test-set/MEI/grace-notes/more-articulation.ly« wird verarbeitet
Kompilation erfolgreich beendet
»MEI-test-set/MEI/grace-notes/slur-placement.ly« wird verarbeitet
/home/rettinghaus/github/mei-test-set/MEI-test-set/MEI/grace-notes/slur-placement.ly:23:172: Fehler: syntax error, unexpected '}'
  << { \stemUp \grace g'8 \stemDown c''4. \stemDown d''!8[ \stemUp \grace a''16 \stemUp g''16 \stemUp f''16]} \stemDown e''8[ \stemDown d''8 \stemDown c''8 \stemDown b'8] 
                                                                                                                                                                           } >> %2
/home/rettinghaus/github/mei-test-set/MEI-test-set/MEI/grace-notes/slur-placement.ly:24:171: Fehler: syntax error, unexpected '}'
  << { \stemUp \grace g'8 \stemDown c''4. \stemDown d''8[ \stemUp \grace a''16 \stemUp g''16 \stemUp f''16]} \stemDown e''8[ \stemDown d''8 \stemDown c''8 \stemDown b'8] 
                                                                                                                                                                          } >> \bar "|." %3
/home/rettinghaus/github/mei-test-set/MEI-test-set/MEI/grace-notes/slur-placement.ly:28:10: Fehler: Fehler gefunden, musikalischer Ausdruck wird ignoriert
\score { 
         <<
schwerer Fehler: gescheiterte Dateien: "MEI-test-set/MEI/grace-notes/slur-placement.ly"
»MEI-test-set/MEI/grace-notes/dynamic-placement.ly« wird verarbeitet
Kompilation erfolgreich beendet
»MEI-test-set/MEI/grace-notes/two-parts-aligned.ly« wird verarbeitet
/home/rettinghaus/github/mei-test-set/MEI-test-set/MEI/grace-notes/two-parts-aligned.ly:22:127: Warnung: Keine funktionsfähige Anfangskonfiguration gefunden: Es kann evtl. keine optimale Balkenneigung gefunden werden
  << { \stemUp \grace g'16 a'16 b'16 \stemDown c''8[ \stemDown g'8 \stemDown d''8 \stemDown b'8] \stemDown d''4 \stemDown b''8
                                                                                                                              [ \stemUp \grace a''16 \stemUp g''16 \stemUp f''16 \stemUp e''16 \stemDown g''8] } >> \bar "|." %1
/home/rettinghaus/github/mei-test-set/MEI-test-set/MEI/grace-notes/two-parts-aligned.ly:22:158: Warnung: Eigenartige Notenhalslänge; auf enge Balken überprüfen
  << { \stemUp \grace g'16 a'16 b'16 \stemDown c''8[ \stemDown g'8 \stemDown d''8 \stemDown b'8] \stemDown d''4 \stemDown b''8[ \stemUp \grace a''16 \stemUp 
                                                                                                                                                             g''16 \stemUp f''16 \stemUp e''16 \stemDown g''8] } >> \bar "|." %1
/home/rettinghaus/github/mei-test-set/MEI-test-set/MEI/grace-notes/two-parts-aligned.ly:22:172: Warnung: Eigenartige Notenhalslänge; auf enge Balken überprüfen
  << { \stemUp \grace g'16 a'16 b'16 \stemDown c''8[ \stemDown g'8 \stemDown d''8 \stemDown b'8] \stemDown d''4 \stemDown b''8[ \stemUp \grace a''16 \stemUp g''16 \stemUp 
                                                                                                                                                                           f''16 \stemUp e''16 \stemDown g''8] } >> \bar "|." %1
/home/rettinghaus/github/mei-test-set/MEI-test-set/MEI/grace-notes/two-parts-aligned.ly:22:186: Warnung: Eigenartige Notenhalslänge; auf enge Balken überprüfen
  << { \stemUp \grace g'16 a'16 b'16 \stemDown c''8[ \stemDown g'8 \stemDown d''8 \stemDown b'8] \stemDown d''4 \stemDown b''8[ \stemUp \grace a''16 \stemUp g''16 \stemUp f''16 \stemUp 
                                                                                                                                                                                         e''16 \stemDown g''8] } >> \bar "|." %1
Warnung: Kasten mit negativen Ausmaßen wird nicht gezeichnet, 0.13 mal -0.23.
Warnung: Kasten mit negativen Ausmaßen wird nicht gezeichnet, 0.13 mal -0.24.
Warnung: Kasten mit negativen Ausmaßen wird nicht gezeichnet, 0.13 mal -0.24.
Kompilation erfolgreich beendet
»MEI-test-set/MEI/grace-notes/two-voice-grace-notes.ly« wird verarbeitet
Kompilation erfolgreich beendet
»MEI-test-set/MEI/articulation/multiple-articulations.ly« wird verarbeitet
Kompilation erfolgreich beendet
»MEI-test-set/MEI/articulation/two-parts-articulation.ly« wird verarbeitet
Kompilation erfolgreich beendet
»MEI-test-set/MEI/articulation/multiple-dots.ly« wird verarbeitet
Kompilation erfolgreich beendet
»MEI-test-set/MEI/articulation/stacc-up-and-down.ly« wird verarbeitet
Kompilation erfolgreich beendet
»MEI-test-set/MEI/articulation/artic-with-slurs.ly« wird verarbeitet
/home/rettinghaus/github/mei-test-set/MEI-test-set/MEI/articulation/artic-with-slurs.ly:23:3: Warnung: mid-measure time signature without \partial
  
  \time 6/8 
Kompilation erfolgreich beendet
»MEI-test-set/MEI/articulation/ledger-lines.ly« wird verarbeitet
Kompilation erfolgreich beendet
»MEI-test-set/MEI/articulation/repeated-articulation.ly« wird verarbeitet
Kompilation erfolgreich beendet
»MEI-test-set/MEI/articulation/articulations.ly« wird verarbeitet
Kompilation erfolgreich beendet
»MEI-test-set/MEI/articulation/artic-on-whole.ly« wird verarbeitet
Kompilation erfolgreich beendet
»MEI-test-set/MEI/articulation/accents-up-and-down.ly« wird verarbeitet
Kompilation erfolgreich beendet
»MEI-test-set/MEI/articulation/dotted-and-staccato.ly« wird verarbeitet
Kompilation erfolgreich beendet
»MEI-test-set/MEI/articulation/staccato-simile.ly« wird verarbeitet
Kompilation erfolgreich beendet
»MEI-test-set/MEI/tuplets/alignment.ly« wird verarbeitet
Kompilation erfolgreich beendet
»MEI-test-set/MEI/tuplets/ratios-no-literal.ly« wird verarbeitet
/home/rettinghaus/github/mei-test-set/MEI-test-set/MEI/tuplets/ratios-no-literal.ly:25:3: Warnung: mid-measure time signature without \partial
  
  \time 7/8 
/home/rettinghaus/github/mei-test-set/MEI-test-set/MEI/tuplets/ratios-no-literal.ly:29:3: Warnung: mid-measure time signature without \partial
  
  \time 9/8 
Kompilation erfolgreich beendet
»MEI-test-set/MEI/tuplets/tuplets-articulation.ly« wird verarbeitet
Warnung: erzwungener Umbruch war durch anderes Ereignis aufgehoben, sollten Taktüberprüfungen vorgenommen werden?
Kompilation erfolgreich beendet
»MEI-test-set/MEI/tuplets/mixed-value.ly« wird verarbeitet
/home/rettinghaus/github/mei-test-set/MEI-test-set/MEI/tuplets/mixed-value.ly:23:3: Warnung: mid-measure time signature without \partial
  
  \time 2/4 
Kompilation erfolgreich beendet
»MEI-test-set/MEI/tuplets/bracket-placement.ly« wird verarbeitet
Warnung: erzwungener Umbruch war durch anderes Ereignis aufgehoben, sollten Taktüberprüfungen vorgenommen werden?
Warnung: erzwungener Umbruch war durch anderes Ereignis aufgehoben, sollten Taktüberprüfungen vorgenommen werden?
Kompilation erfolgreich beendet
»MEI-test-set/MEI/tuplets/tuplets-2.ly« wird verarbeitet
Kompilation erfolgreich beendet
»MEI-test-set/MEI/tuplets/tuplet-brackets.ly« wird verarbeitet
/home/rettinghaus/github/mei-test-set/MEI-test-set/MEI/tuplets/tuplet-brackets.ly:24:3: Warnung: mid-measure time signature without \partial
  
  \time 2/4 
Kompilation erfolgreich beendet
»MEI-test-set/MEI/tuplets/beamed-accentuation-2.ly« wird verarbeitet
Kompilation erfolgreich beendet
»MEI-test-set/MEI/tuplets/ratios.ly« wird verarbeitet
Kompilation erfolgreich beendet
»MEI-test-set/MEI/tuplets/note-value.ly« wird verarbeitet
Kompilation erfolgreich beendet
»MEI-test-set/MEI/tuplets/tuplets-articulation-2-parts.ly« wird verarbeitet
Kompilation erfolgreich beendet
»MEI-test-set/MEI/tuplets/tuplets.ly« wird verarbeitet
/home/rettinghaus/github/mei-test-set/MEI-test-set/MEI/tuplets/tuplets.ly:23:3: Warnung: mid-measure time signature without \partial
  
  \time 6/8 
/home/rettinghaus/github/mei-test-set/MEI-test-set/MEI/tuplets/tuplets.ly:25:31: Warnung: mid-measure time signature without \partial
  \once \numericTimeSignature 
                              \time 2/2 
/home/rettinghaus/github/mei-test-set/MEI-test-set/MEI/tuplets/tuplets.ly:27:31: Warnung: mid-measure time signature without \partial
  \once \numericTimeSignature 
                              \time 4/4 
/home/rettinghaus/github/mei-test-set/MEI-test-set/MEI/tuplets/tuplets.ly:28:45: Warnung: Balken bereits vorhanden
  << { \tuplet 3/2 { g'8[ \tuplet 3/2 { g'16
                                            [ g'16 g'16] } g'8] } r4 r4 \tuplet 3/2 { r8 r8 f'32[ g'32 a'32 c''32] } } >> %4
Kompilation erfolgreich beendet
»MEI-test-set/MEI/tuplets/tuplets-two-parts.ly« wird verarbeitet
Kompilation erfolgreich beendet
»MEI-test-set/MEI/tuplets/triplets.ly« wird verarbeitet
/home/rettinghaus/github/mei-test-set/MEI-test-set/MEI/tuplets/triplets.ly:23:3: Warnung: mid-measure time signature without \partial
  
  \time 6/8 
/home/rettinghaus/github/mei-test-set/MEI-test-set/MEI/tuplets/triplets.ly:25:3: Warnung: mid-measure time signature without \partial
  
  \time 2/4 
Kompilation erfolgreich beendet
»MEI-test-set/MEI/tuplets/beamed-accentuation.ly« wird verarbeitet
Kompilation erfolgreich beendet
»MEI-test-set/MEI/tuplets/tuplet-brackets-2.ly« wird verarbeitet
Kompilation erfolgreich beendet
»MEI-test-set/MEI/repeats/mid-bar-repeat.ly« wird verarbeitet
Kompilation erfolgreich beendet
»MEI-test-set/MEI/repeats/da-capo.ly« wird verarbeitet
Kompilation erfolgreich beendet
»MEI-test-set/MEI/repeats/changes-after-repeats.ly« wird verarbeitet
Kompilation erfolgreich beendet
»MEI-test-set/MEI/repeats/3-repeats-2.ly« wird verarbeitet
Warnung: Volta-Klammer kann nicht beendet werden
Kompilation erfolgreich beendet
»MEI-test-set/MEI/repeats/simple-repeat.ly« wird verarbeitet
Kompilation erfolgreich beendet
»MEI-test-set/MEI/repeats/coda.ly« wird verarbeitet
Kompilation erfolgreich beendet
»MEI-test-set/MEI/repeats/3-repeats.ly« wird verarbeitet
Kompilation erfolgreich beendet
»MEI-test-set/MEI/repeats/second-time-difference.ly« wird verarbeitet
Warnung: Volta-Klammer kann nicht beendet werden
Kompilation erfolgreich beendet
»MEI-test-set/MEI/repeats/repeat-with-endings.ly« wird verarbeitet
Warnung: Volta-Klammer kann nicht beendet werden
Kompilation erfolgreich beendet
»MEI-test-set/MEI/repeats/dal-segno.ly« wird verarbeitet
Kompilation erfolgreich beendet
»MEI-test-set/MEI/repeats/repeated-bars.ly« wird verarbeitet
Kompilation erfolgreich beendet
»MEI-test-set/MEI/repeats/repeats-positioning.ly« wird verarbeitet
Kompilation erfolgreich beendet
»MEI-test-set/MEI/dynamics/dynamics-1.ly« wird verarbeitet
Kompilation erfolgreich beendet
»MEI-test-set/MEI/dynamics/poco-molto.ly« wird verarbeitet
Kompilation erfolgreich beendet
»MEI-test-set/MEI/dynamics/subito.ly« wird verarbeitet
Kompilation erfolgreich beendet
»MEI-test-set/MEI/dynamics/forte.ly« wird verarbeitet
Kompilation erfolgreich beendet
»MEI-test-set/MEI/dynamics/long-cresc.ly« wird verarbeitet
Kompilation erfolgreich beendet
»MEI-test-set/MEI/dynamics/cresc-new-line.ly« wird verarbeitet
Kompilation erfolgreich beendet
»MEI-test-set/MEI/dynamics/dynamic-placement.ly« wird verarbeitet
Kompilation erfolgreich beendet
»MEI-test-set/MEI/arpeggios/arpeggios.ly« wird verarbeitet
Kompilation erfolgreich beendet
»MEI-test-set/MEI/arpeggios/written-out.ly« wird verarbeitet
Kompilation erfolgreich beendet
»MEI-test-set/MEI/arpeggios/stop-start-arpegg.ly« wird verarbeitet
Kompilation erfolgreich beendet
»MEI-test-set/MEI/arpeggios/broken-arpegg.ly« wird verarbeitet
Kompilation erfolgreich beendet
»MEI-test-set/MEI/arpeggios/over-staves.ly« wird verarbeitet
/home/rettinghaus/github/mei-test-set/MEI-test-set/MEI/arpeggios/over-staves.ly:28:120: Warnung: unbegrenzter Bindebogen
  << { s4. \stemUp f8~[ a8~ \change Staff = "staff 1" \stemDown c'8~] \change Staff = "staff 2" } \\ { \stemNeutral g,8
                                                                                                                       ~[ b,8~ d8~] < g,~ b,~ d~ >4. } >> %1
/home/rettinghaus/github/mei-test-set/MEI-test-set/MEI/arpeggios/over-staves.ly:28:126: Warnung: unbegrenzter Bindebogen
  << { s4. \stemUp f8~[ a8~ \change Staff = "staff 1" \stemDown c'8~] \change Staff = "staff 2" } \\ { \stemNeutral g,8~[ b,8
                                                                                                                             ~ d8~] < g,~ b,~ d~ >4. } >> %1
/home/rettinghaus/github/mei-test-set/MEI-test-set/MEI/arpeggios/over-staves.ly:28:22: Warnung: unbegrenzter Bindebogen
  << { s4. \stemUp f8
                     ~[ a8~ \change Staff = "staff 1" \stemDown c'8~] \change Staff = "staff 2" } \\ { \stemNeutral g,8~[ b,8~ d8~] < g,~ b,~ d~ >4. } >> %1
/home/rettinghaus/github/mei-test-set/MEI-test-set/MEI/arpeggios/over-staves.ly:28:27: Warnung: unbegrenzter Bindebogen
  << { s4. \stemUp f8~[ a8
                          ~ \change Staff = "staff 1" \stemDown c'8~] \change Staff = "staff 2" } \\ { \stemNeutral g,8~[ b,8~ d8~] < g,~ b,~ d~ >4. } >> %1
/home/rettinghaus/github/mei-test-set/MEI-test-set/MEI/arpeggios/over-staves.ly:29:10: Warnung: Notenkopf wird zu inkompatiblem Hals (Typ = 1/8) hinzugefügt
  << { < 
         f a >2. } \\ { < g, b, d >2. } >> \bar "|." %2
/home/rettinghaus/github/mei-test-set/MEI-test-set/MEI/arpeggios/over-staves.ly:29:10: Warnung: vielleicht sollte die Eingabe mehrere Stimmen erstellen
  << { < 
         f a >2. } \\ { < g, b, d >2. } >> \bar "|." %2
/home/rettinghaus/github/mei-test-set/MEI-test-set/MEI/arpeggios/over-staves.ly:29:12: Warnung: Notenkopf wird zu inkompatiblem Hals (Typ = 1/8) hinzugefügt
  << { < f 
           a >2. } \\ { < g, b, d >2. } >> \bar "|." %2
/home/rettinghaus/github/mei-test-set/MEI-test-set/MEI/arpeggios/over-staves.ly:29:12: Warnung: vielleicht sollte die Eingabe mehrere Stimmen erstellen
  << { < f 
           a >2. } \\ { < g, b, d >2. } >> \bar "|." %2
/home/rettinghaus/github/mei-test-set/MEI-test-set/MEI/arpeggios/over-staves.ly:28:68: Warnung: unbegrenzter Bindebogen
  << { s4. \stemUp f8~[ a8~ \change Staff = "staff 1" \stemDown c'8
                                                                   ~] \change Staff = "staff 2" } \\ { \stemNeutral g,8~[ b,8~ d8~] < g,~ b,~ d~ >4. } >> %1
/home/rettinghaus/github/mei-test-set/MEI-test-set/MEI/arpeggios/over-staves.ly:23:11: Warnung: unbegrenzter Bindebogen
  << { e'8
          ~[ g'8~ b'8~] < e' g' b' >4. } \\ { c'2. } >> \bar "|." %2
/home/rettinghaus/github/mei-test-set/MEI-test-set/MEI/arpeggios/over-staves.ly:23:11: Warnung: unbegrenzter Bindebogen
  << { e'8
          ~[ g'8~ b'8~] < e' g' b' >4. } \\ { c'2. } >> \bar "|." %2
/home/rettinghaus/github/mei-test-set/MEI-test-set/MEI/arpeggios/over-staves.ly:23:11: Warnung: unbegrenzter Bindebogen
  << { e'8
          ~[ g'8~ b'8~] < e' g' b' >4. } \\ { c'2. } >> \bar "|." %2
/home/rettinghaus/github/mei-test-set/MEI-test-set/MEI/arpeggios/over-staves.ly:23:17: Warnung: unbegrenzter Bindebogen
  << { e'8~[ g'8
                ~ b'8~] < e' g' b' >4. } \\ { c'2. } >> \bar "|." %2
Kompilation erfolgreich beendet
»MEI-test-set/MEI/arpeggios/dynamics.ly« wird verarbeitet
Kompilation erfolgreich beendet
»MEI-test-set/MEI/arpeggios/vib-changes.ly« wird verarbeitet
Kompilation erfolgreich beendet
»MEI-test-set/MEI/chords/cluster-chords-2.ly« wird verarbeitet
Kompilation erfolgreich beendet
»MEI-test-set/MEI/chords/dotted-3.ly« wird verarbeitet
Kompilation erfolgreich beendet
»MEI-test-set/MEI/chords/crossing-stems.ly« wird verarbeitet
Kompilation erfolgreich beendet
»MEI-test-set/MEI/chords/dotted-2-voiced.ly« wird verarbeitet
Kompilation erfolgreich beendet
»MEI-test-set/MEI/chords/crossing-stems-2.ly« wird verarbeitet
Kompilation erfolgreich beendet
»MEI-test-set/MEI/chords/unisons-5.ly« wird verarbeitet
Kompilation erfolgreich beendet
»MEI-test-set/MEI/chords/dotted-2.ly« wird verarbeitet
Kompilation erfolgreich beendet
»MEI-test-set/MEI/chords/cluster-chords-stem-directions.ly« wird verarbeitet
Kompilation erfolgreich beendet
»MEI-test-set/MEI/chords/dotted-4.ly« wird verarbeitet
Kompilation erfolgreich beendet
»MEI-test-set/MEI/chords/unisons-4.ly« wird verarbeitet
Kompilation erfolgreich beendet
»MEI-test-set/MEI/chords/dotted.ly« wird verarbeitet
Kompilation erfolgreich beendet
»MEI-test-set/MEI/chords/dotted-unison.ly« wird verarbeitet
Kompilation erfolgreich beendet
»MEI-test-set/MEI/chords/unisons-accidentals.ly« wird verarbeitet
Kompilation erfolgreich beendet
»MEI-test-set/MEI/chords/shared-note-heads.ly« wird verarbeitet
Kompilation erfolgreich beendet
»MEI-test-set/MEI/chords/crossing-whole-notes.ly« wird verarbeitet
Kompilation erfolgreich beendet
»MEI-test-set/MEI/chords/stem-directions.ly« wird verarbeitet
Kompilation erfolgreich beendet
»MEI-test-set/MEI/chords/unisons-2.ly« wird verarbeitet
Kompilation erfolgreich beendet
»MEI-test-set/MEI/chords/unisons.ly« wird verarbeitet
Kompilation erfolgreich beendet
»MEI-test-set/MEI/chords/chord-test.ly« wird verarbeitet
Kompilation erfolgreich beendet
»MEI-test-set/MEI/chords/unisons-accidentals-chords.ly« wird verarbeitet
Kompilation erfolgreich beendet
»MEI-test-set/MEI/chords/cluster-chords.ly« wird verarbeitet
Kompilation erfolgreich beendet
»MEI-test-set/MEI/chords/stem-directions-2.ly« wird verarbeitet
Kompilation erfolgreich beendet
»MEI-test-set/MEI/chords/unisons-3.ly« wird verarbeitet
Kompilation erfolgreich beendet
»MEI-test-set/MEI/chords/cluster-chords-whole-notes.ly« wird verarbeitet
Kompilation erfolgreich beendet
»MEI-test-set/MEI/chords/dotted-5.ly« wird verarbeitet
Kompilation erfolgreich beendet
»MEI-test-set/MEI/chords/cluster-chords-3.ly« wird verarbeitet
Kompilation erfolgreich beendet
»MEI-test-set/MEI/gliss/more-gliss.ly« wird verarbeitet
Kompilation erfolgreich beendet
»MEI-test-set/MEI/gliss/short-gliss.ly« wird verarbeitet
Kompilation erfolgreich beendet
»MEI-test-set/MEI/gliss/gliss-precision.ly« wird verarbeitet
Kompilation erfolgreich beendet
»MEI-test-set/MEI/gliss/interim-pitches.ly« wird verarbeitet
Kompilation erfolgreich beendet
»MEI-test-set/MEI/gliss/glissando.ly« wird verarbeitet
Kompilation erfolgreich beendet
»MEI-test-set/MEI/ties-slurs/dotted-slur.ly« wird verarbeitet
Kompilation erfolgreich beendet
»MEI-test-set/MEI/ties-slurs/ties-dotted.ly« wird verarbeitet
Kompilation erfolgreich beendet
»MEI-test-set/MEI/ties-slurs/open-ties.ly« wird verarbeitet
Kompilation erfolgreich beendet
»MEI-test-set/MEI/ties-slurs/ties-2-voices.ly« wird verarbeitet
Kompilation erfolgreich beendet
»MEI-test-set/MEI/ties-slurs/ties-unison.ly« wird verarbeitet
Kompilation erfolgreich beendet
»MEI-test-set/MEI/ties-slurs/ties-chords-2.ly« wird verarbeitet
Kompilation erfolgreich beendet
»MEI-test-set/MEI/ties-slurs/more-slurs.ly« wird verarbeitet
Kompilation erfolgreich beendet
»MEI-test-set/MEI/ties-slurs/with-tenuto.ly« wird verarbeitet
Kompilation erfolgreich beendet
»MEI-test-set/MEI/ties-slurs/ties-chords.ly« wird verarbeitet
Kompilation erfolgreich beendet
»MEI-test-set/MEI/ties-slurs/respelled.ly« wird verarbeitet
Kompilation erfolgreich beendet
»MEI-test-set/MEI/ties-slurs/ties-stems.ly« wird verarbeitet
Kompilation erfolgreich beendet
»MEI-test-set/MEI/ties-slurs/over-system.ly« wird verarbeitet
Kompilation erfolgreich beendet
»MEI-test-set/MEI/ties-slurs/both.ly« wird verarbeitet
Kompilation erfolgreich beendet
»MEI-test-set/MEI/ties-slurs/slurs-with-rests.ly« wird verarbeitet
Kompilation erfolgreich beendet
»MEI-test-set/MEI/ties-slurs/slurs-within-slurs.ly« wird verarbeitet
Kompilation erfolgreich beendet
»MEI-test-set/MEI/ties-slurs/ties.ly« wird verarbeitet
Kompilation erfolgreich beendet
»MEI-test-set/MEI/ties-slurs/ties-overlapping-voices.ly« wird verarbeitet
Kompilation erfolgreich beendet
»MEI-test-set/MEI/ties-slurs/ties-with-other-notes.ly« wird verarbeitet
Kompilation erfolgreich beendet
»MEI-test-set/MEI/ties-slurs/slured-chords.ly« wird verarbeitet
Kompilation erfolgreich beendet
»MEI-test-set/MEI/accidentals/all-accidentals.ly« wird verarbeitet
Kompilation erfolgreich beendet
»MEI-test-set/MEI/accidentals/grace-notes.ly« wird verarbeitet
Kompilation erfolgreich beendet
»MEI-test-set/MEI/accidentals/cancellation.ly« wird verarbeitet
Kompilation erfolgreich beendet
»MEI-test-set/MEI/accidentals/tied-notes.ly« wird verarbeitet
Kompilation erfolgreich beendet
»MEI-test-set/MEI/accidentals/quarter-tones.ly« wird verarbeitet
Kompilation erfolgreich beendet
»MEI-test-set/MEI/accidentals/key-sig.ly« wird verarbeitet
Kompilation erfolgreich beendet
»MEI-test-set/MEI/accidentals/cancellation-repeated-notes.ly« wird verarbeitet
Kompilation erfolgreich beendet
»MEI-test-set/MEI/accidentals/unconventional-key-sig.ly« wird verarbeitet
Kompilation erfolgreich beendet
»MEI-test-set/MEI/accidentals/big-chords.ly« wird verarbeitet
Kompilation erfolgreich beendet
»MEI-test-set/MEI/accidentals/accidental-coverage.ly« wird verarbeitet
Kompilation erfolgreich beendet
»MEI-test-set/MEI/accidentals/placement-other-symbols.ly« wird verarbeitet
Kompilation erfolgreich beendet
»MEI-test-set/MEI/accidentals/octave-displacement.ly« wird verarbeitet
Kompilation erfolgreich beendet
»MEI-test-set/MEI/accidentals/two-parts-cancelled.ly« wird verarbeitet
Kompilation erfolgreich beendet
»MEI-test-set/MEI/accidentals/respelling.ly« wird verarbeitet
Kompilation erfolgreich beendet
»MEI-test-set/MEI/accidentals/treble-clef.ly« wird verarbeitet
Kompilation erfolgreich beendet
»MEI-test-set/MEI/accidentals/bass-clef.ly« wird verarbeitet
Kompilation erfolgreich beendet
»MEI-test-set/MEI/accidentals/altered-unisons-2.ly« wird verarbeitet
Kompilation erfolgreich beendet
»MEI-test-set/MEI/accidentals/tenor-clef.ly« wird verarbeitet
Kompilation erfolgreich beendet
»MEI-test-set/MEI/accidentals/altered-unisons.ly« wird verarbeitet
Kompilation erfolgreich beendet
»MEI-test-set/MEI/accidentals/two-stem-chords.ly« wird verarbeitet
Kompilation erfolgreich beendet
»MEI-test-set/MEI/accidentals/alto-clef.ly« wird verarbeitet
Kompilation erfolgreich beendet
»MEI-test-set/MEI/accidentals/key-change.ly« wird verarbeitet
Kompilation erfolgreich beendet
»MEI-test-set/MEI/meter/2-4.ly« wird verarbeitet
Kompilation erfolgreich beendet
»MEI-test-set/MEI/meter/beat-division-2.ly« wird verarbeitet
Kompilation erfolgreich beendet
»MEI-test-set/MEI/meter/rest-groupings-2.ly« wird verarbeitet
Kompilation erfolgreich beendet
»MEI-test-set/MEI/meter/metric-modulation.ly« wird verarbeitet
Kompilation erfolgreich beendet
»MEI-test-set/MEI/meter/parentheses.ly« wird verarbeitet
Kompilation erfolgreich beendet
»MEI-test-set/MEI/meter/beams-over-rests.ly« wird verarbeitet
Kompilation erfolgreich beendet
»MEI-test-set/MEI/meter/beat-division.ly« wird verarbeitet
Kompilation erfolgreich beendet
»MEI-test-set/MEI/meter/fermatas.ly« wird verarbeitet
Kompilation erfolgreich beendet
»MEI-test-set/MEI/meter/all-groupings.ly« wird verarbeitet
Kompilation erfolgreich beendet
»MEI-test-set/MEI/meter/measure-rests.ly« wird verarbeitet
Kompilation erfolgreich beendet
»MEI-test-set/MEI/meter/old-measure-groups.ly« wird verarbeitet
Kompilation erfolgreich beendet
»MEI-test-set/MEI/meter/changing-metres.ly« wird verarbeitet
Kompilation erfolgreich beendet
»MEI-test-set/MEI/meter/meter-changes.ly« wird verarbeitet
Kompilation erfolgreich beendet
»MEI-test-set/MEI/meter/rest-groupings-3.ly« wird verarbeitet
Kompilation erfolgreich beendet
»MEI-test-set/MEI/meter/fermata-positioning.ly« wird verarbeitet
Kompilation erfolgreich beendet
»MEI-test-set/MEI/meter/beamings.ly« wird verarbeitet
Kompilation erfolgreich beendet
»MEI-test-set/MEI/meter/new-rhythm.ly« wird verarbeitet
Kompilation erfolgreich beendet
»MEI-test-set/MEI/meter/rest-groupings.ly« wird verarbeitet
Kompilation erfolgreich beendet
»MEI-test-set/MEI/meter/variable-stress.ly« wird verarbeitet
Kompilation erfolgreich beendet
»MEI-test-set/MEI/meter/polymeter.ly« wird verarbeitet
Kompilation erfolgreich beendet
»MEI-test-set/MEI/meter/structural-beaming.ly« wird verarbeitet
/home/rettinghaus/github/mei-test-set/MEI-test-set/MEI/meter/structural-beaming.ly:31:3: Warnung: mid-measure time signature without \partial
  
  \time 6/8 
Warnung: erzwungener Umbruch war durch anderes Ereignis aufgehoben, sollten Taktüberprüfungen vorgenommen werden?
/home/rettinghaus/github/mei-test-set/MEI-test-set/MEI/meter/structural-beaming.ly:34:31: Warnung: mid-measure time signature without \partial
  \once \numericTimeSignature 
                              \time 4/4 
/home/rettinghaus/github/mei-test-set/MEI-test-set/MEI/meter/structural-beaming.ly:37:3: Warnung: mid-measure time signature without \partial
  
  \time 6/8 
Warnung: erzwungener Umbruch war durch anderes Ereignis aufgehoben, sollten Taktüberprüfungen vorgenommen werden?
/home/rettinghaus/github/mei-test-set/MEI-test-set/MEI/meter/structural-beaming.ly:40:31: Warnung: mid-measure time signature without \partial
  \once \numericTimeSignature 
                              \time 4/4 
Kompilation erfolgreich beendet
»MEI-test-set/MEI/meter/more-beaming-2.ly« wird verarbeitet
Kompilation erfolgreich beendet
»MEI-test-set/MEI/meter/note-head-denominator.ly« wird verarbeitet
Kompilation erfolgreich beendet
»MEI-test-set/MEI/meter/multimeasure-rests.ly« wird verarbeitet
Kompilation erfolgreich beendet
»MEI-test-set/MEI/meter/rest-positions.ly« wird verarbeitet
Kompilation erfolgreich beendet
»MEI-test-set/MEI/meter/quadruple-dotted.ly« wird verarbeitet
Kompilation erfolgreich beendet
»MEI-test-set/MEI/meter/tempo-alterations.ly« wird verarbeitet
Kompilation erfolgreich beendet
»MEI-test-set/MEI/meter/sustaining-across-beats.ly« wird verarbeitet
Kompilation erfolgreich beendet
»MEI-test-set/MEI/meter/more-beaming-5.ly« wird verarbeitet
Kompilation erfolgreich beendet
»MEI-test-set/MEI/meter/tempo-indications.ly« wird verarbeitet
Kompilation erfolgreich beendet
»MEI-test-set/MEI/meter/feathered-beams.ly« wird verarbeitet
Kompilation erfolgreich beendet
»MEI-test-set/MEI/meter/more-beaming-4.ly« wird verarbeitet
Kompilation erfolgreich beendet
»MEI-test-set/MEI/meter/fermata-parts.ly« wird verarbeitet
Kompilation erfolgreich beendet
»MEI-test-set/MEI/meter/scale-beaming.ly« wird verarbeitet
Kompilation erfolgreich beendet
»MEI-test-set/MEI/meter/triplet-test.ly« wird verarbeitet
Kompilation erfolgreich beendet
»MEI-test-set/MEI/meter/dotted-notes.ly« wird verarbeitet
Kompilation erfolgreich beendet
»MEI-test-set/MEI/meter/more-beaming-3.ly« wird verarbeitet
Kompilation erfolgreich beendet
»MEI-test-set/MEI/meter/tempo-alterations-2.ly« wird verarbeitet
Kompilation erfolgreich beendet
»MEI-test-set/MEI/meter/syncopation.ly« wird verarbeitet
Kompilation erfolgreich beendet
»MEI-test-set/MEI/meter/beaming-over-beats.ly« wird verarbeitet
/home/rettinghaus/github/mei-test-set/MEI-test-set/MEI/meter/beaming-over-beats.ly:23:3: Warnung: mid-measure time signature without \partial
  
  \time 18/16 
/home/rettinghaus/github/mei-test-set/MEI-test-set/MEI/meter/beaming-over-beats.ly:26:3: Warnung: mid-measure time signature without \partial
  
  \time 2/4 
/home/rettinghaus/github/mei-test-set/MEI-test-set/MEI/meter/beaming-over-beats.ly:29:3: Warnung: mid-measure time signature without \partial
  
  \time 2/8 
/home/rettinghaus/github/mei-test-set/MEI-test-set/MEI/meter/beaming-over-beats.ly:31:3: Warnung: mid-measure time signature without \partial
  
  \time 3/4 
Kompilation erfolgreich beendet
»MEI-test-set/MEI/meter/compound-beats.ly« wird verarbeitet
Kompilation erfolgreich beendet
»MEI-test-set/MEI/meter/more-beaming.ly« wird verarbeitet
Kompilation erfolgreich beendet
»MEI-test-set/MEI/staves/one-line-staff.ly« wird verarbeitet
/home/rettinghaus/github/mei-test-set/MEI-test-set/MEI/staves/one-line-staff.ly:21:67: Fehler: GUILE signalisierte einen Fehler für den hier beginnenden Ausdruck
  \set Staff.clefGlyph = #"clefs.perc" \set Staff.clefPosition = #
                                                                  NaN \set Staff.clefTransposition = #0 \set Staff.middleCPosition = #NaN \set Staff.middleCClefPosition = #NaN 
/home/rettinghaus/github/mei-test-set/MEI-test-set/MEI/staves/one-line-staff.ly:21:135: Fehler: GUILE signalisierte einen Fehler für den hier beginnenden Ausdruck
  \set Staff.clefGlyph = #"clefs.perc" \set Staff.clefPosition = #NaN \set Staff.clefTransposition = #0 \set Staff.middleCPosition = #
                                                                                                                                      NaN \set Staff.middleCClefPosition = #NaN 
/home/rettinghaus/github/mei-test-set/MEI-test-set/MEI/staves/one-line-staff.ly:21:173: Fehler: GUILE signalisierte einen Fehler für den hier beginnenden Ausdruck
  \set Staff.clefGlyph = #"clefs.perc" \set Staff.clefPosition = #NaN \set Staff.clefTransposition = #0 \set Staff.middleCPosition = #NaN \set Staff.middleCClefPosition = #
                                                                                                                                                                            NaN 
/home/rettinghaus/github/mei-test-set/MEI-test-set/MEI/staves/one-line-staff.ly:32:66: Fehler: GUILE signalisierte einen Fehler für den hier beginnenden Ausdruck
 \set Staff.clefGlyph = #"clefs.perc" \set Staff.clefPosition = #
                                                                 NaN \set Staff.clefTransposition = #0 \set Staff.middleCPosition = #NaN \set Staff.middleCClefPosition = #NaN \key c \major
/home/rettinghaus/github/mei-test-set/MEI-test-set/MEI/staves/one-line-staff.ly:32:134: Fehler: GUILE signalisierte einen Fehler für den hier beginnenden Ausdruck
 \set Staff.clefGlyph = #"clefs.perc" \set Staff.clefPosition = #NaN \set Staff.clefTransposition = #0 \set Staff.middleCPosition = #
                                                                                                                                     NaN \set Staff.middleCClefPosition = #NaN \key c \major
/home/rettinghaus/github/mei-test-set/MEI-test-set/MEI/staves/one-line-staff.ly:32:172: Fehler: GUILE signalisierte einen Fehler für den hier beginnenden Ausdruck
 \set Staff.clefGlyph = #"clefs.perc" \set Staff.clefPosition = #NaN \set Staff.clefTransposition = #0 \set Staff.middleCPosition = #NaN \set Staff.middleCClefPosition = #
                                                                                                                                                                           NaN \key c \major
Warnung: Typprüfung für »clefPosition« gescheitert; Wert »#<unspecified>« muss vom Typ »number« sein
Warnung: Typprüfung für »middleCPosition« gescheitert; Wert »#<unspecified>« muss vom Typ »number« sein
Warnung: Typprüfung für »middleCClefPosition« gescheitert; Wert »#<unspecified>« muss vom Typ »number« sein
Warnung: Typprüfung für »clefPosition« gescheitert; Wert »#<unspecified>« muss vom Typ »number« sein
Warnung: Typprüfung für »middleCPosition« gescheitert; Wert »#<unspecified>« muss vom Typ »number« sein
Warnung: Typprüfung für »middleCClefPosition« gescheitert; Wert »#<unspecified>« muss vom Typ »number« sein
Warnung: Schlüssel »clefs.perc_change« nicht gefunden
Warnung: Schlüssel »clefs.perc« nicht gefunden
Warnung: Schlüssel »clefs.perc_change« nicht gefunden
Unbound variable: NaN
Unbound variable: NaN
Unbound variable: NaN
Unbound variable: NaN
Unbound variable: NaN
Unbound variable: NaN
schwerer Fehler: gescheiterte Dateien: "MEI-test-set/MEI/staves/one-line-staff.ly"
»MEI-test-set/MEI/staves/three-line-staff.ly« wird verarbeitet
/home/rettinghaus/github/mei-test-set/MEI-test-set/MEI/staves/three-line-staff.ly:21:67: Fehler: GUILE signalisierte einen Fehler für den hier beginnenden Ausdruck
  \set Staff.clefGlyph = #"clefs.perc" \set Staff.clefPosition = #
                                                                  NaN \set Staff.clefTransposition = #0 \set Staff.middleCPosition = #NaN \set Staff.middleCClefPosition = #NaN 
/home/rettinghaus/github/mei-test-set/MEI-test-set/MEI/staves/three-line-staff.ly:21:135: Fehler: GUILE signalisierte einen Fehler für den hier beginnenden Ausdruck
  \set Staff.clefGlyph = #"clefs.perc" \set Staff.clefPosition = #NaN \set Staff.clefTransposition = #0 \set Staff.middleCPosition = #
                                                                                                                                      NaN \set Staff.middleCClefPosition = #NaN 
/home/rettinghaus/github/mei-test-set/MEI-test-set/MEI/staves/three-line-staff.ly:21:173: Fehler: GUILE signalisierte einen Fehler für den hier beginnenden Ausdruck
  \set Staff.clefGlyph = #"clefs.perc" \set Staff.clefPosition = #NaN \set Staff.clefTransposition = #0 \set Staff.middleCPosition = #NaN \set Staff.middleCClefPosition = #
                                                                                                                                                                            NaN 
/home/rettinghaus/github/mei-test-set/MEI-test-set/MEI/staves/three-line-staff.ly:32:66: Fehler: GUILE signalisierte einen Fehler für den hier beginnenden Ausdruck
 \set Staff.clefGlyph = #"clefs.perc" \set Staff.clefPosition = #
                                                                 NaN \set Staff.clefTransposition = #0 \set Staff.middleCPosition = #NaN \set Staff.middleCClefPosition = #NaN \key c \major
/home/rettinghaus/github/mei-test-set/MEI-test-set/MEI/staves/three-line-staff.ly:32:134: Fehler: GUILE signalisierte einen Fehler für den hier beginnenden Ausdruck
 \set Staff.clefGlyph = #"clefs.perc" \set Staff.clefPosition = #NaN \set Staff.clefTransposition = #0 \set Staff.middleCPosition = #
                                                                                                                                     NaN \set Staff.middleCClefPosition = #NaN \key c \major
/home/rettinghaus/github/mei-test-set/MEI-test-set/MEI/staves/three-line-staff.ly:32:172: Fehler: GUILE signalisierte einen Fehler für den hier beginnenden Ausdruck
 \set Staff.clefGlyph = #"clefs.perc" \set Staff.clefPosition = #NaN \set Staff.clefTransposition = #0 \set Staff.middleCPosition = #NaN \set Staff.middleCClefPosition = #
                                                                                                                                                                           NaN \key c \major
Warnung: Typprüfung für »clefPosition« gescheitert; Wert »#<unspecified>« muss vom Typ »number« sein
Warnung: Typprüfung für »middleCPosition« gescheitert; Wert »#<unspecified>« muss vom Typ »number« sein
Warnung: Typprüfung für »middleCClefPosition« gescheitert; Wert »#<unspecified>« muss vom Typ »number« sein
Warnung: Typprüfung für »clefPosition« gescheitert; Wert »#<unspecified>« muss vom Typ »number« sein
Warnung: Typprüfung für »middleCPosition« gescheitert; Wert »#<unspecified>« muss vom Typ »number« sein
Warnung: Typprüfung für »middleCClefPosition« gescheitert; Wert »#<unspecified>« muss vom Typ »number« sein
Warnung: Schlüssel »clefs.perc_change« nicht gefunden
Warnung: Schlüssel »clefs.perc« nicht gefunden
Warnung: Schlüssel »clefs.perc_change« nicht gefunden
Unbound variable: NaN
Unbound variable: NaN
Unbound variable: NaN
Unbound variable: NaN
Unbound variable: NaN
Unbound variable: NaN
schwerer Fehler: gescheiterte Dateien: "MEI-test-set/MEI/staves/three-line-staff.ly"
»MEI-test-set/MEI/staves/two-line-staff.ly« wird verarbeitet
/home/rettinghaus/github/mei-test-set/MEI-test-set/MEI/staves/two-line-staff.ly:21:67: Fehler: GUILE signalisierte einen Fehler für den hier beginnenden Ausdruck
  \set Staff.clefGlyph = #"clefs.perc" \set Staff.clefPosition = #
                                                                  NaN \set Staff.clefTransposition = #0 \set Staff.middleCPosition = #NaN \set Staff.middleCClefPosition = #NaN 
/home/rettinghaus/github/mei-test-set/MEI-test-set/MEI/staves/two-line-staff.ly:21:135: Fehler: GUILE signalisierte einen Fehler für den hier beginnenden Ausdruck
  \set Staff.clefGlyph = #"clefs.perc" \set Staff.clefPosition = #NaN \set Staff.clefTransposition = #0 \set Staff.middleCPosition = #
                                                                                                                                      NaN \set Staff.middleCClefPosition = #NaN 
/home/rettinghaus/github/mei-test-set/MEI-test-set/MEI/staves/two-line-staff.ly:21:173: Fehler: GUILE signalisierte einen Fehler für den hier beginnenden Ausdruck
  \set Staff.clefGlyph = #"clefs.perc" \set Staff.clefPosition = #NaN \set Staff.clefTransposition = #0 \set Staff.middleCPosition = #NaN \set Staff.middleCClefPosition = #
                                                                                                                                                                            NaN 
/home/rettinghaus/github/mei-test-set/MEI-test-set/MEI/staves/two-line-staff.ly:32:66: Fehler: GUILE signalisierte einen Fehler für den hier beginnenden Ausdruck
 \set Staff.clefGlyph = #"clefs.perc" \set Staff.clefPosition = #
                                                                 NaN \set Staff.clefTransposition = #0 \set Staff.middleCPosition = #NaN \set Staff.middleCClefPosition = #NaN \key c \major
/home/rettinghaus/github/mei-test-set/MEI-test-set/MEI/staves/two-line-staff.ly:32:134: Fehler: GUILE signalisierte einen Fehler für den hier beginnenden Ausdruck
 \set Staff.clefGlyph = #"clefs.perc" \set Staff.clefPosition = #NaN \set Staff.clefTransposition = #0 \set Staff.middleCPosition = #
                                                                                                                                     NaN \set Staff.middleCClefPosition = #NaN \key c \major
/home/rettinghaus/github/mei-test-set/MEI-test-set/MEI/staves/two-line-staff.ly:32:172: Fehler: GUILE signalisierte einen Fehler für den hier beginnenden Ausdruck
 \set Staff.clefGlyph = #"clefs.perc" \set Staff.clefPosition = #NaN \set Staff.clefTransposition = #0 \set Staff.middleCPosition = #NaN \set Staff.middleCClefPosition = #
                                                                                                                                                                           NaN \key c \major
Warnung: Typprüfung für »clefPosition« gescheitert; Wert »#<unspecified>« muss vom Typ »number« sein
Warnung: Typprüfung für »middleCPosition« gescheitert; Wert »#<unspecified>« muss vom Typ »number« sein
Warnung: Typprüfung für »middleCClefPosition« gescheitert; Wert »#<unspecified>« muss vom Typ »number« sein
Warnung: Typprüfung für »clefPosition« gescheitert; Wert »#<unspecified>« muss vom Typ »number« sein
Warnung: Typprüfung für »middleCPosition« gescheitert; Wert »#<unspecified>« muss vom Typ »number« sein
Warnung: Typprüfung für »middleCClefPosition« gescheitert; Wert »#<unspecified>« muss vom Typ »number« sein
Warnung: Schlüssel »clefs.perc_change« nicht gefunden
Warnung: Schlüssel »clefs.perc« nicht gefunden
Warnung: Schlüssel »clefs.perc_change« nicht gefunden
Unbound variable: NaN
Unbound variable: NaN
Unbound variable: NaN
Unbound variable: NaN
Unbound variable: NaN
Unbound variable: NaN
schwerer Fehler: gescheiterte Dateien: "MEI-test-set/MEI/staves/two-line-staff.ly"
»MEI-test-set/MEI/beams-and-stems/two-stem-directions.ly« wird verarbeitet
Kompilation erfolgreich beendet
»MEI-test-set/MEI/beams-and-stems/beam-placement.ly« wird verarbeitet
Kompilation erfolgreich beendet
»MEI-test-set/MEI/beams-and-stems/beam-placement-2.ly« wird verarbeitet
Kompilation erfolgreich beendet
»MEI-test-set/MEI/beams-and-stems/stem-directions.ly« wird verarbeitet
Kompilation erfolgreich beendet
»MEI-test-set/MEI/beams-and-stems/over-barlines.ly« wird verarbeitet
Kompilation erfolgreich beendet
»MEI-test-set/MEI/beams-and-stems/stems-through-bar.ly« wird verarbeitet
Kompilation erfolgreich beendet
»MEI-test-set/MEI/beams-and-stems/stem-directions-2.ly« wird verarbeitet
Kompilation erfolgreich beendet
»MEI-test-set/MEI/trills/trill-speeds.ly« wird verarbeitet
Kompilation erfolgreich beendet
»MEI-test-set/MEI/trills/trills-accidentals.ly« wird verarbeitet
Kompilation erfolgreich beendet
»MEI-test-set/MEI/trills/trills.ly« wird verarbeitet
Kompilation erfolgreich beendet
»MEI-test-set/MEI/trills/trill-length.ly« wird verarbeitet
Kompilation erfolgreich beendet
»MEI-test-set/MEI/trills/trills-with-grace-notes.ly« wird verarbeitet
Kompilation erfolgreich beendet
»MEI-test-set/MEI/trills/multiple-voiced-trill.ly« wird verarbeitet
Kompilation erfolgreich beendet
»MEI-test-set/MEI/trills/note-change.ly« wird verarbeitet
Kompilation erfolgreich beendet
»MEI-test-set/MEI/clefs/soprano-clef.ly« wird verarbeitet
Kompilation erfolgreich beendet
»MEI-test-set/MEI/clefs/bass-up-15-clef.ly« wird verarbeitet
Kompilation erfolgreich beendet
»MEI-test-set/MEI/clefs/percussion-clef.ly« wird verarbeitet
/home/rettinghaus/github/mei-test-set/MEI-test-set/MEI/clefs/percussion-clef.ly:21:67: Fehler: GUILE signalisierte einen Fehler für den hier beginnenden Ausdruck
  \set Staff.clefGlyph = #"clefs.perc" \set Staff.clefPosition = #
                                                                  NaN \set Staff.clefTransposition = #0 \set Staff.middleCPosition = #NaN \set Staff.middleCClefPosition = #NaN 
/home/rettinghaus/github/mei-test-set/MEI-test-set/MEI/clefs/percussion-clef.ly:21:135: Fehler: GUILE signalisierte einen Fehler für den hier beginnenden Ausdruck
  \set Staff.clefGlyph = #"clefs.perc" \set Staff.clefPosition = #NaN \set Staff.clefTransposition = #0 \set Staff.middleCPosition = #
                                                                                                                                      NaN \set Staff.middleCClefPosition = #NaN 
/home/rettinghaus/github/mei-test-set/MEI-test-set/MEI/clefs/percussion-clef.ly:21:173: Fehler: GUILE signalisierte einen Fehler für den hier beginnenden Ausdruck
  \set Staff.clefGlyph = #"clefs.perc" \set Staff.clefPosition = #NaN \set Staff.clefTransposition = #0 \set Staff.middleCPosition = #NaN \set Staff.middleCClefPosition = #
                                                                                                                                                                            NaN 
/home/rettinghaus/github/mei-test-set/MEI-test-set/MEI/clefs/percussion-clef.ly:31:66: Fehler: GUILE signalisierte einen Fehler für den hier beginnenden Ausdruck
 \set Staff.clefGlyph = #"clefs.perc" \set Staff.clefPosition = #
                                                                 NaN \set Staff.clefTransposition = #0 \set Staff.middleCPosition = #NaN \set Staff.middleCClefPosition = #NaN \key c \major
/home/rettinghaus/github/mei-test-set/MEI-test-set/MEI/clefs/percussion-clef.ly:31:134: Fehler: GUILE signalisierte einen Fehler für den hier beginnenden Ausdruck
 \set Staff.clefGlyph = #"clefs.perc" \set Staff.clefPosition = #NaN \set Staff.clefTransposition = #0 \set Staff.middleCPosition = #
                                                                                                                                     NaN \set Staff.middleCClefPosition = #NaN \key c \major
/home/rettinghaus/github/mei-test-set/MEI-test-set/MEI/clefs/percussion-clef.ly:31:172: Fehler: GUILE signalisierte einen Fehler für den hier beginnenden Ausdruck
 \set Staff.clefGlyph = #"clefs.perc" \set Staff.clefPosition = #NaN \set Staff.clefTransposition = #0 \set Staff.middleCPosition = #NaN \set Staff.middleCClefPosition = #
                                                                                                                                                                           NaN \key c \major
Warnung: Typprüfung für »clefPosition« gescheitert; Wert »#<unspecified>« muss vom Typ »number« sein
Warnung: Typprüfung für »middleCPosition« gescheitert; Wert »#<unspecified>« muss vom Typ »number« sein
Warnung: Typprüfung für »middleCClefPosition« gescheitert; Wert »#<unspecified>« muss vom Typ »number« sein
Warnung: Typprüfung für »clefPosition« gescheitert; Wert »#<unspecified>« muss vom Typ »number« sein
Warnung: Typprüfung für »middleCPosition« gescheitert; Wert »#<unspecified>« muss vom Typ »number« sein
Warnung: Typprüfung für »middleCClefPosition« gescheitert; Wert »#<unspecified>« muss vom Typ »number« sein
Warnung: Schlüssel »clefs.perc_change« nicht gefunden
Warnung: Schlüssel »clefs.perc« nicht gefunden
Warnung: Schlüssel »clefs.perc_change« nicht gefunden
Unbound variable: NaN
Unbound variable: NaN
Unbound variable: NaN
Unbound variable: NaN
Unbound variable: NaN
Unbound variable: NaN
schwerer Fehler: gescheiterte Dateien: "MEI-test-set/MEI/clefs/percussion-clef.ly"
»MEI-test-set/MEI/clefs/changing-clefs-2.ly« wird verarbeitet
Kompilation erfolgreich beendet
»MEI-test-set/MEI/clefs/changing-clefs.ly« wird verarbeitet
Kompilation erfolgreich beendet
»MEI-test-set/MEI/clefs/baritone-bass-clef.ly« wird verarbeitet
Kompilation erfolgreich beendet
»MEI-test-set/MEI/clefs/changing-clefs-3.ly« wird verarbeitet
Kompilation erfolgreich beendet
»MEI-test-set/MEI/clefs/changing-clefs-5.ly« wird verarbeitet
Kompilation erfolgreich beendet
»MEI-test-set/MEI/clefs/changing-clefs-6.ly« wird verarbeitet
Kompilation erfolgreich beendet
»MEI-test-set/MEI/clefs/treble-down-8-cle-2.ly« wird verarbeitet
Kompilation erfolgreich beendet
»MEI-test-set/MEI/clefs/sub-bass-clef.ly« wird verarbeitet
Kompilation erfolgreich beendet
»MEI-test-set/MEI/clefs/bass-down-8-clef.ly« wird verarbeitet
Kompilation erfolgreich beendet
»MEI-test-set/MEI/clefs/mezzo-soprano-clef.ly« wird verarbeitet
Kompilation erfolgreich beendet
»MEI-test-set/MEI/clefs/bass-up-8-clef.ly« wird verarbeitet
Kompilation erfolgreich beendet
»MEI-test-set/MEI/clefs/changing-clefs-4.ly« wird verarbeitet
Kompilation erfolgreich beendet
»MEI-test-set/MEI/clefs/treble-down-8-clef.ly« wird verarbeitet
Kompilation erfolgreich beendet
»MEI-test-set/MEI/clefs/treble-up-15-clef.ly« wird verarbeitet
Kompilation erfolgreich beendet
»MEI-test-set/MEI/clefs/french-violin-clef.ly« wird verarbeitet
Kompilation erfolgreich beendet
»MEI-test-set/MEI/clefs/treble-up-8.ly« wird verarbeitet
Kompilation erfolgreich beendet
»MEI-test-set/MEI/clefs/baritone-clef.ly« wird verarbeitet
Kompilation erfolgreich beendet
»MEI-test-set/MEI/clefs/treble-clef.ly« wird verarbeitet
Kompilation erfolgreich beendet
»MEI-test-set/MEI/clefs/bass-clef.ly« wird verarbeitet
Kompilation erfolgreich beendet
»MEI-test-set/MEI/clefs/tenor-clef.ly« wird verarbeitet
Kompilation erfolgreich beendet
»MEI-test-set/MEI/clefs/treble-down-8-old-clef.ly« wird verarbeitet
Kompilation erfolgreich beendet
»MEI-test-set/MEI/clefs/alto-clef.ly« wird verarbeitet
Kompilation erfolgreich beendet
»MEI-test-set/MEI/grace-notes/grace-notes.ly« wird verarbeitet
Kompilation erfolgreich beendet
»MEI-test-set/MEI/grace-notes/fixed-slurs.ly« wird verarbeitet
/home/rettinghaus/github/mei-test-set/MEI-test-set/MEI/grace-notes/fixed-slurs.ly:21:329: Fehler: syntax error, unexpected '}'
  \set Staff.clefGlyph = #"clefs.G" \set Staff.clefPosition = #-2 \set Staff.clefTransposition = #0 \set Staff.middleCPosition = #-6 \set Staff.middleCClefPosition = #-6 << { \stemUp \grace d''8 e''4 \grace {c''16[ d''16]} e''8[ \grace f''8 g''8 \grace a''8]} e''8[ \grace b''8 f''16 \grace e''8 a''16 \grace a''16 b''16 c'''16]
                                                                                                                                                                                                                                                                                                                                        } d'''4 } \\ { \stemDown \grace f'8 g'4 \grace {g'16[ f'16]} e'8[ \grace a'8 b'8 \grace e'8]} g'8[ \grace d'8 a'8] r4 } >> %1
/home/rettinghaus/github/mei-test-set/MEI-test-set/MEI/grace-notes/fixed-slurs.ly:21:337: Fehler: syntax error, unexpected '}'
  \set Staff.clefGlyph = #"clefs.G" \set Staff.clefPosition = #-2 \set Staff.clefTransposition = #0 \set Staff.middleCPosition = #-6 \set Staff.middleCClefPosition = #-6 << { \stemUp \grace d''8 e''4 \grace {c''16[ d''16]} e''8[ \grace f''8 g''8 \grace a''8]} e''8[ \grace b''8 f''16 \grace e''8 a''16 \grace a''16 b''16 c'''16]} d'''4 
                                                                                                                                                                                                                                                                                                                                                } \\ { \stemDown \grace f'8 g'4 \grace {g'16[ f'16]} e'8[ \grace a'8 b'8 \grace e'8]} g'8[ \grace d'8 a'8] r4 } >> %1
/home/rettinghaus/github/mei-test-set/MEI-test-set/MEI/grace-notes/fixed-slurs.ly:21:447: Fehler: syntax error, unexpected '}'
  \set Staff.clefGlyph = #"clefs.G" \set Staff.clefPosition = #-2 \set Staff.clefTransposition = #0 \set Staff.middleCPosition = #-6 \set Staff.middleCClefPosition = #-6 << { \stemUp \grace d''8 e''4 \grace {c''16[ d''16]} e''8[ \grace f''8 g''8 \grace a''8]} e''8[ \grace b''8 f''16 \grace e''8 a''16 \grace a''16 b''16 c'''16]} d'''4 } \\ { \stemDown \grace f'8 g'4 \grace {g'16[ f'16]} e'8[ \grace a'8 b'8 \grace e'8]} g'8[ \grace d'8 a'8] r4 
                                                                                                                                                                                                                                                                                                                                                                                                                                                              } >> %1
/home/rettinghaus/github/mei-test-set/MEI-test-set/MEI/grace-notes/fixed-slurs.ly:26:10: Fehler: Fehler gefunden, musikalischer Ausdruck wird ignoriert
\score { 
         <<
schwerer Fehler: gescheiterte Dateien: "MEI-test-set/MEI/grace-notes/fixed-slurs.ly"
»MEI-test-set/MEI/grace-notes/over-bar.ly« wird verarbeitet
Kompilation erfolgreich beendet
»MEI-test-set/MEI/grace-notes/grace-note-slurs.ly« wird verarbeitet
/home/rettinghaus/github/mei-test-set/MEI-test-set/MEI/grace-notes/grace-note-slurs.ly:21:321: Fehler: syntax error, unexpected '}'
  \set Staff.clefGlyph = #"clefs.G" \set Staff.clefPosition = #-2 \set Staff.clefTransposition = #0 \set Staff.middleCPosition = #-6 \set Staff.middleCClefPosition = #-6 << { \grace d''8 e''4 \grace {c''16[ d''16]} e''8[ \grace f''8 g''8 \grace a''8]} e''8[ \grace b''8 f''16 \grace e''8 a''16 \grace a''16 b''16 c'''16]
                                                                                                                                                                                                                                                                                                                                } d'''4 } \\ { \grace f'8 g'4 \grace {g'16[ f'16]} e'8[ \grace a'8 b'8 \grace e'8]} g'8[ \grace d'8 a'8] r4 } >> %1
/home/rettinghaus/github/mei-test-set/MEI-test-set/MEI/grace-notes/grace-note-slurs.ly:21:329: Fehler: syntax error, unexpected '}'
  \set Staff.clefGlyph = #"clefs.G" \set Staff.clefPosition = #-2 \set Staff.clefTransposition = #0 \set Staff.middleCPosition = #-6 \set Staff.middleCClefPosition = #-6 << { \grace d''8 e''4 \grace {c''16[ d''16]} e''8[ \grace f''8 g''8 \grace a''8]} e''8[ \grace b''8 f''16 \grace e''8 a''16 \grace a''16 b''16 c'''16]} d'''4 
                                                                                                                                                                                                                                                                                                                                        } \\ { \grace f'8 g'4 \grace {g'16[ f'16]} e'8[ \grace a'8 b'8 \grace e'8]} g'8[ \grace d'8 a'8] r4 } >> %1
/home/rettinghaus/github/mei-test-set/MEI-test-set/MEI/grace-notes/grace-note-slurs.ly:21:429: Fehler: syntax error, unexpected '}'
  \set Staff.clefGlyph = #"clefs.G" \set Staff.clefPosition = #-2 \set Staff.clefTransposition = #0 \set Staff.middleCPosition = #-6 \set Staff.middleCClefPosition = #-6 << { \grace d''8 e''4 \grace {c''16[ d''16]} e''8[ \grace f''8 g''8 \grace a''8]} e''8[ \grace b''8 f''16 \grace e''8 a''16 \grace a''16 b''16 c'''16]} d'''4 } \\ { \grace f'8 g'4 \grace {g'16[ f'16]} e'8[ \grace a'8 b'8 \grace e'8]} g'8[ \grace d'8 a'8] r4 
                                                                                                                                                                                                                                                                                                                                                                                                                                            } >> %1
/home/rettinghaus/github/mei-test-set/MEI-test-set/MEI/grace-notes/grace-note-slurs.ly:26:10: Fehler: Fehler gefunden, musikalischer Ausdruck wird ignoriert
\score { 
         <<
schwerer Fehler: gescheiterte Dateien: "MEI-test-set/MEI/grace-notes/grace-note-slurs.ly"
»MEI-test-set/MEI/grace-notes/artic-on-grace-notes.ly« wird verarbeitet
Kompilation erfolgreich beendet
»MEI-test-set/MEI/grace-notes/more-articulation.ly« wird verarbeitet
Kompilation erfolgreich beendet
»MEI-test-set/MEI/grace-notes/slur-placement.ly« wird verarbeitet
/home/rettinghaus/github/mei-test-set/MEI-test-set/MEI/grace-notes/slur-placement.ly:22:172: Fehler: syntax error, unexpected '}'
  << { \stemUp \grace g'8 \stemDown c''4. \stemDown d''!8[ \stemUp \grace a''16 \stemUp g''16 \stemUp f''16]} \stemDown e''8[ \stemDown d''8 \stemDown c''8 \stemDown b'8] 
                                                                                                                                                                           } >> %2
/home/rettinghaus/github/mei-test-set/MEI-test-set/MEI/grace-notes/slur-placement.ly:23:171: Fehler: syntax error, unexpected '}'
  << { \stemUp \grace g'8 \stemDown c''4. \stemDown d''8[ \stemUp \grace a''16 \stemUp g''16 \stemUp f''16]} \stemDown e''8[ \stemDown d''8 \stemDown c''8 \stemDown b'8] 
                                                                                                                                                                          } >> \bar "|." %3
/home/rettinghaus/github/mei-test-set/MEI-test-set/MEI/grace-notes/slur-placement.ly:27:10: Fehler: Fehler gefunden, musikalischer Ausdruck wird ignoriert
\score { 
         <<
schwerer Fehler: gescheiterte Dateien: "MEI-test-set/MEI/grace-notes/slur-placement.ly"
»MEI-test-set/MEI/grace-notes/dynamic-placement.ly« wird verarbeitet
Kompilation erfolgreich beendet
»MEI-test-set/MEI/grace-notes/two-parts-aligned.ly« wird verarbeitet
/home/rettinghaus/github/mei-test-set/MEI-test-set/MEI/grace-notes/two-parts-aligned.ly:21:295: Warnung: Keine funktionsfähige Anfangskonfiguration gefunden: Es kann evtl. keine optimale Balkenneigung gefunden werden
  \set Staff.clefGlyph = #"clefs.G" \set Staff.clefPosition = #-2 \set Staff.clefTransposition = #0 \set Staff.middleCPosition = #-6 \set Staff.middleCClefPosition = #-6 << { \stemUp \grace g'16 a'16 b'16 \stemDown c''8[ \stemDown g'8 \stemDown d''8 \stemDown b'8] \stemDown d''4 \stemDown b''8
                                                                                                                                                                                                                                                                                                      [ \stemUp \grace a''16 \stemUp g''16 \stemUp f''16 \stemUp e''16 \stemDown g''8] } >> \bar "|." %1
/home/rettinghaus/github/mei-test-set/MEI-test-set/MEI/grace-notes/two-parts-aligned.ly:21:326: Warnung: Eigenartige Notenhalslänge; auf enge Balken überprüfen
  \set Staff.clefGlyph = #"clefs.G" \set Staff.clefPosition = #-2 \set Staff.clefTransposition = #0 \set Staff.middleCPosition = #-6 \set Staff.middleCClefPosition = #-6 << { \stemUp \grace g'16 a'16 b'16 \stemDown c''8[ \stemDown g'8 \stemDown d''8 \stemDown b'8] \stemDown d''4 \stemDown b''8[ \stemUp \grace a''16 \stemUp 
                                                                                                                                                                                                                                                                                                                                     g''16 \stemUp f''16 \stemUp e''16 \stemDown g''8] } >> \bar "|." %1
/home/rettinghaus/github/mei-test-set/MEI-test-set/MEI/grace-notes/two-parts-aligned.ly:21:340: Warnung: Eigenartige Notenhalslänge; auf enge Balken überprüfen
  \set Staff.clefGlyph = #"clefs.G" \set Staff.clefPosition = #-2 \set Staff.clefTransposition = #0 \set Staff.middleCPosition = #-6 \set Staff.middleCClefPosition = #-6 << { \stemUp \grace g'16 a'16 b'16 \stemDown c''8[ \stemDown g'8 \stemDown d''8 \stemDown b'8] \stemDown d''4 \stemDown b''8[ \stemUp \grace a''16 \stemUp g''16 \stemUp 
                                                                                                                                                                                                                                                                                                                                                   f''16 \stemUp e''16 \stemDown g''8] } >> \bar "|." %1
/home/rettinghaus/github/mei-test-set/MEI-test-set/MEI/grace-notes/two-parts-aligned.ly:21:354: Warnung: Eigenartige Notenhalslänge; auf enge Balken überprüfen
  \set Staff.clefGlyph = #"clefs.G" \set Staff.clefPosition = #-2 \set Staff.clefTransposition = #0 \set Staff.middleCPosition = #-6 \set Staff.middleCClefPosition = #-6 << { \stemUp \grace g'16 a'16 b'16 \stemDown c''8[ \stemDown g'8 \stemDown d''8 \stemDown b'8] \stemDown d''4 \stemDown b''8[ \stemUp \grace a''16 \stemUp g''16 \stemUp f''16 \stemUp 
                                                                                                                                                                                                                                                                                                                                                                 e''16 \stemDown g''8] } >> \bar "|." %1
Warnung: Kasten mit negativen Ausmaßen wird nicht gezeichnet, 0.13 mal -0.23.
Warnung: Kasten mit negativen Ausmaßen wird nicht gezeichnet, 0.13 mal -0.24.
Warnung: Kasten mit negativen Ausmaßen wird nicht gezeichnet, 0.13 mal -0.24.
Kompilation erfolgreich beendet
»MEI-test-set/MEI/grace-notes/two-voice-grace-notes.ly« wird verarbeitet
Kompilation erfolgreich beendet
»MEI-test-set/MEI/articulation/multiple-articulations.ly« wird verarbeitet
Kompilation erfolgreich beendet
»MEI-test-set/MEI/articulation/two-parts-articulation.ly« wird verarbeitet
Kompilation erfolgreich beendet
»MEI-test-set/MEI/articulation/multiple-dots.ly« wird verarbeitet
Kompilation erfolgreich beendet
»MEI-test-set/MEI/articulation/stacc-up-and-down.ly« wird verarbeitet
Kompilation erfolgreich beendet
»MEI-test-set/MEI/articulation/artic-with-slurs.ly« wird verarbeitet
/home/rettinghaus/github/mei-test-set/MEI-test-set/MEI/articulation/artic-with-slurs.ly:22:3: Warnung: mid-measure time signature without \partial
  
  \time 6/8 
Kompilation erfolgreich beendet
»MEI-test-set/MEI/articulation/ledger-lines.ly« wird verarbeitet
Kompilation erfolgreich beendet
»MEI-test-set/MEI/articulation/repeated-articulation.ly« wird verarbeitet
Kompilation erfolgreich beendet
»MEI-test-set/MEI/articulation/articulations.ly« wird verarbeitet
Kompilation erfolgreich beendet
»MEI-test-set/MEI/articulation/artic-on-whole.ly« wird verarbeitet
Kompilation erfolgreich beendet
»MEI-test-set/MEI/articulation/accents-up-and-down.ly« wird verarbeitet
Kompilation erfolgreich beendet
»MEI-test-set/MEI/articulation/dotted-and-staccato.ly« wird verarbeitet
Kompilation erfolgreich beendet
»MEI-test-set/MEI/articulation/staccato-simile.ly« wird verarbeitet
Kompilation erfolgreich beendet
»MEI-test-set/MEI/tuplets/alignment.ly« wird verarbeitet
Kompilation erfolgreich beendet
»MEI-test-set/MEI/tuplets/ratios-no-literal.ly« wird verarbeitet
/home/rettinghaus/github/mei-test-set/MEI-test-set/MEI/tuplets/ratios-no-literal.ly:24:3: Warnung: mid-measure time signature without \partial
  
  \time 7/8 
/home/rettinghaus/github/mei-test-set/MEI-test-set/MEI/tuplets/ratios-no-literal.ly:28:3: Warnung: mid-measure time signature without \partial
  
  \time 9/8 
Kompilation erfolgreich beendet
»MEI-test-set/MEI/tuplets/tuplets-articulation.ly« wird verarbeitet
Warnung: erzwungener Umbruch war durch anderes Ereignis aufgehoben, sollten Taktüberprüfungen vorgenommen werden?
Kompilation erfolgreich beendet
»MEI-test-set/MEI/tuplets/mixed-value.ly« wird verarbeitet
/home/rettinghaus/github/mei-test-set/MEI-test-set/MEI/tuplets/mixed-value.ly:22:3: Warnung: mid-measure time signature without \partial
  
  \time 2/4 
Kompilation erfolgreich beendet
»MEI-test-set/MEI/tuplets/bracket-placement.ly« wird verarbeitet
Warnung: erzwungener Umbruch war durch anderes Ereignis aufgehoben, sollten Taktüberprüfungen vorgenommen werden?
Warnung: erzwungener Umbruch war durch anderes Ereignis aufgehoben, sollten Taktüberprüfungen vorgenommen werden?
Kompilation erfolgreich beendet
»MEI-test-set/MEI/tuplets/tuplets-2.ly« wird verarbeitet
Kompilation erfolgreich beendet
»MEI-test-set/MEI/tuplets/tuplet-brackets.ly« wird verarbeitet
/home/rettinghaus/github/mei-test-set/MEI-test-set/MEI/tuplets/tuplet-brackets.ly:23:3: Warnung: mid-measure time signature without \partial
  
  \time 2/4 
Kompilation erfolgreich beendet
»MEI-test-set/MEI/tuplets/beamed-accentuation-2.ly« wird verarbeitet
Kompilation erfolgreich beendet
»MEI-test-set/MEI/tuplets/ratios.ly« wird verarbeitet
Kompilation erfolgreich beendet
»MEI-test-set/MEI/tuplets/note-value.ly« wird verarbeitet
Kompilation erfolgreich beendet
»MEI-test-set/MEI/tuplets/tuplets-articulation-2-parts.ly« wird verarbeitet
Kompilation erfolgreich beendet
»MEI-test-set/MEI/tuplets/tuplets.ly« wird verarbeitet
/home/rettinghaus/github/mei-test-set/MEI-test-set/MEI/tuplets/tuplets.ly:22:3: Warnung: mid-measure time signature without \partial
  
  \time 6/8 
/home/rettinghaus/github/mei-test-set/MEI-test-set/MEI/tuplets/tuplets.ly:24:31: Warnung: mid-measure time signature without \partial
  \once \numericTimeSignature 
                              \time 2/2 
/home/rettinghaus/github/mei-test-set/MEI-test-set/MEI/tuplets/tuplets.ly:26:31: Warnung: mid-measure time signature without \partial
  \once \numericTimeSignature 
                              \time 4/4 
/home/rettinghaus/github/mei-test-set/MEI-test-set/MEI/tuplets/tuplets.ly:27:45: Warnung: Balken bereits vorhanden
  << { \tuplet 3/2 { g'8[ \tuplet 3/2 { g'16
                                            [ g'16 g'16] } g'8] } r4 r4 \tuplet 3/2 { r8 r8 f'32[ g'32 a'32 c''32] } } >> %4
Kompilation erfolgreich beendet
»MEI-test-set/MEI/tuplets/tuplets-two-parts.ly« wird verarbeitet
Kompilation erfolgreich beendet
»MEI-test-set/MEI/tuplets/triplets.ly« wird verarbeitet
/home/rettinghaus/github/mei-test-set/MEI-test-set/MEI/tuplets/triplets.ly:22:3: Warnung: mid-measure time signature without \partial
  
  \time 6/8 
/home/rettinghaus/github/mei-test-set/MEI-test-set/MEI/tuplets/triplets.ly:24:3: Warnung: mid-measure time signature without \partial
  
  \time 2/4 
Kompilation erfolgreich beendet
»MEI-test-set/MEI/tuplets/beamed-accentuation.ly« wird verarbeitet
Kompilation erfolgreich beendet
»MEI-test-set/MEI/tuplets/tuplet-brackets-2.ly« wird verarbeitet
Kompilation erfolgreich beendet
»MEI-test-set/MEI/repeats/mid-bar-repeat.ly« wird verarbeitet
Kompilation erfolgreich beendet
»MEI-test-set/MEI/repeats/da-capo.ly« wird verarbeitet
Kompilation erfolgreich beendet
»MEI-test-set/MEI/repeats/changes-after-repeats.ly« wird verarbeitet
Kompilation erfolgreich beendet
»MEI-test-set/MEI/repeats/3-repeats-2.ly« wird verarbeitet
Warnung: Volta-Klammer kann nicht beendet werden
Kompilation erfolgreich beendet
»MEI-test-set/MEI/repeats/simple-repeat.ly« wird verarbeitet
Kompilation erfolgreich beendet
»MEI-test-set/MEI/repeats/coda.ly« wird verarbeitet
Kompilation erfolgreich beendet
»MEI-test-set/MEI/repeats/3-repeats.ly« wird verarbeitet
Kompilation erfolgreich beendet
»MEI-test-set/MEI/repeats/second-time-difference.ly« wird verarbeitet
Warnung: Volta-Klammer kann nicht beendet werden
Kompilation erfolgreich beendet
»MEI-test-set/MEI/repeats/repeat-with-endings.ly« wird verarbeitet
Warnung: Volta-Klammer kann nicht beendet werden
Kompilation erfolgreich beendet
»MEI-test-set/MEI/repeats/dal-segno.ly« wird verarbeitet
Kompilation erfolgreich beendet
»MEI-test-set/MEI/repeats/repeated-bars.ly« wird verarbeitet
Kompilation erfolgreich beendet
»MEI-test-set/MEI/repeats/repeats-positioning.ly« wird verarbeitet
Kompilation erfolgreich beendet
»MEI-test-set/MEI/dynamics/dynamics-1.ly« wird verarbeitet
Kompilation erfolgreich beendet
»MEI-test-set/MEI/dynamics/poco-molto.ly« wird verarbeitet
Kompilation erfolgreich beendet
»MEI-test-set/MEI/dynamics/subito.ly« wird verarbeitet
Kompilation erfolgreich beendet
»MEI-test-set/MEI/dynamics/forte.ly« wird verarbeitet
Kompilation erfolgreich beendet
»MEI-test-set/MEI/dynamics/long-cresc.ly« wird verarbeitet
Kompilation erfolgreich beendet
»MEI-test-set/MEI/dynamics/cresc-new-line.ly« wird verarbeitet
Kompilation erfolgreich beendet
»MEI-test-set/MEI/dynamics/dynamic-placement.ly« wird verarbeitet
Kompilation erfolgreich beendet
»MEI-test-set/MEI/arpeggios/arpeggios.ly« wird verarbeitet
Kompilation erfolgreich beendet
»MEI-test-set/MEI/arpeggios/written-out.ly« wird verarbeitet
Kompilation erfolgreich beendet
»MEI-test-set/MEI/arpeggios/stop-start-arpegg.ly« wird verarbeitet
Kompilation erfolgreich beendet
»MEI-test-set/MEI/arpeggios/broken-arpegg.ly« wird verarbeitet
Kompilation erfolgreich beendet
»MEI-test-set/MEI/arpeggios/over-staves.ly« wird verarbeitet
/home/rettinghaus/github/mei-test-set/MEI-test-set/MEI/arpeggios/over-staves.ly:26:285: Warnung: unbegrenzter Bindebogen
  \set Staff.clefGlyph = #"clefs.F" \set Staff.clefPosition = #2 \set Staff.clefTransposition = #0 \set Staff.middleCPosition = #6 \set Staff.middleCClefPosition = #6 << { s4. \stemUp f8~[ a8~ \change Staff = "staff 1" \stemDown c'8~] \change Staff = "staff 2" } \\ { \stemNeutral g,8
                                                                                                                                                                                                                                                                                            ~[ b,8~ d8~] < g,~ b,~ d~ >4. } >> %1
/home/rettinghaus/github/mei-test-set/MEI-test-set/MEI/arpeggios/over-staves.ly:26:291: Warnung: unbegrenzter Bindebogen
  \set Staff.clefGlyph = #"clefs.F" \set Staff.clefPosition = #2 \set Staff.clefTransposition = #0 \set Staff.middleCPosition = #6 \set Staff.middleCClefPosition = #6 << { s4. \stemUp f8~[ a8~ \change Staff = "staff 1" \stemDown c'8~] \change Staff = "staff 2" } \\ { \stemNeutral g,8~[ b,8
                                                                                                                                                                                                                                                                                                  ~ d8~] < g,~ b,~ d~ >4. } >> %1
/home/rettinghaus/github/mei-test-set/MEI-test-set/MEI/arpeggios/over-staves.ly:26:187: Warnung: unbegrenzter Bindebogen
  \set Staff.clefGlyph = #"clefs.F" \set Staff.clefPosition = #2 \set Staff.clefTransposition = #0 \set Staff.middleCPosition = #6 \set Staff.middleCClefPosition = #6 << { s4. \stemUp f8
                                                                                                                                                                                          ~[ a8~ \change Staff = "staff 1" \stemDown c'8~] \change Staff = "staff 2" } \\ { \stemNeutral g,8~[ b,8~ d8~] < g,~ b,~ d~ >4. } >> %1
/home/rettinghaus/github/mei-test-set/MEI-test-set/MEI/arpeggios/over-staves.ly:26:192: Warnung: unbegrenzter Bindebogen
  \set Staff.clefGlyph = #"clefs.F" \set Staff.clefPosition = #2 \set Staff.clefTransposition = #0 \set Staff.middleCPosition = #6 \set Staff.middleCClefPosition = #6 << { s4. \stemUp f8~[ a8
                                                                                                                                                                                               ~ \change Staff = "staff 1" \stemDown c'8~] \change Staff = "staff 2" } \\ { \stemNeutral g,8~[ b,8~ d8~] < g,~ b,~ d~ >4. } >> %1
/home/rettinghaus/github/mei-test-set/MEI-test-set/MEI/arpeggios/over-staves.ly:27:10: Warnung: Notenkopf wird zu inkompatiblem Hals (Typ = 1/8) hinzugefügt
  << { < 
         f a >2. } \\ { < g, b, d >2. } >> \bar "|." %2
/home/rettinghaus/github/mei-test-set/MEI-test-set/MEI/arpeggios/over-staves.ly:27:10: Warnung: vielleicht sollte die Eingabe mehrere Stimmen erstellen
  << { < 
         f a >2. } \\ { < g, b, d >2. } >> \bar "|." %2
/home/rettinghaus/github/mei-test-set/MEI-test-set/MEI/arpeggios/over-staves.ly:27:12: Warnung: Notenkopf wird zu inkompatiblem Hals (Typ = 1/8) hinzugefügt
  << { < f 
           a >2. } \\ { < g, b, d >2. } >> \bar "|." %2
/home/rettinghaus/github/mei-test-set/MEI-test-set/MEI/arpeggios/over-staves.ly:27:12: Warnung: vielleicht sollte die Eingabe mehrere Stimmen erstellen
  << { < f 
           a >2. } \\ { < g, b, d >2. } >> \bar "|." %2
/home/rettinghaus/github/mei-test-set/MEI-test-set/MEI/arpeggios/over-staves.ly:26:233: Warnung: unbegrenzter Bindebogen
  \set Staff.clefGlyph = #"clefs.F" \set Staff.clefPosition = #2 \set Staff.clefTransposition = #0 \set Staff.middleCPosition = #6 \set Staff.middleCClefPosition = #6 << { s4. \stemUp f8~[ a8~ \change Staff = "staff 1" \stemDown c'8
                                                                                                                                                                                                                                        ~] \change Staff = "staff 2" } \\ { \stemNeutral g,8~[ b,8~ d8~] < g,~ b,~ d~ >4. } >> %1
/home/rettinghaus/github/mei-test-set/MEI-test-set/MEI/arpeggios/over-staves.ly:22:11: Warnung: unbegrenzter Bindebogen
  << { e'8
          ~[ g'8~ b'8~] < e' g' b' >4. } \\ { c'2. } >> \bar "|." %2
/home/rettinghaus/github/mei-test-set/MEI-test-set/MEI/arpeggios/over-staves.ly:22:11: Warnung: unbegrenzter Bindebogen
  << { e'8
          ~[ g'8~ b'8~] < e' g' b' >4. } \\ { c'2. } >> \bar "|." %2
/home/rettinghaus/github/mei-test-set/MEI-test-set/MEI/arpeggios/over-staves.ly:22:11: Warnung: unbegrenzter Bindebogen
  << { e'8
          ~[ g'8~ b'8~] < e' g' b' >4. } \\ { c'2. } >> \bar "|." %2
/home/rettinghaus/github/mei-test-set/MEI-test-set/MEI/arpeggios/over-staves.ly:22:17: Warnung: unbegrenzter Bindebogen
  << { e'8~[ g'8
                ~ b'8~] < e' g' b' >4. } \\ { c'2. } >> \bar "|." %2
Kompilation erfolgreich beendet
»MEI-test-set/MEI/arpeggios/dynamics.ly« wird verarbeitet
Kompilation erfolgreich beendet
»MEI-test-set/MEI/arpeggios/vib-changes.ly« wird verarbeitet
Kompilation erfolgreich beendet
»MEI-test-set/MEI/chords/cluster-chords-2.ly« wird verarbeitet
Kompilation erfolgreich beendet
»MEI-test-set/MEI/chords/dotted-3.ly« wird verarbeitet
Kompilation erfolgreich beendet
»MEI-test-set/MEI/chords/crossing-stems.ly« wird verarbeitet
Kompilation erfolgreich beendet
»MEI-test-set/MEI/chords/dotted-2-voiced.ly« wird verarbeitet
Kompilation erfolgreich beendet
»MEI-test-set/MEI/chords/crossing-stems-2.ly« wird verarbeitet
Kompilation erfolgreich beendet
»MEI-test-set/MEI/chords/unisons-5.ly« wird verarbeitet
Kompilation erfolgreich beendet
»MEI-test-set/MEI/chords/dotted-2.ly« wird verarbeitet
Kompilation erfolgreich beendet
»MEI-test-set/MEI/chords/cluster-chords-stem-directions.ly« wird verarbeitet
Kompilation erfolgreich beendet
»MEI-test-set/MEI/chords/dotted-4.ly« wird verarbeitet
Kompilation erfolgreich beendet
»MEI-test-set/MEI/chords/unisons-4.ly« wird verarbeitet
Kompilation erfolgreich beendet
»MEI-test-set/MEI/chords/dotted.ly« wird verarbeitet
Kompilation erfolgreich beendet
»MEI-test-set/MEI/chords/dotted-unison.ly« wird verarbeitet
Kompilation erfolgreich beendet
»MEI-test-set/MEI/chords/unisons-accidentals.ly« wird verarbeitet
Kompilation erfolgreich beendet
»MEI-test-set/MEI/chords/shared-note-heads.ly« wird verarbeitet
Kompilation erfolgreich beendet
»MEI-test-set/MEI/chords/crossing-whole-notes.ly« wird verarbeitet
Kompilation erfolgreich beendet
»MEI-test-set/MEI/chords/stem-directions.ly« wird verarbeitet
Kompilation erfolgreich beendet
»MEI-test-set/MEI/chords/unisons-2.ly« wird verarbeitet
Kompilation erfolgreich beendet
»MEI-test-set/MEI/chords/unisons.ly« wird verarbeitet
Kompilation erfolgreich beendet
»MEI-test-set/MEI/chords/chord-test.ly« wird verarbeitet
Kompilation erfolgreich beendet
»MEI-test-set/MEI/chords/unisons-accidentals-chords.ly« wird verarbeitet
Kompilation erfolgreich beendet
»MEI-test-set/MEI/chords/cluster-chords.ly« wird verarbeitet
Kompilation erfolgreich beendet
»MEI-test-set/MEI/chords/stem-directions-2.ly« wird verarbeitet
Kompilation erfolgreich beendet
»MEI-test-set/MEI/chords/unisons-3.ly« wird verarbeitet
Kompilation erfolgreich beendet
»MEI-test-set/MEI/chords/cluster-chords-whole-notes.ly« wird verarbeitet
Kompilation erfolgreich beendet
»MEI-test-set/MEI/chords/dotted-5.ly« wird verarbeitet
Kompilation erfolgreich beendet
»MEI-test-set/MEI/chords/cluster-chords-3.ly« wird verarbeitet
Kompilation erfolgreich beendet
»MEI-test-set/MEI/gliss/more-gliss.ly« wird verarbeitet
Kompilation erfolgreich beendet
»MEI-test-set/MEI/gliss/short-gliss.ly« wird verarbeitet
Kompilation erfolgreich beendet
»MEI-test-set/MEI/gliss/gliss-precision.ly« wird verarbeitet
Kompilation erfolgreich beendet
»MEI-test-set/MEI/gliss/interim-pitches.ly« wird verarbeitet
Kompilation erfolgreich beendet
»MEI-test-set/MEI/gliss/glissando.ly« wird verarbeitet
Kompilation erfolgreich beendet
»MEI-test-set/MEI/ties-slurs/dotted-slur.ly« wird verarbeitet
Kompilation erfolgreich beendet
»MEI-test-set/MEI/ties-slurs/ties-dotted.ly« wird verarbeitet
Kompilation erfolgreich beendet
»MEI-test-set/MEI/ties-slurs/open-ties.ly« wird verarbeitet
Kompilation erfolgreich beendet
»MEI-test-set/MEI/ties-slurs/ties-2-voices.ly« wird verarbeitet
Kompilation erfolgreich beendet
»MEI-test-set/MEI/ties-slurs/ties-unison.ly« wird verarbeitet
Kompilation erfolgreich beendet
»MEI-test-set/MEI/ties-slurs/ties-chords-2.ly« wird verarbeitet
Kompilation erfolgreich beendet
»MEI-test-set/MEI/ties-slurs/more-slurs.ly« wird verarbeitet
Kompilation erfolgreich beendet
»MEI-test-set/MEI/ties-slurs/with-tenuto.ly« wird verarbeitet
Kompilation erfolgreich beendet
»MEI-test-set/MEI/ties-slurs/ties-chords.ly« wird verarbeitet
Kompilation erfolgreich beendet
»MEI-test-set/MEI/ties-slurs/respelled.ly« wird verarbeitet
Kompilation erfolgreich beendet
»MEI-test-set/MEI/ties-slurs/ties-stems.ly« wird verarbeitet
Kompilation erfolgreich beendet
»MEI-test-set/MEI/ties-slurs/over-system.ly« wird verarbeitet
Kompilation erfolgreich beendet
»MEI-test-set/MEI/ties-slurs/both.ly« wird verarbeitet
Kompilation erfolgreich beendet
»MEI-test-set/MEI/ties-slurs/slurs-with-rests.ly« wird verarbeitet
Kompilation erfolgreich beendet
»MEI-test-set/MEI/ties-slurs/slurs-within-slurs.ly« wird verarbeitet
Kompilation erfolgreich beendet
»MEI-test-set/MEI/ties-slurs/ties.ly« wird verarbeitet
Kompilation erfolgreich beendet
»MEI-test-set/MEI/ties-slurs/ties-overlapping-voices.ly« wird verarbeitet
Kompilation erfolgreich beendet
»MEI-test-set/MEI/ties-slurs/ties-with-other-notes.ly« wird verarbeitet
Kompilation erfolgreich beendet
»MEI-test-set/MEI/ties-slurs/slured-chords.ly« wird verarbeitet
Kompilation erfolgreich beendet
»MEI-test-set/MEI/accidentals/all-accidentals.ly« wird verarbeitet
Kompilation erfolgreich beendet
»MEI-test-set/MEI/accidentals/grace-notes.ly« wird verarbeitet
Kompilation erfolgreich beendet
»MEI-test-set/MEI/accidentals/cancellation.ly« wird verarbeitet
Kompilation erfolgreich beendet
»MEI-test-set/MEI/accidentals/tied-notes.ly« wird verarbeitet
Kompilation erfolgreich beendet
»MEI-test-set/MEI/accidentals/quarter-tones.ly« wird verarbeitet
Kompilation erfolgreich beendet
»MEI-test-set/MEI/accidentals/key-sig.ly« wird verarbeitet
Kompilation erfolgreich beendet
»MEI-test-set/MEI/accidentals/cancellation-repeated-notes.ly« wird verarbeitet
Kompilation erfolgreich beendet
»MEI-test-set/MEI/accidentals/unconventional-key-sig.ly« wird verarbeitet
Kompilation erfolgreich beendet
»MEI-test-set/MEI/accidentals/big-chords.ly« wird verarbeitet
Kompilation erfolgreich beendet
»MEI-test-set/MEI/accidentals/accidental-coverage.ly« wird verarbeitet
Kompilation erfolgreich beendet
»MEI-test-set/MEI/accidentals/placement-other-symbols.ly« wird verarbeitet
Kompilation erfolgreich beendet
»MEI-test-set/MEI/accidentals/octave-displacement.ly« wird verarbeitet
Kompilation erfolgreich beendet
»MEI-test-set/MEI/accidentals/two-parts-cancelled.ly« wird verarbeitet
Kompilation erfolgreich beendet
»MEI-test-set/MEI/accidentals/respelling.ly« wird verarbeitet
Kompilation erfolgreich beendet
»MEI-test-set/MEI/accidentals/treble-clef.ly« wird verarbeitet
Kompilation erfolgreich beendet
»MEI-test-set/MEI/accidentals/bass-clef.ly« wird verarbeitet
Kompilation erfolgreich beendet
»MEI-test-set/MEI/accidentals/altered-unisons-2.ly« wird verarbeitet
Kompilation erfolgreich beendet
»MEI-test-set/MEI/accidentals/tenor-clef.ly« wird verarbeitet
Kompilation erfolgreich beendet
»MEI-test-set/MEI/accidentals/altered-unisons.ly« wird verarbeitet
Kompilation erfolgreich beendet
»MEI-test-set/MEI/accidentals/two-stem-chords.ly« wird verarbeitet
Kompilation erfolgreich beendet
»MEI-test-set/MEI/accidentals/alto-clef.ly« wird verarbeitet
Kompilation erfolgreich beendet
»MEI-test-set/MEI/accidentals/key-change.ly« wird verarbeitet
Kompilation erfolgreich beendet
»MEI-test-set/MEI/meter/2-4.ly« wird verarbeitet
Kompilation erfolgreich beendet
»MEI-test-set/MEI/meter/beat-division-2.ly« wird verarbeitet
Kompilation erfolgreich beendet
»MEI-test-set/MEI/meter/rest-groupings-2.ly« wird verarbeitet
Kompilation erfolgreich beendet
»MEI-test-set/MEI/meter/metric-modulation.ly« wird verarbeitet
Kompilation erfolgreich beendet
»MEI-test-set/MEI/meter/parentheses.ly« wird verarbeitet
Kompilation erfolgreich beendet
»MEI-test-set/MEI/meter/beams-over-rests.ly« wird verarbeitet
Kompilation erfolgreich beendet
»MEI-test-set/MEI/meter/beat-division.ly« wird verarbeitet
Kompilation erfolgreich beendet
»MEI-test-set/MEI/meter/fermatas.ly« wird verarbeitet
Kompilation erfolgreich beendet
»MEI-test-set/MEI/meter/all-groupings.ly« wird verarbeitet
Kompilation erfolgreich beendet
»MEI-test-set/MEI/meter/measure-rests.ly« wird verarbeitet
Kompilation erfolgreich beendet
»MEI-test-set/MEI/meter/old-measure-groups.ly« wird verarbeitet
Kompilation erfolgreich beendet
»MEI-test-set/MEI/meter/changing-metres.ly« wird verarbeitet
Kompilation erfolgreich beendet
»MEI-test-set/MEI/meter/meter-changes.ly« wird verarbeitet
Kompilation erfolgreich beendet
»MEI-test-set/MEI/meter/rest-groupings-3.ly« wird verarbeitet
Kompilation erfolgreich beendet
»MEI-test-set/MEI/meter/fermata-positioning.ly« wird verarbeitet
Kompilation erfolgreich beendet
»MEI-test-set/MEI/meter/beamings.ly« wird verarbeitet
Kompilation erfolgreich beendet
»MEI-test-set/MEI/meter/new-rhythm.ly« wird verarbeitet
Kompilation erfolgreich beendet
»MEI-test-set/MEI/meter/rest-groupings.ly« wird verarbeitet
Kompilation erfolgreich beendet
»MEI-test-set/MEI/meter/variable-stress.ly« wird verarbeitet
Kompilation erfolgreich beendet
»MEI-test-set/MEI/meter/polymeter.ly« wird verarbeitet
Kompilation erfolgreich beendet
»MEI-test-set/MEI/meter/structural-beaming.ly« wird verarbeitet
/home/rettinghaus/github/mei-test-set/MEI-test-set/MEI/meter/structural-beaming.ly:30:3: Warnung: mid-measure time signature without \partial
  
  \time 6/8 
Warnung: erzwungener Umbruch war durch anderes Ereignis aufgehoben, sollten Taktüberprüfungen vorgenommen werden?
/home/rettinghaus/github/mei-test-set/MEI-test-set/MEI/meter/structural-beaming.ly:33:31: Warnung: mid-measure time signature without \partial
  \once \numericTimeSignature 
                              \time 4/4 
/home/rettinghaus/github/mei-test-set/MEI-test-set/MEI/meter/structural-beaming.ly:36:3: Warnung: mid-measure time signature without \partial
  
  \time 6/8 
Warnung: erzwungener Umbruch war durch anderes Ereignis aufgehoben, sollten Taktüberprüfungen vorgenommen werden?
/home/rettinghaus/github/mei-test-set/MEI-test-set/MEI/meter/structural-beaming.ly:39:31: Warnung: mid-measure time signature without \partial
  \once \numericTimeSignature 
                              \time 4/4 
Kompilation erfolgreich beendet
»MEI-test-set/MEI/meter/more-beaming-2.ly« wird verarbeitet
Kompilation erfolgreich beendet
»MEI-test-set/MEI/meter/note-head-denominator.ly« wird verarbeitet
Kompilation erfolgreich beendet
»MEI-test-set/MEI/meter/multimeasure-rests.ly« wird verarbeitet
Kompilation erfolgreich beendet
»MEI-test-set/MEI/meter/rest-positions.ly« wird verarbeitet
Kompilation erfolgreich beendet
»MEI-test-set/MEI/meter/quadruple-dotted.ly« wird verarbeitet
Kompilation erfolgreich beendet
»MEI-test-set/MEI/meter/tempo-alterations.ly« wird verarbeitet
Kompilation erfolgreich beendet
»MEI-test-set/MEI/meter/sustaining-across-beats.ly« wird verarbeitet
Kompilation erfolgreich beendet
»MEI-test-set/MEI/meter/more-beaming-5.ly« wird verarbeitet
Kompilation erfolgreich beendet
»MEI-test-set/MEI/meter/tempo-indications.ly« wird verarbeitet
Kompilation erfolgreich beendet
»MEI-test-set/MEI/meter/feathered-beams.ly« wird verarbeitet
Kompilation erfolgreich beendet
»MEI-test-set/MEI/meter/more-beaming-4.ly« wird verarbeitet
Kompilation erfolgreich beendet
»MEI-test-set/MEI/meter/fermata-parts.ly« wird verarbeitet
Kompilation erfolgreich beendet
»MEI-test-set/MEI/meter/scale-beaming.ly« wird verarbeitet
Kompilation erfolgreich beendet
»MEI-test-set/MEI/meter/triplet-test.ly« wird verarbeitet
Kompilation erfolgreich beendet
»MEI-test-set/MEI/meter/dotted-notes.ly« wird verarbeitet
Kompilation erfolgreich beendet
»MEI-test-set/MEI/meter/more-beaming-3.ly« wird verarbeitet
Kompilation erfolgreich beendet
»MEI-test-set/MEI/meter/tempo-alterations-2.ly« wird verarbeitet
Kompilation erfolgreich beendet
»MEI-test-set/MEI/meter/syncopation.ly« wird verarbeitet
Kompilation erfolgreich beendet
»MEI-test-set/MEI/meter/beaming-over-beats.ly« wird verarbeitet
/home/rettinghaus/github/mei-test-set/MEI-test-set/MEI/meter/beaming-over-beats.ly:22:3: Warnung: mid-measure time signature without \partial
  
  \time 18/16 
/home/rettinghaus/github/mei-test-set/MEI-test-set/MEI/meter/beaming-over-beats.ly:25:3: Warnung: mid-measure time signature without \partial
  
  \time 2/4 
/home/rettinghaus/github/mei-test-set/MEI-test-set/MEI/meter/beaming-over-beats.ly:28:3: Warnung: mid-measure time signature without \partial
  
  \time 2/8 
/home/rettinghaus/github/mei-test-set/MEI-test-set/MEI/meter/beaming-over-beats.ly:30:3: Warnung: mid-measure time signature without \partial
  
  \time 3/4 
Kompilation erfolgreich beendet
»MEI-test-set/MEI/meter/compound-beats.ly« wird verarbeitet
Kompilation erfolgreich beendet
»MEI-test-set/MEI/meter/more-beaming.ly« wird verarbeitet
Kompilation erfolgreich beendet
»MEI-test-set/MEI/staves/one-line-staff.ly« wird verarbeitet
/home/rettinghaus/github/mei-test-set/MEI-test-set/MEI/staves/one-line-staff.ly:21:73: Fehler: GUILE signalisierte einen Fehler für den hier beginnenden Ausdruck
  \set Staff.clefGlyph = #"clefs.percussion" \set Staff.clefPosition = #
                                                                        NaN \set Staff.clefTransposition = #0 \set Staff.middleCPosition = #NaN \set Staff.middleCClefPosition = #NaN << { b'1 } >> \bar "|." %1
/home/rettinghaus/github/mei-test-set/MEI-test-set/MEI/staves/one-line-staff.ly:21:141: Fehler: GUILE signalisierte einen Fehler für den hier beginnenden Ausdruck
  \set Staff.clefGlyph = #"clefs.percussion" \set Staff.clefPosition = #NaN \set Staff.clefTransposition = #0 \set Staff.middleCPosition = #
                                                                                                                                            NaN \set Staff.middleCClefPosition = #NaN << { b'1 } >> \bar "|." %1
/home/rettinghaus/github/mei-test-set/MEI-test-set/MEI/staves/one-line-staff.ly:21:179: Fehler: GUILE signalisierte einen Fehler für den hier beginnenden Ausdruck
  \set Staff.clefGlyph = #"clefs.percussion" \set Staff.clefPosition = #NaN \set Staff.clefTransposition = #0 \set Staff.middleCPosition = #NaN \set Staff.middleCClefPosition = #
                                                                                                                                                                                  NaN << { b'1 } >> \bar "|." %1
Warnung: Typprüfung für »clefPosition« gescheitert; Wert »#<unspecified>« muss vom Typ »number« sein
Warnung: Typprüfung für »middleCPosition« gescheitert; Wert »#<unspecified>« muss vom Typ »number« sein
Warnung: Typprüfung für »middleCClefPosition« gescheitert; Wert »#<unspecified>« muss vom Typ »number« sein
Unbound variable: NaN
Unbound variable: NaN
Unbound variable: NaN
schwerer Fehler: gescheiterte Dateien: "MEI-test-set/MEI/staves/one-line-staff.ly"
»MEI-test-set/MEI/staves/three-line-staff.ly« wird verarbeitet
/home/rettinghaus/github/mei-test-set/MEI-test-set/MEI/staves/three-line-staff.ly:21:73: Fehler: GUILE signalisierte einen Fehler für den hier beginnenden Ausdruck
  \set Staff.clefGlyph = #"clefs.percussion" \set Staff.clefPosition = #
                                                                        NaN \set Staff.clefTransposition = #0 \set Staff.middleCPosition = #NaN \set Staff.middleCClefPosition = #NaN << { b'1 } >> \bar "|." %1
/home/rettinghaus/github/mei-test-set/MEI-test-set/MEI/staves/three-line-staff.ly:21:141: Fehler: GUILE signalisierte einen Fehler für den hier beginnenden Ausdruck
  \set Staff.clefGlyph = #"clefs.percussion" \set Staff.clefPosition = #NaN \set Staff.clefTransposition = #0 \set Staff.middleCPosition = #
                                                                                                                                            NaN \set Staff.middleCClefPosition = #NaN << { b'1 } >> \bar "|." %1
/home/rettinghaus/github/mei-test-set/MEI-test-set/MEI/staves/three-line-staff.ly:21:179: Fehler: GUILE signalisierte einen Fehler für den hier beginnenden Ausdruck
  \set Staff.clefGlyph = #"clefs.percussion" \set Staff.clefPosition = #NaN \set Staff.clefTransposition = #0 \set Staff.middleCPosition = #NaN \set Staff.middleCClefPosition = #
                                                                                                                                                                                  NaN << { b'1 } >> \bar "|." %1
Warnung: Typprüfung für »clefPosition« gescheitert; Wert »#<unspecified>« muss vom Typ »number« sein
Warnung: Typprüfung für »middleCPosition« gescheitert; Wert »#<unspecified>« muss vom Typ »number« sein
Warnung: Typprüfung für »middleCClefPosition« gescheitert; Wert »#<unspecified>« muss vom Typ »number« sein
Unbound variable: NaN
Unbound variable: NaN
Unbound variable: NaN
schwerer Fehler: gescheiterte Dateien: "MEI-test-set/MEI/staves/three-line-staff.ly"
»MEI-test-set/MEI/staves/two-line-staff.ly« wird verarbeitet
/home/rettinghaus/github/mei-test-set/MEI-test-set/MEI/staves/two-line-staff.ly:21:73: Fehler: GUILE signalisierte einen Fehler für den hier beginnenden Ausdruck
  \set Staff.clefGlyph = #"clefs.percussion" \set Staff.clefPosition = #
                                                                        NaN \set Staff.clefTransposition = #0 \set Staff.middleCPosition = #NaN \set Staff.middleCClefPosition = #NaN << { d''1 } >> \bar "|." %1
/home/rettinghaus/github/mei-test-set/MEI-test-set/MEI/staves/two-line-staff.ly:21:141: Fehler: GUILE signalisierte einen Fehler für den hier beginnenden Ausdruck
  \set Staff.clefGlyph = #"clefs.percussion" \set Staff.clefPosition = #NaN \set Staff.clefTransposition = #0 \set Staff.middleCPosition = #
                                                                                                                                            NaN \set Staff.middleCClefPosition = #NaN << { d''1 } >> \bar "|." %1
/home/rettinghaus/github/mei-test-set/MEI-test-set/MEI/staves/two-line-staff.ly:21:179: Fehler: GUILE signalisierte einen Fehler für den hier beginnenden Ausdruck
  \set Staff.clefGlyph = #"clefs.percussion" \set Staff.clefPosition = #NaN \set Staff.clefTransposition = #0 \set Staff.middleCPosition = #NaN \set Staff.middleCClefPosition = #
                                                                                                                                                                                  NaN << { d''1 } >> \bar "|." %1
Warnung: Typprüfung für »clefPosition« gescheitert; Wert »#<unspecified>« muss vom Typ »number« sein
Warnung: Typprüfung für »middleCPosition« gescheitert; Wert »#<unspecified>« muss vom Typ »number« sein
Warnung: Typprüfung für »middleCClefPosition« gescheitert; Wert »#<unspecified>« muss vom Typ »number« sein
Unbound variable: NaN
Unbound variable: NaN
Unbound variable: NaN
schwerer Fehler: gescheiterte Dateien: "MEI-test-set/MEI/staves/two-line-staff.ly"
»MEI-test-set/MEI/beams-and-stems/two-stem-directions.ly« wird verarbeitet
Kompilation erfolgreich beendet
»MEI-test-set/MEI/beams-and-stems/beam-placement.ly« wird verarbeitet
Kompilation erfolgreich beendet
»MEI-test-set/MEI/beams-and-stems/beam-placement-2.ly« wird verarbeitet
Kompilation erfolgreich beendet
»MEI-test-set/MEI/beams-and-stems/stem-directions.ly« wird verarbeitet
Kompilation erfolgreich beendet
»MEI-test-set/MEI/beams-and-stems/over-barlines.ly« wird verarbeitet
Kompilation erfolgreich beendet
»MEI-test-set/MEI/beams-and-stems/stems-through-bar.ly« wird verarbeitet
Kompilation erfolgreich beendet
»MEI-test-set/MEI/beams-and-stems/stem-directions-2.ly« wird verarbeitet
Kompilation erfolgreich beendet
»MEI-test-set/MEI/trills/trill-speeds.ly« wird verarbeitet
Kompilation erfolgreich beendet
»MEI-test-set/MEI/trills/trills-accidentals.ly« wird verarbeitet
Kompilation erfolgreich beendet
»MEI-test-set/MEI/trills/trills.ly« wird verarbeitet
Kompilation erfolgreich beendet
»MEI-test-set/MEI/trills/trill-length.ly« wird verarbeitet
Kompilation erfolgreich beendet
»MEI-test-set/MEI/trills/trills-with-grace-notes.ly« wird verarbeitet
Kompilation erfolgreich beendet
»MEI-test-set/MEI/trills/multiple-voiced-trill.ly« wird verarbeitet
Kompilation erfolgreich beendet
»MEI-test-set/MEI/trills/note-change.ly« wird verarbeitet
Kompilation erfolgreich beendet
»MEI-test-set/MEI/clefs/soprano-clef.ly« wird verarbeitet
Kompilation erfolgreich beendet
»MEI-test-set/MEI/clefs/bass-up-15-clef.ly« wird verarbeitet
Kompilation erfolgreich beendet
»MEI-test-set/MEI/clefs/percussion-clef.ly« wird verarbeitet
/home/rettinghaus/github/mei-test-set/MEI-test-set/MEI/clefs/percussion-clef.ly:21:73: Fehler: GUILE signalisierte einen Fehler für den hier beginnenden Ausdruck
  \set Staff.clefGlyph = #"clefs.percussion" \set Staff.clefPosition = #
                                                                        NaN \set Staff.clefTransposition = #0 \set Staff.middleCPosition = #NaN \set Staff.middleCClefPosition = #NaN << { g'1 } >> \bar "|." %1
/home/rettinghaus/github/mei-test-set/MEI-test-set/MEI/clefs/percussion-clef.ly:21:141: Fehler: GUILE signalisierte einen Fehler für den hier beginnenden Ausdruck
  \set Staff.clefGlyph = #"clefs.percussion" \set Staff.clefPosition = #NaN \set Staff.clefTransposition = #0 \set Staff.middleCPosition = #
                                                                                                                                            NaN \set Staff.middleCClefPosition = #NaN << { g'1 } >> \bar "|." %1
/home/rettinghaus/github/mei-test-set/MEI-test-set/MEI/clefs/percussion-clef.ly:21:179: Fehler: GUILE signalisierte einen Fehler für den hier beginnenden Ausdruck
  \set Staff.clefGlyph = #"clefs.percussion" \set Staff.clefPosition = #NaN \set Staff.clefTransposition = #0 \set Staff.middleCPosition = #NaN \set Staff.middleCClefPosition = #
                                                                                                                                                                                  NaN << { g'1 } >> \bar "|." %1
Warnung: Typprüfung für »clefPosition« gescheitert; Wert »#<unspecified>« muss vom Typ »number« sein
Warnung: Typprüfung für »middleCPosition« gescheitert; Wert »#<unspecified>« muss vom Typ »number« sein
Warnung: Typprüfung für »middleCClefPosition« gescheitert; Wert »#<unspecified>« muss vom Typ »number« sein
Unbound variable: NaN
Unbound variable: NaN
Unbound variable: NaN
schwerer Fehler: gescheiterte Dateien: "MEI-test-set/MEI/clefs/percussion-clef.ly"
»MEI-test-set/MEI/clefs/changing-clefs-2.ly« wird verarbeitet
Kompilation erfolgreich beendet
»MEI-test-set/MEI/clefs/changing-clefs.ly« wird verarbeitet
Kompilation erfolgreich beendet
»MEI-test-set/MEI/clefs/baritone-bass-clef.ly« wird verarbeitet
Kompilation erfolgreich beendet
»MEI-test-set/MEI/clefs/changing-clefs-3.ly« wird verarbeitet
Kompilation erfolgreich beendet
»MEI-test-set/MEI/clefs/changing-clefs-5.ly« wird verarbeitet
Kompilation erfolgreich beendet
»MEI-test-set/MEI/clefs/changing-clefs-6.ly« wird verarbeitet
Kompilation erfolgreich beendet
»MEI-test-set/MEI/clefs/treble-down-8-cle-2.ly« wird verarbeitet
Kompilation erfolgreich beendet
»MEI-test-set/MEI/clefs/sub-bass-clef.ly« wird verarbeitet
Kompilation erfolgreich beendet
»MEI-test-set/MEI/clefs/bass-down-8-clef.ly« wird verarbeitet
Kompilation erfolgreich beendet
»MEI-test-set/MEI/clefs/mezzo-soprano-clef.ly« wird verarbeitet
Kompilation erfolgreich beendet
»MEI-test-set/MEI/clefs/bass-up-8-clef.ly« wird verarbeitet
Kompilation erfolgreich beendet
»MEI-test-set/MEI/clefs/changing-clefs-4.ly« wird verarbeitet
Kompilation erfolgreich beendet
»MEI-test-set/MEI/clefs/treble-down-8-clef.ly« wird verarbeitet
Kompilation erfolgreich beendet
»MEI-test-set/MEI/clefs/treble-up-15-clef.ly« wird verarbeitet
Kompilation erfolgreich beendet
»MEI-test-set/MEI/clefs/french-violin-clef.ly« wird verarbeitet
Kompilation erfolgreich beendet
»MEI-test-set/MEI/clefs/treble-up-8.ly« wird verarbeitet
Kompilation erfolgreich beendet
»MEI-test-set/MEI/clefs/baritone-clef.ly« wird verarbeitet
Kompilation erfolgreich beendet
»MEI-test-set/MEI/clefs/treble-clef.ly« wird verarbeitet
Kompilation erfolgreich beendet
»MEI-test-set/MEI/clefs/bass-clef.ly« wird verarbeitet
Kompilation erfolgreich beendet
»MEI-test-set/MEI/clefs/tenor-clef.ly« wird verarbeitet
Kompilation erfolgreich beendet
»MEI-test-set/MEI/clefs/treble-down-8-old-clef.ly« wird verarbeitet
Kompilation erfolgreich beendet
»MEI-test-set/MEI/clefs/alto-clef.ly« wird verarbeitet
Kompilation erfolgreich beendet
»MEI-test-set/MEI/grace-notes/grace-notes.ly« wird verarbeitet
Kompilation erfolgreich beendet
»MEI-test-set/MEI/grace-notes/fixed-slurs.ly« wird verarbeitet
/home/rettinghaus/github/mei-test-set/MEI-test-set/MEI/grace-notes/fixed-slurs.ly:21:329: Fehler: syntax error, unexpected '}'
  \set Staff.clefGlyph = #"clefs.G" \set Staff.clefPosition = #-2 \set Staff.clefTransposition = #0 \set Staff.middleCPosition = #-6 \set Staff.middleCClefPosition = #-6 << { \stemUp \grace d''8 e''4 \grace {c''16[ d''16]} e''8[ \grace f''8 g''8 \grace a''8]} e''8[ \grace b''8 f''16 \grace e''8 a''16 \grace a''16 b''16 c'''16]
                                                                                                                                                                                                                                                                                                                                        } d'''4 } \\ { \stemDown \grace f'8 g'4 \grace {g'16[ f'16]} e'8[ \grace a'8 b'8 \grace e'8]} g'8[ \grace d'8 a'8] r4 } >> %1
/home/rettinghaus/github/mei-test-set/MEI-test-set/MEI/grace-notes/fixed-slurs.ly:21:337: Fehler: syntax error, unexpected '}'
  \set Staff.clefGlyph = #"clefs.G" \set Staff.clefPosition = #-2 \set Staff.clefTransposition = #0 \set Staff.middleCPosition = #-6 \set Staff.middleCClefPosition = #-6 << { \stemUp \grace d''8 e''4 \grace {c''16[ d''16]} e''8[ \grace f''8 g''8 \grace a''8]} e''8[ \grace b''8 f''16 \grace e''8 a''16 \grace a''16 b''16 c'''16]} d'''4 
                                                                                                                                                                                                                                                                                                                                                } \\ { \stemDown \grace f'8 g'4 \grace {g'16[ f'16]} e'8[ \grace a'8 b'8 \grace e'8]} g'8[ \grace d'8 a'8] r4 } >> %1
/home/rettinghaus/github/mei-test-set/MEI-test-set/MEI/grace-notes/fixed-slurs.ly:21:447: Fehler: syntax error, unexpected '}'
  \set Staff.clefGlyph = #"clefs.G" \set Staff.clefPosition = #-2 \set Staff.clefTransposition = #0 \set Staff.middleCPosition = #-6 \set Staff.middleCClefPosition = #-6 << { \stemUp \grace d''8 e''4 \grace {c''16[ d''16]} e''8[ \grace f''8 g''8 \grace a''8]} e''8[ \grace b''8 f''16 \grace e''8 a''16 \grace a''16 b''16 c'''16]} d'''4 } \\ { \stemDown \grace f'8 g'4 \grace {g'16[ f'16]} e'8[ \grace a'8 b'8 \grace e'8]} g'8[ \grace d'8 a'8] r4 
                                                                                                                                                                                                                                                                                                                                                                                                                                                              } >> %1
/home/rettinghaus/github/mei-test-set/MEI-test-set/MEI/grace-notes/fixed-slurs.ly:26:10: Fehler: Fehler gefunden, musikalischer Ausdruck wird ignoriert
\score { 
         <<
schwerer Fehler: gescheiterte Dateien: "MEI-test-set/MEI/grace-notes/fixed-slurs.ly"
»MEI-test-set/MEI/grace-notes/over-bar.ly« wird verarbeitet
Kompilation erfolgreich beendet
»MEI-test-set/MEI/grace-notes/grace-note-slurs.ly« wird verarbeitet
/home/rettinghaus/github/mei-test-set/MEI-test-set/MEI/grace-notes/grace-note-slurs.ly:21:321: Fehler: syntax error, unexpected '}'
  \set Staff.clefGlyph = #"clefs.G" \set Staff.clefPosition = #-2 \set Staff.clefTransposition = #0 \set Staff.middleCPosition = #-6 \set Staff.middleCClefPosition = #-6 << { \grace d''8 e''4 \grace {c''16[ d''16]} e''8[ \grace f''8 g''8 \grace a''8]} e''8[ \grace b''8 f''16 \grace e''8 a''16 \grace a''16 b''16 c'''16]
                                                                                                                                                                                                                                                                                                                                } d'''4 } \\ { \grace f'8 g'4 \grace {g'16[ f'16]} e'8[ \grace a'8 b'8 \grace e'8]} g'8[ \grace d'8 a'8] r4 } >> %1
/home/rettinghaus/github/mei-test-set/MEI-test-set/MEI/grace-notes/grace-note-slurs.ly:21:329: Fehler: syntax error, unexpected '}'
  \set Staff.clefGlyph = #"clefs.G" \set Staff.clefPosition = #-2 \set Staff.clefTransposition = #0 \set Staff.middleCPosition = #-6 \set Staff.middleCClefPosition = #-6 << { \grace d''8 e''4 \grace {c''16[ d''16]} e''8[ \grace f''8 g''8 \grace a''8]} e''8[ \grace b''8 f''16 \grace e''8 a''16 \grace a''16 b''16 c'''16]} d'''4 
                                                                                                                                                                                                                                                                                                                                        } \\ { \grace f'8 g'4 \grace {g'16[ f'16]} e'8[ \grace a'8 b'8 \grace e'8]} g'8[ \grace d'8 a'8] r4 } >> %1
/home/rettinghaus/github/mei-test-set/MEI-test-set/MEI/grace-notes/grace-note-slurs.ly:21:429: Fehler: syntax error, unexpected '}'
  \set Staff.clefGlyph = #"clefs.G" \set Staff.clefPosition = #-2 \set Staff.clefTransposition = #0 \set Staff.middleCPosition = #-6 \set Staff.middleCClefPosition = #-6 << { \grace d''8 e''4 \grace {c''16[ d''16]} e''8[ \grace f''8 g''8 \grace a''8]} e''8[ \grace b''8 f''16 \grace e''8 a''16 \grace a''16 b''16 c'''16]} d'''4 } \\ { \grace f'8 g'4 \grace {g'16[ f'16]} e'8[ \grace a'8 b'8 \grace e'8]} g'8[ \grace d'8 a'8] r4 
                                                                                                                                                                                                                                                                                                                                                                                                                                            } >> %1
/home/rettinghaus/github/mei-test-set/MEI-test-set/MEI/grace-notes/grace-note-slurs.ly:26:10: Fehler: Fehler gefunden, musikalischer Ausdruck wird ignoriert
\score { 
         <<
schwerer Fehler: gescheiterte Dateien: "MEI-test-set/MEI/grace-notes/grace-note-slurs.ly"
»MEI-test-set/MEI/grace-notes/artic-on-grace-notes.ly« wird verarbeitet
Kompilation erfolgreich beendet
»MEI-test-set/MEI/grace-notes/more-articulation.ly« wird verarbeitet
Kompilation erfolgreich beendet
»MEI-test-set/MEI/grace-notes/slur-placement.ly« wird verarbeitet
/home/rettinghaus/github/mei-test-set/MEI-test-set/MEI/grace-notes/slur-placement.ly:22:172: Fehler: syntax error, unexpected '}'
  << { \stemUp \grace g'8 \stemDown c''4. \stemDown d''!8[ \stemUp \grace a''16 \stemUp g''16 \stemUp f''16]} \stemDown e''8[ \stemDown d''8 \stemDown c''8 \stemDown b'8] 
                                                                                                                                                                           } >> %2
/home/rettinghaus/github/mei-test-set/MEI-test-set/MEI/grace-notes/slur-placement.ly:23:171: Fehler: syntax error, unexpected '}'
  << { \stemUp \grace g'8 \stemDown c''4. \stemDown d''8[ \stemUp \grace a''16 \stemUp g''16 \stemUp f''16]} \stemDown e''8[ \stemDown d''8 \stemDown c''8 \stemDown b'8] 
                                                                                                                                                                          } >> \bar "|." %3
/home/rettinghaus/github/mei-test-set/MEI-test-set/MEI/grace-notes/slur-placement.ly:27:10: Fehler: Fehler gefunden, musikalischer Ausdruck wird ignoriert
\score { 
         <<
schwerer Fehler: gescheiterte Dateien: "MEI-test-set/MEI/grace-notes/slur-placement.ly"
»MEI-test-set/MEI/grace-notes/dynamic-placement.ly« wird verarbeitet
Kompilation erfolgreich beendet
»MEI-test-set/MEI/grace-notes/two-parts-aligned.ly« wird verarbeitet
/home/rettinghaus/github/mei-test-set/MEI-test-set/MEI/grace-notes/two-parts-aligned.ly:21:295: Warnung: Keine funktionsfähige Anfangskonfiguration gefunden: Es kann evtl. keine optimale Balkenneigung gefunden werden
  \set Staff.clefGlyph = #"clefs.G" \set Staff.clefPosition = #-2 \set Staff.clefTransposition = #0 \set Staff.middleCPosition = #-6 \set Staff.middleCClefPosition = #-6 << { \stemUp \grace g'16 a'16 b'16 \stemDown c''8[ \stemDown g'8 \stemDown d''8 \stemDown b'8] \stemDown d''4 \stemDown b''8
                                                                                                                                                                                                                                                                                                      [ \stemUp \grace a''16 \stemUp g''16 \stemUp f''16 \stemUp e''16 \stemDown g''8] } >> \bar "|." %1
/home/rettinghaus/github/mei-test-set/MEI-test-set/MEI/grace-notes/two-parts-aligned.ly:21:326: Warnung: Eigenartige Notenhalslänge; auf enge Balken überprüfen
  \set Staff.clefGlyph = #"clefs.G" \set Staff.clefPosition = #-2 \set Staff.clefTransposition = #0 \set Staff.middleCPosition = #-6 \set Staff.middleCClefPosition = #-6 << { \stemUp \grace g'16 a'16 b'16 \stemDown c''8[ \stemDown g'8 \stemDown d''8 \stemDown b'8] \stemDown d''4 \stemDown b''8[ \stemUp \grace a''16 \stemUp 
                                                                                                                                                                                                                                                                                                                                     g''16 \stemUp f''16 \stemUp e''16 \stemDown g''8] } >> \bar "|." %1
/home/rettinghaus/github/mei-test-set/MEI-test-set/MEI/grace-notes/two-parts-aligned.ly:21:340: Warnung: Eigenartige Notenhalslänge; auf enge Balken überprüfen
  \set Staff.clefGlyph = #"clefs.G" \set Staff.clefPosition = #-2 \set Staff.clefTransposition = #0 \set Staff.middleCPosition = #-6 \set Staff.middleCClefPosition = #-6 << { \stemUp \grace g'16 a'16 b'16 \stemDown c''8[ \stemDown g'8 \stemDown d''8 \stemDown b'8] \stemDown d''4 \stemDown b''8[ \stemUp \grace a''16 \stemUp g''16 \stemUp 
                                                                                                                                                                                                                                                                                                                                                   f''16 \stemUp e''16 \stemDown g''8] } >> \bar "|." %1
/home/rettinghaus/github/mei-test-set/MEI-test-set/MEI/grace-notes/two-parts-aligned.ly:21:354: Warnung: Eigenartige Notenhalslänge; auf enge Balken überprüfen
  \set Staff.clefGlyph = #"clefs.G" \set Staff.clefPosition = #-2 \set Staff.clefTransposition = #0 \set Staff.middleCPosition = #-6 \set Staff.middleCClefPosition = #-6 << { \stemUp \grace g'16 a'16 b'16 \stemDown c''8[ \stemDown g'8 \stemDown d''8 \stemDown b'8] \stemDown d''4 \stemDown b''8[ \stemUp \grace a''16 \stemUp g''16 \stemUp f''16 \stemUp 
                                                                                                                                                                                                                                                                                                                                                                 e''16 \stemDown g''8] } >> \bar "|." %1
Warnung: Kasten mit negativen Ausmaßen wird nicht gezeichnet, 0.13 mal -0.23.
Warnung: Kasten mit negativen Ausmaßen wird nicht gezeichnet, 0.13 mal -0.24.
Warnung: Kasten mit negativen Ausmaßen wird nicht gezeichnet, 0.13 mal -0.24.
Kompilation erfolgreich beendet
»MEI-test-set/MEI/grace-notes/two-voice-grace-notes.ly« wird verarbeitet
Kompilation erfolgreich beendet
»MEI-test-set/MEI/articulation/multiple-articulations.ly« wird verarbeitet
Kompilation erfolgreich beendet
»MEI-test-set/MEI/articulation/two-parts-articulation.ly« wird verarbeitet
Kompilation erfolgreich beendet
»MEI-test-set/MEI/articulation/multiple-dots.ly« wird verarbeitet
Kompilation erfolgreich beendet
»MEI-test-set/MEI/articulation/stacc-up-and-down.ly« wird verarbeitet
Kompilation erfolgreich beendet
»MEI-test-set/MEI/articulation/artic-with-slurs.ly« wird verarbeitet
/home/rettinghaus/github/mei-test-set/MEI-test-set/MEI/articulation/artic-with-slurs.ly:22:3: Warnung: mid-measure time signature without \partial
  
  \time 6/8 
Kompilation erfolgreich beendet
»MEI-test-set/MEI/articulation/ledger-lines.ly« wird verarbeitet
Kompilation erfolgreich beendet
»MEI-test-set/MEI/articulation/repeated-articulation.ly« wird verarbeitet
Kompilation erfolgreich beendet
»MEI-test-set/MEI/articulation/articulations.ly« wird verarbeitet
Kompilation erfolgreich beendet
»MEI-test-set/MEI/articulation/artic-on-whole.ly« wird verarbeitet
Kompilation erfolgreich beendet
»MEI-test-set/MEI/articulation/accents-up-and-down.ly« wird verarbeitet
Kompilation erfolgreich beendet
»MEI-test-set/MEI/articulation/dotted-and-staccato.ly« wird verarbeitet
Kompilation erfolgreich beendet
»MEI-test-set/MEI/articulation/staccato-simile.ly« wird verarbeitet
Kompilation erfolgreich beendet
»MEI-test-set/MEI/tuplets/alignment.ly« wird verarbeitet
Kompilation erfolgreich beendet
»MEI-test-set/MEI/tuplets/ratios-no-literal.ly« wird verarbeitet
/home/rettinghaus/github/mei-test-set/MEI-test-set/MEI/tuplets/ratios-no-literal.ly:24:3: Warnung: mid-measure time signature without \partial
  
  \time 7/8 
/home/rettinghaus/github/mei-test-set/MEI-test-set/MEI/tuplets/ratios-no-literal.ly:28:3: Warnung: mid-measure time signature without \partial
  
  \time 9/8 
Kompilation erfolgreich beendet
»MEI-test-set/MEI/tuplets/tuplets-articulation.ly« wird verarbeitet
Warnung: erzwungener Umbruch war durch anderes Ereignis aufgehoben, sollten Taktüberprüfungen vorgenommen werden?
Kompilation erfolgreich beendet
»MEI-test-set/MEI/tuplets/mixed-value.ly« wird verarbeitet
/home/rettinghaus/github/mei-test-set/MEI-test-set/MEI/tuplets/mixed-value.ly:22:3: Warnung: mid-measure time signature without \partial
  
  \time 2/4 
Kompilation erfolgreich beendet
»MEI-test-set/MEI/tuplets/bracket-placement.ly« wird verarbeitet
Warnung: erzwungener Umbruch war durch anderes Ereignis aufgehoben, sollten Taktüberprüfungen vorgenommen werden?
Warnung: erzwungener Umbruch war durch anderes Ereignis aufgehoben, sollten Taktüberprüfungen vorgenommen werden?
Kompilation erfolgreich beendet
»MEI-test-set/MEI/tuplets/tuplets-2.ly« wird verarbeitet
Kompilation erfolgreich beendet
»MEI-test-set/MEI/tuplets/tuplet-brackets.ly« wird verarbeitet
/home/rettinghaus/github/mei-test-set/MEI-test-set/MEI/tuplets/tuplet-brackets.ly:23:3: Warnung: mid-measure time signature without \partial
  
  \time 2/4 
Kompilation erfolgreich beendet
»MEI-test-set/MEI/tuplets/beamed-accentuation-2.ly« wird verarbeitet
Kompilation erfolgreich beendet
»MEI-test-set/MEI/tuplets/ratios.ly« wird verarbeitet
Kompilation erfolgreich beendet
»MEI-test-set/MEI/tuplets/note-value.ly« wird verarbeitet
Kompilation erfolgreich beendet
»MEI-test-set/MEI/tuplets/tuplets-articulation-2-parts.ly« wird verarbeitet
Kompilation erfolgreich beendet
»MEI-test-set/MEI/tuplets/tuplets.ly« wird verarbeitet
/home/rettinghaus/github/mei-test-set/MEI-test-set/MEI/tuplets/tuplets.ly:22:3: Warnung: mid-measure time signature without \partial
  
  \time 6/8 
/home/rettinghaus/github/mei-test-set/MEI-test-set/MEI/tuplets/tuplets.ly:24:31: Warnung: mid-measure time signature without \partial
  \once \numericTimeSignature 
                              \time 2/2 
/home/rettinghaus/github/mei-test-set/MEI-test-set/MEI/tuplets/tuplets.ly:26:31: Warnung: mid-measure time signature without \partial
  \once \numericTimeSignature 
                              \time 4/4 
Kompilation erfolgreich beendet
»MEI-test-set/MEI/tuplets/tuplets-two-parts.ly« wird verarbeitet
Kompilation erfolgreich beendet
»MEI-test-set/MEI/tuplets/triplets.ly« wird verarbeitet
/home/rettinghaus/github/mei-test-set/MEI-test-set/MEI/tuplets/triplets.ly:22:3: Warnung: mid-measure time signature without \partial
  
  \time 6/8 
/home/rettinghaus/github/mei-test-set/MEI-test-set/MEI/tuplets/triplets.ly:24:3: Warnung: mid-measure time signature without \partial
  
  \time 2/4 
Kompilation erfolgreich beendet
»MEI-test-set/MEI/tuplets/beamed-accentuation.ly« wird verarbeitet
Kompilation erfolgreich beendet
»MEI-test-set/MEI/tuplets/tuplet-brackets-2.ly« wird verarbeitet
Kompilation erfolgreich beendet
»MEI-test-set/MEI/repeats/mid-bar-repeat.ly« wird verarbeitet
Kompilation erfolgreich beendet
»MEI-test-set/MEI/repeats/da-capo.ly« wird verarbeitet
Kompilation erfolgreich beendet
»MEI-test-set/MEI/repeats/changes-after-repeats.ly« wird verarbeitet
Kompilation erfolgreich beendet
»MEI-test-set/MEI/repeats/3-repeats-2.ly« wird verarbeitet
Warnung: Volta-Klammer kann nicht beendet werden
Kompilation erfolgreich beendet
»MEI-test-set/MEI/repeats/simple-repeat.ly« wird verarbeitet
Kompilation erfolgreich beendet
»MEI-test-set/MEI/repeats/coda.ly« wird verarbeitet
Kompilation erfolgreich beendet
»MEI-test-set/MEI/repeats/3-repeats.ly« wird verarbeitet
Kompilation erfolgreich beendet
»MEI-test-set/MEI/repeats/second-time-difference.ly« wird verarbeitet
Warnung: Volta-Klammer kann nicht beendet werden
Kompilation erfolgreich beendet
»MEI-test-set/MEI/repeats/repeat-with-endings.ly« wird verarbeitet
Warnung: Volta-Klammer kann nicht beendet werden
Kompilation erfolgreich beendet
»MEI-test-set/MEI/repeats/dal-segno.ly« wird verarbeitet
Kompilation erfolgreich beendet
»MEI-test-set/MEI/repeats/repeated-bars.ly« wird verarbeitet
/home/rettinghaus/github/mei-test-set/MEI-test-set/MEI/repeats/repeated-bars.ly:21:224: Warnung: Balken bereits vorhanden
  \set Staff.clefGlyph = #"clefs.G" \set Staff.clefPosition = #-2 \set Staff.clefTransposition = #0 \set Staff.middleCPosition = #-6 \set Staff.middleCClefPosition = #-6 << { < g' b' >8[ < a' c'' >8 < b' d''] >8 < b' d'' >8
                                                                                                                                                                                                                               [ < a' c'' >8 < g' b'] >8 } >> %1
/home/rettinghaus/github/mei-test-set/MEI-test-set/MEI/repeats/repeated-bars.ly:21:186: Warnung: unbegrenzter Balken
  \set Staff.clefGlyph = #"clefs.G" \set Staff.clefPosition = #-2 \set Staff.clefTransposition = #0 \set Staff.middleCPosition = #-6 \set Staff.middleCClefPosition = #-6 << { < g' b' >8
                                                                                                                                                                                         [ < a' c'' >8 < b' d''] >8 < b' d'' >8[ < a' c'' >8 < g' b'] >8 } >> %1
Programmierfehler: Grob direction requested while calculation in progress.
Fortsetzung, die Daumen drücken
Programmierfehler: Grob direction requested while calculation in progress.
Fortsetzung, die Daumen drücken
Programmierfehler: Grob direction requested while calculation in progress.
Fortsetzung, die Daumen drücken
Programmierfehler: Grob direction requested while calculation in progress.
Fortsetzung, die Daumen drücken
Programmierfehler: Grob direction requested while calculation in progress.
Fortsetzung, die Daumen drücken
Programmierfehler: Grob direction requested while calculation in progress.
Fortsetzung, die Daumen drücken
/home/rettinghaus/github/mei-test-set/MEI-test-set/MEI/repeats/repeated-bars.ly:21:178: Programmierfehler: ly:stem::calc-length called but will not be used for beamed stem.
  \set Staff.clefGlyph = #"clefs.G" \set Staff.clefPosition = #-2 \set Staff.clefTransposition = #0 \set Staff.middleCPosition = #-6 \set Staff.middleCClefPosition = #-6 << { < 
                                                                                                                                                                                 g' b' >8[ < a' c'' >8 < b' d''] >8 < b' d'' >8[ < a' c'' >8 < g' b'] >8 } >> %1
/home/rettinghaus/github/mei-test-set/MEI-test-set/MEI/repeats/repeated-bars.ly:21:178: Fortsetzung, die Daumen drücken
/home/rettinghaus/github/mei-test-set/MEI-test-set/MEI/repeats/repeated-bars.ly:21:190: Programmierfehler: ly:stem::calc-length called but will not be used for beamed stem.
  \set Staff.clefGlyph = #"clefs.G" \set Staff.clefPosition = #-2 \set Staff.clefTransposition = #0 \set Staff.middleCPosition = #-6 \set Staff.middleCClefPosition = #-6 << { < g' b' >8[ < 
                                                                                                                                                                                             a' c'' >8 < b' d''] >8 < b' d'' >8[ < a' c'' >8 < g' b'] >8 } >> %1
/home/rettinghaus/github/mei-test-set/MEI-test-set/MEI/repeats/repeated-bars.ly:21:190: Fortsetzung, die Daumen drücken
/home/rettinghaus/github/mei-test-set/MEI-test-set/MEI/repeats/repeated-bars.ly:21:228: Programmierfehler: ly:stem::calc-length called but will not be used for beamed stem.
  \set Staff.clefGlyph = #"clefs.G" \set Staff.clefPosition = #-2 \set Staff.clefTransposition = #0 \set Staff.middleCPosition = #-6 \set Staff.middleCClefPosition = #-6 << { < g' b' >8[ < a' c'' >8 < b' d''] >8 < b' d'' >8[ < 
                                                                                                                                                                                                                                   a' c'' >8 < g' b'] >8 } >> %1
/home/rettinghaus/github/mei-test-set/MEI-test-set/MEI/repeats/repeated-bars.ly:21:228: Fortsetzung, die Daumen drücken
/home/rettinghaus/github/mei-test-set/MEI-test-set/MEI/repeats/repeated-bars.ly:21:202: Programmierfehler: ly:stem::calc-length called but will not be used for beamed stem.
  \set Staff.clefGlyph = #"clefs.G" \set Staff.clefPosition = #-2 \set Staff.clefTransposition = #0 \set Staff.middleCPosition = #-6 \set Staff.middleCClefPosition = #-6 << { < g' b' >8[ < a' c'' >8 < 
                                                                                                                                                                                                         b' d''] >8 < b' d'' >8[ < a' c'' >8 < g' b'] >8 } >> %1
/home/rettinghaus/github/mei-test-set/MEI-test-set/MEI/repeats/repeated-bars.ly:21:202: Fortsetzung, die Daumen drücken
/home/rettinghaus/github/mei-test-set/MEI-test-set/MEI/repeats/repeated-bars.ly:21:215: Programmierfehler: ly:stem::calc-length called but will not be used for beamed stem.
  \set Staff.clefGlyph = #"clefs.G" \set Staff.clefPosition = #-2 \set Staff.clefTransposition = #0 \set Staff.middleCPosition = #-6 \set Staff.middleCClefPosition = #-6 << { < g' b' >8[ < a' c'' >8 < b' d''] >8 < 
                                                                                                                                                                                                                      b' d'' >8[ < a' c'' >8 < g' b'] >8 } >> %1
/home/rettinghaus/github/mei-test-set/MEI-test-set/MEI/repeats/repeated-bars.ly:21:215: Fortsetzung, die Daumen drücken
/home/rettinghaus/github/mei-test-set/MEI-test-set/MEI/repeats/repeated-bars.ly:21:240: Programmierfehler: ly:stem::calc-length called but will not be used for beamed stem.
  \set Staff.clefGlyph = #"clefs.G" \set Staff.clefPosition = #-2 \set Staff.clefTransposition = #0 \set Staff.middleCPosition = #-6 \set Staff.middleCClefPosition = #-6 << { < g' b' >8[ < a' c'' >8 < b' d''] >8 < b' d'' >8[ < a' c'' >8 < 
                                                                                                                                                                                                                                               g' b'] >8 } >> %1
/home/rettinghaus/github/mei-test-set/MEI-test-set/MEI/repeats/repeated-bars.ly:21:240: Fortsetzung, die Daumen drücken
Kompilation erfolgreich beendet
»MEI-test-set/MEI/repeats/repeats-positioning.ly« wird verarbeitet
Kompilation erfolgreich beendet
»MEI-test-set/MEI/dynamics/dynamics-1.ly« wird verarbeitet
Kompilation erfolgreich beendet
»MEI-test-set/MEI/dynamics/poco-molto.ly« wird verarbeitet
Kompilation erfolgreich beendet
»MEI-test-set/MEI/dynamics/subito.ly« wird verarbeitet
Kompilation erfolgreich beendet
»MEI-test-set/MEI/dynamics/forte.ly« wird verarbeitet
Kompilation erfolgreich beendet
»MEI-test-set/MEI/dynamics/long-cresc.ly« wird verarbeitet
Kompilation erfolgreich beendet
»MEI-test-set/MEI/dynamics/cresc-new-line.ly« wird verarbeitet
Kompilation erfolgreich beendet
»MEI-test-set/MEI/dynamics/dynamic-placement.ly« wird verarbeitet
Kompilation erfolgreich beendet
»MEI-test-set/MEI/arpeggios/arpeggios.ly« wird verarbeitet
Kompilation erfolgreich beendet
»MEI-test-set/MEI/arpeggios/written-out.ly« wird verarbeitet
Kompilation erfolgreich beendet
»MEI-test-set/MEI/arpeggios/stop-start-arpegg.ly« wird verarbeitet
Kompilation erfolgreich beendet
»MEI-test-set/MEI/arpeggios/broken-arpegg.ly« wird verarbeitet
Kompilation erfolgreich beendet
»MEI-test-set/MEI/arpeggios/over-staves.ly« wird verarbeitet
/home/rettinghaus/github/mei-test-set/MEI-test-set/MEI/arpeggios/over-staves.ly:26:285: Warnung: unbegrenzter Bindebogen
  \set Staff.clefGlyph = #"clefs.F" \set Staff.clefPosition = #2 \set Staff.clefTransposition = #0 \set Staff.middleCPosition = #6 \set Staff.middleCClefPosition = #6 << { s4. \stemUp f8~[ a8~ \change Staff = "staff 1" \stemDown c'8~] \change Staff = "staff 2" } \\ { \stemNeutral g,8
                                                                                                                                                                                                                                                                                            ~[ b,8~ d8~] < g,~ b,~ d~ >4. } >> %1
/home/rettinghaus/github/mei-test-set/MEI-test-set/MEI/arpeggios/over-staves.ly:26:291: Warnung: unbegrenzter Bindebogen
  \set Staff.clefGlyph = #"clefs.F" \set Staff.clefPosition = #2 \set Staff.clefTransposition = #0 \set Staff.middleCPosition = #6 \set Staff.middleCClefPosition = #6 << { s4. \stemUp f8~[ a8~ \change Staff = "staff 1" \stemDown c'8~] \change Staff = "staff 2" } \\ { \stemNeutral g,8~[ b,8
                                                                                                                                                                                                                                                                                                  ~ d8~] < g,~ b,~ d~ >4. } >> %1
/home/rettinghaus/github/mei-test-set/MEI-test-set/MEI/arpeggios/over-staves.ly:26:187: Warnung: unbegrenzter Bindebogen
  \set Staff.clefGlyph = #"clefs.F" \set Staff.clefPosition = #2 \set Staff.clefTransposition = #0 \set Staff.middleCPosition = #6 \set Staff.middleCClefPosition = #6 << { s4. \stemUp f8
                                                                                                                                                                                          ~[ a8~ \change Staff = "staff 1" \stemDown c'8~] \change Staff = "staff 2" } \\ { \stemNeutral g,8~[ b,8~ d8~] < g,~ b,~ d~ >4. } >> %1
/home/rettinghaus/github/mei-test-set/MEI-test-set/MEI/arpeggios/over-staves.ly:26:192: Warnung: unbegrenzter Bindebogen
  \set Staff.clefGlyph = #"clefs.F" \set Staff.clefPosition = #2 \set Staff.clefTransposition = #0 \set Staff.middleCPosition = #6 \set Staff.middleCClefPosition = #6 << { s4. \stemUp f8~[ a8
                                                                                                                                                                                               ~ \change Staff = "staff 1" \stemDown c'8~] \change Staff = "staff 2" } \\ { \stemNeutral g,8~[ b,8~ d8~] < g,~ b,~ d~ >4. } >> %1
/home/rettinghaus/github/mei-test-set/MEI-test-set/MEI/arpeggios/over-staves.ly:27:10: Warnung: Notenkopf wird zu inkompatiblem Hals (Typ = 1/8) hinzugefügt
  << { < 
         f a >2. } \\ { < g, b, d >2. } >> \bar "|." %2
/home/rettinghaus/github/mei-test-set/MEI-test-set/MEI/arpeggios/over-staves.ly:27:10: Warnung: vielleicht sollte die Eingabe mehrere Stimmen erstellen
  << { < 
         f a >2. } \\ { < g, b, d >2. } >> \bar "|." %2
/home/rettinghaus/github/mei-test-set/MEI-test-set/MEI/arpeggios/over-staves.ly:27:12: Warnung: Notenkopf wird zu inkompatiblem Hals (Typ = 1/8) hinzugefügt
  << { < f 
           a >2. } \\ { < g, b, d >2. } >> \bar "|." %2
/home/rettinghaus/github/mei-test-set/MEI-test-set/MEI/arpeggios/over-staves.ly:27:12: Warnung: vielleicht sollte die Eingabe mehrere Stimmen erstellen
  << { < f 
           a >2. } \\ { < g, b, d >2. } >> \bar "|." %2
/home/rettinghaus/github/mei-test-set/MEI-test-set/MEI/arpeggios/over-staves.ly:26:233: Warnung: unbegrenzter Bindebogen
  \set Staff.clefGlyph = #"clefs.F" \set Staff.clefPosition = #2 \set Staff.clefTransposition = #0 \set Staff.middleCPosition = #6 \set Staff.middleCClefPosition = #6 << { s4. \stemUp f8~[ a8~ \change Staff = "staff 1" \stemDown c'8
                                                                                                                                                                                                                                        ~] \change Staff = "staff 2" } \\ { \stemNeutral g,8~[ b,8~ d8~] < g,~ b,~ d~ >4. } >> %1
/home/rettinghaus/github/mei-test-set/MEI-test-set/MEI/arpeggios/over-staves.ly:22:11: Warnung: unbegrenzter Bindebogen
  << { e'8
          ~[ g'8~ b'8~] < e' g' b' >4. } \\ { c'2. } >> \bar "|." %2
/home/rettinghaus/github/mei-test-set/MEI-test-set/MEI/arpeggios/over-staves.ly:22:11: Warnung: unbegrenzter Bindebogen
  << { e'8
          ~[ g'8~ b'8~] < e' g' b' >4. } \\ { c'2. } >> \bar "|." %2
/home/rettinghaus/github/mei-test-set/MEI-test-set/MEI/arpeggios/over-staves.ly:22:11: Warnung: unbegrenzter Bindebogen
  << { e'8
          ~[ g'8~ b'8~] < e' g' b' >4. } \\ { c'2. } >> \bar "|." %2
/home/rettinghaus/github/mei-test-set/MEI-test-set/MEI/arpeggios/over-staves.ly:22:17: Warnung: unbegrenzter Bindebogen
  << { e'8~[ g'8
                ~ b'8~] < e' g' b' >4. } \\ { c'2. } >> \bar "|." %2
Kompilation erfolgreich beendet
»MEI-test-set/MEI/arpeggios/dynamics.ly« wird verarbeitet
Kompilation erfolgreich beendet
»MEI-test-set/MEI/arpeggios/vib-changes.ly« wird verarbeitet
Kompilation erfolgreich beendet
»MEI-test-set/MEI/chords/cluster-chords-2.ly« wird verarbeitet
Kompilation erfolgreich beendet
»MEI-test-set/MEI/chords/dotted-3.ly« wird verarbeitet
Kompilation erfolgreich beendet
»MEI-test-set/MEI/chords/crossing-stems.ly« wird verarbeitet
Kompilation erfolgreich beendet
»MEI-test-set/MEI/chords/dotted-2-voiced.ly« wird verarbeitet
Kompilation erfolgreich beendet
»MEI-test-set/MEI/chords/crossing-stems-2.ly« wird verarbeitet
Kompilation erfolgreich beendet
»MEI-test-set/MEI/chords/unisons-5.ly« wird verarbeitet
Kompilation erfolgreich beendet
»MEI-test-set/MEI/chords/dotted-2.ly« wird verarbeitet
Kompilation erfolgreich beendet
»MEI-test-set/MEI/chords/cluster-chords-stem-directions.ly« wird verarbeitet
Kompilation erfolgreich beendet
»MEI-test-set/MEI/chords/dotted-4.ly« wird verarbeitet
Kompilation erfolgreich beendet
»MEI-test-set/MEI/chords/unisons-4.ly« wird verarbeitet
Kompilation erfolgreich beendet
»MEI-test-set/MEI/chords/dotted.ly« wird verarbeitet
Kompilation erfolgreich beendet
»MEI-test-set/MEI/chords/dotted-unison.ly« wird verarbeitet
Kompilation erfolgreich beendet
»MEI-test-set/MEI/chords/unisons-accidentals.ly« wird verarbeitet
Kompilation erfolgreich beendet
»MEI-test-set/MEI/chords/shared-note-heads.ly« wird verarbeitet
Kompilation erfolgreich beendet
»MEI-test-set/MEI/chords/crossing-whole-notes.ly« wird verarbeitet
Kompilation erfolgreich beendet
»MEI-test-set/MEI/chords/stem-directions.ly« wird verarbeitet
/home/rettinghaus/github/mei-test-set/MEI-test-set/MEI/chords/stem-directions.ly:24:43: Warnung: unbegrenzter Balken
  << { \stemNeutral < g f''' >2 < c' e' >8
                                          [ < c'' e'' >8 < f' a' >8 < c''' e'''] >8 } >> \bar "|." %2
Programmierfehler: Grob direction requested while calculation in progress.
Fortsetzung, die Daumen drücken
Programmierfehler: Grob direction requested while calculation in progress.
Fortsetzung, die Daumen drücken
Programmierfehler: Grob direction requested while calculation in progress.
Fortsetzung, die Daumen drücken
Programmierfehler: Grob direction requested while calculation in progress.
Fortsetzung, die Daumen drücken
/home/rettinghaus/github/mei-test-set/MEI-test-set/MEI/chords/stem-directions.ly:24:47: Programmierfehler: ly:stem::calc-length called but will not be used for beamed stem.
  << { \stemNeutral < g f''' >2 < c' e' >8[ < 
                                              c'' e'' >8 < f' a' >8 < c''' e'''] >8 } >> \bar "|." %2
/home/rettinghaus/github/mei-test-set/MEI-test-set/MEI/chords/stem-directions.ly:24:47: Fortsetzung, die Daumen drücken
/home/rettinghaus/github/mei-test-set/MEI-test-set/MEI/chords/stem-directions.ly:24:35: Programmierfehler: ly:stem::calc-length called but will not be used for beamed stem.
  << { \stemNeutral < g f''' >2 < 
                                  c' e' >8[ < c'' e'' >8 < f' a' >8 < c''' e'''] >8 } >> \bar "|." %2
/home/rettinghaus/github/mei-test-set/MEI-test-set/MEI/chords/stem-directions.ly:24:35: Fortsetzung, die Daumen drücken
/home/rettinghaus/github/mei-test-set/MEI-test-set/MEI/chords/stem-directions.ly:24:60: Programmierfehler: ly:stem::calc-length called but will not be used for beamed stem.
  << { \stemNeutral < g f''' >2 < c' e' >8[ < c'' e'' >8 < 
                                                           f' a' >8 < c''' e'''] >8 } >> \bar "|." %2
/home/rettinghaus/github/mei-test-set/MEI-test-set/MEI/chords/stem-directions.ly:24:60: Fortsetzung, die Daumen drücken
/home/rettinghaus/github/mei-test-set/MEI-test-set/MEI/chords/stem-directions.ly:24:71: Programmierfehler: ly:stem::calc-length called but will not be used for beamed stem.
  << { \stemNeutral < g f''' >2 < c' e' >8[ < c'' e'' >8 < f' a' >8 < 
                                                                      c''' e'''] >8 } >> \bar "|." %2
/home/rettinghaus/github/mei-test-set/MEI-test-set/MEI/chords/stem-directions.ly:24:71: Fortsetzung, die Daumen drücken
Kompilation erfolgreich beendet
»MEI-test-set/MEI/chords/unisons-2.ly« wird verarbeitet
Kompilation erfolgreich beendet
»MEI-test-set/MEI/chords/unisons.ly« wird verarbeitet
Kompilation erfolgreich beendet
»MEI-test-set/MEI/chords/chord-test.ly« wird verarbeitet
/home/rettinghaus/github/mei-test-set/MEI-test-set/MEI/chords/chord-test.ly:21:212: Warnung: Notenhals passt nicht in Balken
  \set Staff.clefGlyph = #"clefs.G" \set Staff.clefPosition = #-2 \set Staff.clefTransposition = #0 \set Staff.middleCPosition = #-6 \set Staff.middleCClefPosition = #-6 << { < f' a' d'' >8.[ < e' g' d''] >16 < 
                                                                                                                                                                                                                   d' f' d'' >2 r4 } >> \bar "|." %1
/home/rettinghaus/github/mei-test-set/MEI-test-set/MEI/chords/chord-test.ly:21:191: Warnung: Balken wurde hier begonnen
  \set Staff.clefGlyph = #"clefs.G" \set Staff.clefPosition = #-2 \set Staff.clefTransposition = #0 \set Staff.middleCPosition = #-6 \set Staff.middleCClefPosition = #-6 << { < f' a' d'' >8.
                                                                                                                                                                                              [ < e' g' d''] >16 < d' f' d'' >2 r4 } >> \bar "|." %1
/home/rettinghaus/github/mei-test-set/MEI-test-set/MEI/chords/chord-test.ly:21:225: Warnung: Notenhals passt nicht in Balken
  \set Staff.clefGlyph = #"clefs.G" \set Staff.clefPosition = #-2 \set Staff.clefTransposition = #0 \set Staff.middleCPosition = #-6 \set Staff.middleCClefPosition = #-6 << { < f' a' d'' >8.[ < e' g' d''] >16 < d' f' d'' >2 
                                                                                                                                                                                                                                r4 } >> \bar "|." %1
/home/rettinghaus/github/mei-test-set/MEI-test-set/MEI/chords/chord-test.ly:21:191: Warnung: Balken wurde hier begonnen
  \set Staff.clefGlyph = #"clefs.G" \set Staff.clefPosition = #-2 \set Staff.clefTransposition = #0 \set Staff.middleCPosition = #-6 \set Staff.middleCClefPosition = #-6 << { < f' a' d'' >8.
                                                                                                                                                                                              [ < e' g' d''] >16 < d' f' d'' >2 r4 } >> \bar "|." %1
/home/rettinghaus/github/mei-test-set/MEI-test-set/MEI/chords/chord-test.ly:21:191: Warnung: unbegrenzter Balken
  \set Staff.clefGlyph = #"clefs.G" \set Staff.clefPosition = #-2 \set Staff.clefTransposition = #0 \set Staff.middleCPosition = #-6 \set Staff.middleCClefPosition = #-6 << { < f' a' d'' >8.
                                                                                                                                                                                              [ < e' g' d''] >16 < d' f' d'' >2 r4 } >> \bar "|." %1
Programmierfehler: Grob direction requested while calculation in progress.
Fortsetzung, die Daumen drücken
Programmierfehler: Grob direction requested while calculation in progress.
Fortsetzung, die Daumen drücken
Programmierfehler: Grob direction requested while calculation in progress.
Fortsetzung, die Daumen drücken
/home/rettinghaus/github/mei-test-set/MEI-test-set/MEI/chords/chord-test.ly:21:178: Programmierfehler: ly:stem::calc-length called but will not be used for beamed stem.
  \set Staff.clefGlyph = #"clefs.G" \set Staff.clefPosition = #-2 \set Staff.clefTransposition = #0 \set Staff.middleCPosition = #-6 \set Staff.middleCClefPosition = #-6 << { < 
                                                                                                                                                                                 f' a' d'' >8.[ < e' g' d''] >16 < d' f' d'' >2 r4 } >> \bar "|." %1
/home/rettinghaus/github/mei-test-set/MEI-test-set/MEI/chords/chord-test.ly:21:178: Fortsetzung, die Daumen drücken
/home/rettinghaus/github/mei-test-set/MEI-test-set/MEI/chords/chord-test.ly:21:195: Programmierfehler: ly:stem::calc-length called but will not be used for beamed stem.
  \set Staff.clefGlyph = #"clefs.G" \set Staff.clefPosition = #-2 \set Staff.clefTransposition = #0 \set Staff.middleCPosition = #-6 \set Staff.middleCClefPosition = #-6 << { < f' a' d'' >8.[ < 
                                                                                                                                                                                                  e' g' d''] >16 < d' f' d'' >2 r4 } >> \bar "|." %1
/home/rettinghaus/github/mei-test-set/MEI-test-set/MEI/chords/chord-test.ly:21:195: Fortsetzung, die Daumen drücken
/home/rettinghaus/github/mei-test-set/MEI-test-set/MEI/chords/chord-test.ly:21:212: Programmierfehler: ly:stem::calc-length called but will not be used for beamed stem.
  \set Staff.clefGlyph = #"clefs.G" \set Staff.clefPosition = #-2 \set Staff.clefTransposition = #0 \set Staff.middleCPosition = #-6 \set Staff.middleCClefPosition = #-6 << { < f' a' d'' >8.[ < e' g' d''] >16 < 
                                                                                                                                                                                                                   d' f' d'' >2 r4 } >> \bar "|." %1
/home/rettinghaus/github/mei-test-set/MEI-test-set/MEI/chords/chord-test.ly:21:212: Fortsetzung, die Daumen drücken
Programmierfehler: Grob direction requested while calculation in progress.
Fortsetzung, die Daumen drücken
/home/rettinghaus/github/mei-test-set/MEI-test-set/MEI/chords/chord-test.ly:21:225: Programmierfehler: ly:stem::calc-length called but will not be used for beamed stem.
  \set Staff.clefGlyph = #"clefs.G" \set Staff.clefPosition = #-2 \set Staff.clefTransposition = #0 \set Staff.middleCPosition = #-6 \set Staff.middleCClefPosition = #-6 << { < f' a' d'' >8.[ < e' g' d''] >16 < d' f' d'' >2 
                                                                                                                                                                                                                                r4 } >> \bar "|." %1
/home/rettinghaus/github/mei-test-set/MEI-test-set/MEI/chords/chord-test.ly:21:225: Fortsetzung, die Daumen drücken
Kompilation erfolgreich beendet
»MEI-test-set/MEI/chords/unisons-accidentals-chords.ly« wird verarbeitet
Kompilation erfolgreich beendet
»MEI-test-set/MEI/chords/cluster-chords.ly« wird verarbeitet
Kompilation erfolgreich beendet
»MEI-test-set/MEI/chords/stem-directions-2.ly« wird verarbeitet
Kompilation erfolgreich beendet
»MEI-test-set/MEI/chords/unisons-3.ly« wird verarbeitet
Kompilation erfolgreich beendet
»MEI-test-set/MEI/chords/cluster-chords-whole-notes.ly« wird verarbeitet
Kompilation erfolgreich beendet
»MEI-test-set/MEI/chords/dotted-5.ly« wird verarbeitet
Kompilation erfolgreich beendet
»MEI-test-set/MEI/chords/cluster-chords-3.ly« wird verarbeitet
Kompilation erfolgreich beendet
»MEI-test-set/MEI/gliss/more-gliss.ly« wird verarbeitet
/home/rettinghaus/github/mei-test-set/MEI-test-set/MEI/gliss/more-gliss.ly:22:72: Warnung: Notenhals passt nicht in Balken
  << { < e' b' d'' >8[ < f' c'' e'' >8 < a' e'' a'' >8 < e' a' e''] >8 
                                                                       r2 } >> \bar "|." %2
/home/rettinghaus/github/mei-test-set/MEI-test-set/MEI/gliss/more-gliss.ly:22:22: Warnung: Balken wurde hier begonnen
  << { < e' b' d'' >8
                     [ < f' c'' e'' >8 < a' e'' a'' >8 < e' a' e''] >8 r2 } >> \bar "|." %2
/home/rettinghaus/github/mei-test-set/MEI-test-set/MEI/gliss/more-gliss.ly:22:22: Warnung: unbegrenzter Balken
  << { < e' b' d'' >8
                     [ < f' c'' e'' >8 < a' e'' a'' >8 < e' a' e''] >8 r2 } >> \bar "|." %2
Programmierfehler: Grob direction requested while calculation in progress.
Fortsetzung, die Daumen drücken
Programmierfehler: Grob direction requested while calculation in progress.
Fortsetzung, die Daumen drücken
Programmierfehler: Grob direction requested while calculation in progress.
Fortsetzung, die Daumen drücken
Programmierfehler: Grob direction requested while calculation in progress.
Fortsetzung, die Daumen drücken
/home/rettinghaus/github/mei-test-set/MEI-test-set/MEI/gliss/more-gliss.ly:22:10: Programmierfehler: ly:stem::calc-length called but will not be used for beamed stem.
  << { < 
         e' b' d'' >8[ < f' c'' e'' >8 < a' e'' a'' >8 < e' a' e''] >8 r2 } >> \bar "|." %2
/home/rettinghaus/github/mei-test-set/MEI-test-set/MEI/gliss/more-gliss.ly:22:10: Fortsetzung, die Daumen drücken
/home/rettinghaus/github/mei-test-set/MEI-test-set/MEI/gliss/more-gliss.ly:22:26: Programmierfehler: ly:stem::calc-length called but will not be used for beamed stem.
  << { < e' b' d'' >8[ < 
                         f' c'' e'' >8 < a' e'' a'' >8 < e' a' e''] >8 r2 } >> \bar "|." %2
/home/rettinghaus/github/mei-test-set/MEI-test-set/MEI/gliss/more-gliss.ly:22:26: Fortsetzung, die Daumen drücken
/home/rettinghaus/github/mei-test-set/MEI-test-set/MEI/gliss/more-gliss.ly:22:42: Programmierfehler: ly:stem::calc-length called but will not be used for beamed stem.
  << { < e' b' d'' >8[ < f' c'' e'' >8 < 
                                         a' e'' a'' >8 < e' a' e''] >8 r2 } >> \bar "|." %2
/home/rettinghaus/github/mei-test-set/MEI-test-set/MEI/gliss/more-gliss.ly:22:42: Fortsetzung, die Daumen drücken
/home/rettinghaus/github/mei-test-set/MEI-test-set/MEI/gliss/more-gliss.ly:22:58: Programmierfehler: ly:stem::calc-length called but will not be used for beamed stem.
  << { < e' b' d'' >8[ < f' c'' e'' >8 < a' e'' a'' >8 < 
                                                         e' a' e''] >8 r2 } >> \bar "|." %2
/home/rettinghaus/github/mei-test-set/MEI-test-set/MEI/gliss/more-gliss.ly:22:58: Fortsetzung, die Daumen drücken
Programmierfehler: Grob direction requested while calculation in progress.
Fortsetzung, die Daumen drücken
/home/rettinghaus/github/mei-test-set/MEI-test-set/MEI/gliss/more-gliss.ly:22:72: Programmierfehler: ly:stem::calc-length called but will not be used for beamed stem.
  << { < e' b' d'' >8[ < f' c'' e'' >8 < a' e'' a'' >8 < e' a' e''] >8 
                                                                       r2 } >> \bar "|." %2
/home/rettinghaus/github/mei-test-set/MEI-test-set/MEI/gliss/more-gliss.ly:22:72: Fortsetzung, die Daumen drücken
Kompilation erfolgreich beendet
»MEI-test-set/MEI/gliss/short-gliss.ly« wird verarbeitet
Kompilation erfolgreich beendet
»MEI-test-set/MEI/gliss/gliss-precision.ly« wird verarbeitet
Kompilation erfolgreich beendet
»MEI-test-set/MEI/gliss/interim-pitches.ly« wird verarbeitet
Kompilation erfolgreich beendet
»MEI-test-set/MEI/gliss/glissando.ly« wird verarbeitet
Kompilation erfolgreich beendet
»MEI-test-set/MEI/ties-slurs/dotted-slur.ly« wird verarbeitet
Kompilation erfolgreich beendet
»MEI-test-set/MEI/ties-slurs/ties-dotted.ly« wird verarbeitet
Kompilation erfolgreich beendet
»MEI-test-set/MEI/ties-slurs/open-ties.ly« wird verarbeitet
Kompilation erfolgreich beendet
»MEI-test-set/MEI/ties-slurs/ties-2-voices.ly« wird verarbeitet
/home/rettinghaus/github/mei-test-set/MEI-test-set/MEI/ties-slurs/ties-2-voices.ly:21:237: Warnung: Notenhals passt nicht in Balken
  \set Staff.clefGlyph = #"clefs.G" \set Staff.clefPosition = #-2 \set Staff.clefTransposition = #0 \set Staff.middleCPosition = #-6 \set Staff.middleCClefPosition = #-6 << { < c''~ e''~ >4 < c'' e'' >8[ < c''~ a''~] >8 < c'' a'' >8 r8 
                                                                                                                                                                                                                                            r4 } \\ { < c'~ e'~ >4 < c' e' >8[ < a~ e'~] >8 < a e' >8 r8 r4 } >> \bar "|." %1
/home/rettinghaus/github/mei-test-set/MEI-test-set/MEI/ties-slurs/ties-2-voices.ly:21:203: Warnung: Balken wurde hier begonnen
  \set Staff.clefGlyph = #"clefs.G" \set Staff.clefPosition = #-2 \set Staff.clefTransposition = #0 \set Staff.middleCPosition = #-6 \set Staff.middleCClefPosition = #-6 << { < c''~ e''~ >4 < c'' e'' >8
                                                                                                                                                                                                          [ < c''~ a''~] >8 < c'' a'' >8 r8 r4 } \\ { < c'~ e'~ >4 < c' e' >8[ < a~ e'~] >8 < a e' >8 r8 r4 } >> \bar "|." %1
/home/rettinghaus/github/mei-test-set/MEI-test-set/MEI/ties-slurs/ties-2-voices.ly:21:298: Warnung: Notenhals passt nicht in Balken
  \set Staff.clefGlyph = #"clefs.G" \set Staff.clefPosition = #-2 \set Staff.clefTransposition = #0 \set Staff.middleCPosition = #-6 \set Staff.middleCClefPosition = #-6 << { < c''~ e''~ >4 < c'' e'' >8[ < c''~ a''~] >8 < c'' a'' >8 r8 r4 } \\ { < c'~ e'~ >4 < c' e' >8[ < a~ e'~] >8 < a e' >8 r8 
                                                                                                                                                                                                                                                                                                         r4 } >> \bar "|." %1
/home/rettinghaus/github/mei-test-set/MEI-test-set/MEI/ties-slurs/ties-2-voices.ly:21:270: Warnung: Balken wurde hier begonnen
  \set Staff.clefGlyph = #"clefs.G" \set Staff.clefPosition = #-2 \set Staff.clefTransposition = #0 \set Staff.middleCPosition = #-6 \set Staff.middleCClefPosition = #-6 << { < c''~ e''~ >4 < c'' e'' >8[ < c''~ a''~] >8 < c'' a'' >8 r8 r4 } \\ { < c'~ e'~ >4 < c' e' >8
                                                                                                                                                                                                                                                                             [ < a~ e'~] >8 < a e' >8 r8 r4 } >> \bar "|." %1
/home/rettinghaus/github/mei-test-set/MEI-test-set/MEI/ties-slurs/ties-2-voices.ly:21:203: Warnung: unbegrenzter Balken
  \set Staff.clefGlyph = #"clefs.G" \set Staff.clefPosition = #-2 \set Staff.clefTransposition = #0 \set Staff.middleCPosition = #-6 \set Staff.middleCClefPosition = #-6 << { < c''~ e''~ >4 < c'' e'' >8
                                                                                                                                                                                                          [ < c''~ a''~] >8 < c'' a'' >8 r8 r4 } \\ { < c'~ e'~ >4 < c' e' >8[ < a~ e'~] >8 < a e' >8 r8 r4 } >> \bar "|." %1
/home/rettinghaus/github/mei-test-set/MEI-test-set/MEI/ties-slurs/ties-2-voices.ly:21:270: Warnung: unbegrenzter Balken
  \set Staff.clefGlyph = #"clefs.G" \set Staff.clefPosition = #-2 \set Staff.clefTransposition = #0 \set Staff.middleCPosition = #-6 \set Staff.middleCClefPosition = #-6 << { < c''~ e''~ >4 < c'' e'' >8[ < c''~ a''~] >8 < c'' a'' >8 r8 r4 } \\ { < c'~ e'~ >4 < c' e' >8
                                                                                                                                                                                                                                                                             [ < a~ e'~] >8 < a e' >8 r8 r4 } >> \bar "|." %1
/home/rettinghaus/github/mei-test-set/MEI-test-set/MEI/ties-slurs/ties-2-voices.ly:21:193: Programmierfehler: ly:stem::calc-length called but will not be used for beamed stem.
  \set Staff.clefGlyph = #"clefs.G" \set Staff.clefPosition = #-2 \set Staff.clefTransposition = #0 \set Staff.middleCPosition = #-6 \set Staff.middleCClefPosition = #-6 << { < c''~ e''~ >4 < 
                                                                                                                                                                                                c'' e'' >8[ < c''~ a''~] >8 < c'' a'' >8 r8 r4 } \\ { < c'~ e'~ >4 < c' e' >8[ < a~ e'~] >8 < a e' >8 r8 r4 } >> \bar "|." %1
/home/rettinghaus/github/mei-test-set/MEI-test-set/MEI/ties-slurs/ties-2-voices.ly:21:193: Fortsetzung, die Daumen drücken
/home/rettinghaus/github/mei-test-set/MEI-test-set/MEI/ties-slurs/ties-2-voices.ly:21:262: Programmierfehler: ly:stem::calc-length called but will not be used for beamed stem.
  \set Staff.clefGlyph = #"clefs.G" \set Staff.clefPosition = #-2 \set Staff.clefTransposition = #0 \set Staff.middleCPosition = #-6 \set Staff.middleCClefPosition = #-6 << { < c''~ e''~ >4 < c'' e'' >8[ < c''~ a''~] >8 < c'' a'' >8 r8 r4 } \\ { < c'~ e'~ >4 < 
                                                                                                                                                                                                                                                                     c' e' >8[ < a~ e'~] >8 < a e' >8 r8 r4 } >> \bar "|." %1
/home/rettinghaus/github/mei-test-set/MEI-test-set/MEI/ties-slurs/ties-2-voices.ly:21:262: Fortsetzung, die Daumen drücken
/home/rettinghaus/github/mei-test-set/MEI-test-set/MEI/ties-slurs/ties-2-voices.ly:21:207: Programmierfehler: ly:stem::calc-length called but will not be used for beamed stem.
  \set Staff.clefGlyph = #"clefs.G" \set Staff.clefPosition = #-2 \set Staff.clefTransposition = #0 \set Staff.middleCPosition = #-6 \set Staff.middleCClefPosition = #-6 << { < c''~ e''~ >4 < c'' e'' >8[ < 
                                                                                                                                                                                                              c''~ a''~] >8 < c'' a'' >8 r8 r4 } \\ { < c'~ e'~ >4 < c' e' >8[ < a~ e'~] >8 < a e' >8 r8 r4 } >> \bar "|." %1
/home/rettinghaus/github/mei-test-set/MEI-test-set/MEI/ties-slurs/ties-2-voices.ly:21:207: Fortsetzung, die Daumen drücken
/home/rettinghaus/github/mei-test-set/MEI-test-set/MEI/ties-slurs/ties-2-voices.ly:21:274: Programmierfehler: ly:stem::calc-length called but will not be used for beamed stem.
  \set Staff.clefGlyph = #"clefs.G" \set Staff.clefPosition = #-2 \set Staff.clefTransposition = #0 \set Staff.middleCPosition = #-6 \set Staff.middleCClefPosition = #-6 << { < c''~ e''~ >4 < c'' e'' >8[ < c''~ a''~] >8 < c'' a'' >8 r8 r4 } \\ { < c'~ e'~ >4 < c' e' >8[ < 
                                                                                                                                                                                                                                                                                 a~ e'~] >8 < a e' >8 r8 r4 } >> \bar "|." %1
/home/rettinghaus/github/mei-test-set/MEI-test-set/MEI/ties-slurs/ties-2-voices.ly:21:274: Fortsetzung, die Daumen drücken
/home/rettinghaus/github/mei-test-set/MEI-test-set/MEI/ties-slurs/ties-2-voices.ly:21:223: Programmierfehler: ly:stem::calc-length called but will not be used for beamed stem.
  \set Staff.clefGlyph = #"clefs.G" \set Staff.clefPosition = #-2 \set Staff.clefTransposition = #0 \set Staff.middleCPosition = #-6 \set Staff.middleCClefPosition = #-6 << { < c''~ e''~ >4 < c'' e'' >8[ < c''~ a''~] >8 < 
                                                                                                                                                                                                                              c'' a'' >8 r8 r4 } \\ { < c'~ e'~ >4 < c' e' >8[ < a~ e'~] >8 < a e' >8 r8 r4 } >> \bar "|." %1
/home/rettinghaus/github/mei-test-set/MEI-test-set/MEI/ties-slurs/ties-2-voices.ly:21:223: Fortsetzung, die Daumen drücken
/home/rettinghaus/github/mei-test-set/MEI-test-set/MEI/ties-slurs/ties-2-voices.ly:21:287: Programmierfehler: ly:stem::calc-length called but will not be used for beamed stem.
  \set Staff.clefGlyph = #"clefs.G" \set Staff.clefPosition = #-2 \set Staff.clefTransposition = #0 \set Staff.middleCPosition = #-6 \set Staff.middleCClefPosition = #-6 << { < c''~ e''~ >4 < c'' e'' >8[ < c''~ a''~] >8 < c'' a'' >8 r8 r4 } \\ { < c'~ e'~ >4 < c' e' >8[ < a~ e'~] >8 < 
                                                                                                                                                                                                                                                                                              a e' >8 r8 r4 } >> \bar "|." %1
/home/rettinghaus/github/mei-test-set/MEI-test-set/MEI/ties-slurs/ties-2-voices.ly:21:287: Fortsetzung, die Daumen drücken
/home/rettinghaus/github/mei-test-set/MEI-test-set/MEI/ties-slurs/ties-2-voices.ly:21:234: Programmierfehler: ly:stem::calc-length called but will not be used for beamed stem.
  \set Staff.clefGlyph = #"clefs.G" \set Staff.clefPosition = #-2 \set Staff.clefTransposition = #0 \set Staff.middleCPosition = #-6 \set Staff.middleCClefPosition = #-6 << { < c''~ e''~ >4 < c'' e'' >8[ < c''~ a''~] >8 < c'' a'' >8 
                                                                                                                                                                                                                                         r8 r4 } \\ { < c'~ e'~ >4 < c' e' >8[ < a~ e'~] >8 < a e' >8 r8 r4 } >> \bar "|." %1
/home/rettinghaus/github/mei-test-set/MEI-test-set/MEI/ties-slurs/ties-2-voices.ly:21:234: Fortsetzung, die Daumen drücken
/home/rettinghaus/github/mei-test-set/MEI-test-set/MEI/ties-slurs/ties-2-voices.ly:21:295: Programmierfehler: ly:stem::calc-length called but will not be used for beamed stem.
  \set Staff.clefGlyph = #"clefs.G" \set Staff.clefPosition = #-2 \set Staff.clefTransposition = #0 \set Staff.middleCPosition = #-6 \set Staff.middleCClefPosition = #-6 << { < c''~ e''~ >4 < c'' e'' >8[ < c''~ a''~] >8 < c'' a'' >8 r8 r4 } \\ { < c'~ e'~ >4 < c' e' >8[ < a~ e'~] >8 < a e' >8 
                                                                                                                                                                                                                                                                                                      r8 r4 } >> \bar "|." %1
/home/rettinghaus/github/mei-test-set/MEI-test-set/MEI/ties-slurs/ties-2-voices.ly:21:295: Fortsetzung, die Daumen drücken
/home/rettinghaus/github/mei-test-set/MEI-test-set/MEI/ties-slurs/ties-2-voices.ly:21:237: Programmierfehler: ly:stem::calc-length called but will not be used for beamed stem.
  \set Staff.clefGlyph = #"clefs.G" \set Staff.clefPosition = #-2 \set Staff.clefTransposition = #0 \set Staff.middleCPosition = #-6 \set Staff.middleCClefPosition = #-6 << { < c''~ e''~ >4 < c'' e'' >8[ < c''~ a''~] >8 < c'' a'' >8 r8 
                                                                                                                                                                                                                                            r4 } \\ { < c'~ e'~ >4 < c' e' >8[ < a~ e'~] >8 < a e' >8 r8 r4 } >> \bar "|." %1
/home/rettinghaus/github/mei-test-set/MEI-test-set/MEI/ties-slurs/ties-2-voices.ly:21:237: Fortsetzung, die Daumen drücken
/home/rettinghaus/github/mei-test-set/MEI-test-set/MEI/ties-slurs/ties-2-voices.ly:21:298: Programmierfehler: ly:stem::calc-length called but will not be used for beamed stem.
  \set Staff.clefGlyph = #"clefs.G" \set Staff.clefPosition = #-2 \set Staff.clefTransposition = #0 \set Staff.middleCPosition = #-6 \set Staff.middleCClefPosition = #-6 << { < c''~ e''~ >4 < c'' e'' >8[ < c''~ a''~] >8 < c'' a'' >8 r8 r4 } \\ { < c'~ e'~ >4 < c' e' >8[ < a~ e'~] >8 < a e' >8 r8 
                                                                                                                                                                                                                                                                                                         r4 } >> \bar "|." %1
/home/rettinghaus/github/mei-test-set/MEI-test-set/MEI/ties-slurs/ties-2-voices.ly:21:298: Fortsetzung, die Daumen drücken
Kompilation erfolgreich beendet
»MEI-test-set/MEI/ties-slurs/ties-unison.ly« wird verarbeitet
Kompilation erfolgreich beendet
»MEI-test-set/MEI/ties-slurs/ties-chords-2.ly« wird verarbeitet
Kompilation erfolgreich beendet
»MEI-test-set/MEI/ties-slurs/more-slurs.ly« wird verarbeitet
Kompilation erfolgreich beendet
»MEI-test-set/MEI/ties-slurs/with-tenuto.ly« wird verarbeitet
Kompilation erfolgreich beendet
»MEI-test-set/MEI/ties-slurs/ties-chords.ly« wird verarbeitet
Kompilation erfolgreich beendet
»MEI-test-set/MEI/ties-slurs/respelled.ly« wird verarbeitet
Kompilation erfolgreich beendet
»MEI-test-set/MEI/ties-slurs/ties-stems.ly« wird verarbeitet
Kompilation erfolgreich beendet
»MEI-test-set/MEI/ties-slurs/over-system.ly« wird verarbeitet
Kompilation erfolgreich beendet
»MEI-test-set/MEI/ties-slurs/both.ly« wird verarbeitet
Kompilation erfolgreich beendet
»MEI-test-set/MEI/ties-slurs/slurs-with-rests.ly« wird verarbeitet
Kompilation erfolgreich beendet
»MEI-test-set/MEI/ties-slurs/slurs-within-slurs.ly« wird verarbeitet
Kompilation erfolgreich beendet
»MEI-test-set/MEI/ties-slurs/ties.ly« wird verarbeitet
Kompilation erfolgreich beendet
»MEI-test-set/MEI/ties-slurs/ties-overlapping-voices.ly« wird verarbeitet
Kompilation erfolgreich beendet
»MEI-test-set/MEI/ties-slurs/ties-with-other-notes.ly« wird verarbeitet
/home/rettinghaus/github/mei-test-set/MEI-test-set/MEI/ties-slurs/ties-with-other-notes.ly:21:231: Warnung: Notenhals passt nicht in Balken
  \set Staff.clefGlyph = #"clefs.G" \set Staff.clefPosition = #-2 \set Staff.clefTransposition = #0 \set Staff.middleCPosition = #-6 \set Staff.middleCClefPosition = #-6 << { < f'~ a' >8[ < d' f' >8 < a''~ d''' >8 < f'' a''] >8 < 
                                                                                                                                                                                                                                      a'~ c''~ >2 } >> %1
/home/rettinghaus/github/mei-test-set/MEI-test-set/MEI/ties-slurs/ties-with-other-notes.ly:21:187: Warnung: Balken wurde hier begonnen
  \set Staff.clefGlyph = #"clefs.G" \set Staff.clefPosition = #-2 \set Staff.clefTransposition = #0 \set Staff.middleCPosition = #-6 \set Staff.middleCClefPosition = #-6 << { < f'~ a' >8
                                                                                                                                                                                          [ < d' f' >8 < a''~ d''' >8 < f'' a''] >8 < a'~ c''~ >2 } >> %1
/home/rettinghaus/github/mei-test-set/MEI-test-set/MEI/ties-slurs/ties-with-other-notes.ly:22:10: Warnung: Notenhals passt nicht in Balken
  << { < 
         g'~ a'~ c''~ d''~ >2 < f' g' a'~ c''~ d'' f'' >4 < a' c'' >4 } >> %2
/home/rettinghaus/github/mei-test-set/MEI-test-set/MEI/ties-slurs/ties-with-other-notes.ly:21:187: Warnung: Balken wurde hier begonnen
  \set Staff.clefGlyph = #"clefs.G" \set Staff.clefPosition = #-2 \set Staff.clefTransposition = #0 \set Staff.middleCPosition = #-6 \set Staff.middleCClefPosition = #-6 << { < f'~ a' >8
                                                                                                                                                                                          [ < d' f' >8 < a''~ d''' >8 < f'' a''] >8 < a'~ c''~ >2 } >> %1
/home/rettinghaus/github/mei-test-set/MEI-test-set/MEI/ties-slurs/ties-with-other-notes.ly:22:33: Warnung: Notenhals passt nicht in Balken
  << { < g'~ a'~ c''~ d''~ >2 < 
                                f' g' a'~ c''~ d'' f'' >4 < a' c'' >4 } >> %2
/home/rettinghaus/github/mei-test-set/MEI-test-set/MEI/ties-slurs/ties-with-other-notes.ly:21:187: Warnung: Balken wurde hier begonnen
  \set Staff.clefGlyph = #"clefs.G" \set Staff.clefPosition = #-2 \set Staff.clefTransposition = #0 \set Staff.middleCPosition = #-6 \set Staff.middleCClefPosition = #-6 << { < f'~ a' >8
                                                                                                                                                                                          [ < d' f' >8 < a''~ d''' >8 < f'' a''] >8 < a'~ c''~ >2 } >> %1
/home/rettinghaus/github/mei-test-set/MEI-test-set/MEI/ties-slurs/ties-with-other-notes.ly:22:61: Warnung: Notenhals passt nicht in Balken
  << { < g'~ a'~ c''~ d''~ >2 < f' g' a'~ c''~ d'' f'' >4 < 
                                                            a' c'' >4 } >> %2
/home/rettinghaus/github/mei-test-set/MEI-test-set/MEI/ties-slurs/ties-with-other-notes.ly:21:187: Warnung: Balken wurde hier begonnen
  \set Staff.clefGlyph = #"clefs.G" \set Staff.clefPosition = #-2 \set Staff.clefTransposition = #0 \set Staff.middleCPosition = #-6 \set Staff.middleCClefPosition = #-6 << { < f'~ a' >8
                                                                                                                                                                                          [ < d' f' >8 < a''~ d''' >8 < f'' a''] >8 < a'~ c''~ >2 } >> %1
/home/rettinghaus/github/mei-test-set/MEI-test-set/MEI/ties-slurs/ties-with-other-notes.ly:23:19: Warnung: Balken bereits vorhanden
  << { < f' g'~ >8
                  [ < g' d''] >8 r4 r2 } >> \bar "|." %3
/home/rettinghaus/github/mei-test-set/MEI-test-set/MEI/ties-slurs/ties-with-other-notes.ly:23:34: Warnung: Notenhals passt nicht in Balken
  << { < f' g'~ >8[ < g' d''] >8 
                                 r4 r2 } >> \bar "|." %3
/home/rettinghaus/github/mei-test-set/MEI-test-set/MEI/ties-slurs/ties-with-other-notes.ly:21:187: Warnung: Balken wurde hier begonnen
  \set Staff.clefGlyph = #"clefs.G" \set Staff.clefPosition = #-2 \set Staff.clefTransposition = #0 \set Staff.middleCPosition = #-6 \set Staff.middleCClefPosition = #-6 << { < f'~ a' >8
                                                                                                                                                                                          [ < d' f' >8 < a''~ d''' >8 < f'' a''] >8 < a'~ c''~ >2 } >> %1
/home/rettinghaus/github/mei-test-set/MEI-test-set/MEI/ties-slurs/ties-with-other-notes.ly:23:37: Warnung: Notenhals passt nicht in Balken
  << { < f' g'~ >8[ < g' d''] >8 r4 
                                    r2 } >> \bar "|." %3
/home/rettinghaus/github/mei-test-set/MEI-test-set/MEI/ties-slurs/ties-with-other-notes.ly:21:187: Warnung: Balken wurde hier begonnen
  \set Staff.clefGlyph = #"clefs.G" \set Staff.clefPosition = #-2 \set Staff.clefTransposition = #0 \set Staff.middleCPosition = #-6 \set Staff.middleCClefPosition = #-6 << { < f'~ a' >8
                                                                                                                                                                                          [ < d' f' >8 < a''~ d''' >8 < f'' a''] >8 < a'~ c''~ >2 } >> %1
/home/rettinghaus/github/mei-test-set/MEI-test-set/MEI/ties-slurs/ties-with-other-notes.ly:21:187: Warnung: unbegrenzter Balken
  \set Staff.clefGlyph = #"clefs.G" \set Staff.clefPosition = #-2 \set Staff.clefTransposition = #0 \set Staff.middleCPosition = #-6 \set Staff.middleCClefPosition = #-6 << { < f'~ a' >8
                                                                                                                                                                                          [ < d' f' >8 < a''~ d''' >8 < f'' a''] >8 < a'~ c''~ >2 } >> %1
Programmierfehler: Grob direction requested while calculation in progress.
Fortsetzung, die Daumen drücken
Programmierfehler: Grob direction requested while calculation in progress.
Fortsetzung, die Daumen drücken
Programmierfehler: Grob direction requested while calculation in progress.
Fortsetzung, die Daumen drücken
Programmierfehler: Grob direction requested while calculation in progress.
Fortsetzung, die Daumen drücken
Programmierfehler: Grob direction requested while calculation in progress.
Fortsetzung, die Daumen drücken
Programmierfehler: Grob direction requested while calculation in progress.
Fortsetzung, die Daumen drücken
Programmierfehler: Grob direction requested while calculation in progress.
Fortsetzung, die Daumen drücken
Programmierfehler: Grob direction requested while calculation in progress.
Fortsetzung, die Daumen drücken
Programmierfehler: Grob direction requested while calculation in progress.
Fortsetzung, die Daumen drücken
Programmierfehler: Grob direction requested while calculation in progress.
Fortsetzung, die Daumen drücken
/home/rettinghaus/github/mei-test-set/MEI-test-set/MEI/ties-slurs/ties-with-other-notes.ly:21:178: Programmierfehler: ly:stem::calc-length called but will not be used for beamed stem.
  \set Staff.clefGlyph = #"clefs.G" \set Staff.clefPosition = #-2 \set Staff.clefTransposition = #0 \set Staff.middleCPosition = #-6 \set Staff.middleCClefPosition = #-6 << { < 
                                                                                                                                                                                 f'~ a' >8[ < d' f' >8 < a''~ d''' >8 < f'' a''] >8 < a'~ c''~ >2 } >> %1
/home/rettinghaus/github/mei-test-set/MEI-test-set/MEI/ties-slurs/ties-with-other-notes.ly:21:178: Fortsetzung, die Daumen drücken
/home/rettinghaus/github/mei-test-set/MEI-test-set/MEI/ties-slurs/ties-with-other-notes.ly:21:191: Programmierfehler: ly:stem::calc-length called but will not be used for beamed stem.
  \set Staff.clefGlyph = #"clefs.G" \set Staff.clefPosition = #-2 \set Staff.clefTransposition = #0 \set Staff.middleCPosition = #-6 \set Staff.middleCClefPosition = #-6 << { < f'~ a' >8[ < 
                                                                                                                                                                                              d' f' >8 < a''~ d''' >8 < f'' a''] >8 < a'~ c''~ >2 } >> %1
/home/rettinghaus/github/mei-test-set/MEI-test-set/MEI/ties-slurs/ties-with-other-notes.ly:21:191: Fortsetzung, die Daumen drücken
/home/rettinghaus/github/mei-test-set/MEI-test-set/MEI/ties-slurs/ties-with-other-notes.ly:21:231: Programmierfehler: ly:stem::calc-length called but will not be used for beamed stem.
  \set Staff.clefGlyph = #"clefs.G" \set Staff.clefPosition = #-2 \set Staff.clefTransposition = #0 \set Staff.middleCPosition = #-6 \set Staff.middleCClefPosition = #-6 << { < f'~ a' >8[ < d' f' >8 < a''~ d''' >8 < f'' a''] >8 < 
                                                                                                                                                                                                                                      a'~ c''~ >2 } >> %1
/home/rettinghaus/github/mei-test-set/MEI-test-set/MEI/ties-slurs/ties-with-other-notes.ly:21:231: Fortsetzung, die Daumen drücken
/home/rettinghaus/github/mei-test-set/MEI-test-set/MEI/ties-slurs/ties-with-other-notes.ly:22:10: Programmierfehler: ly:stem::calc-length called but will not be used for beamed stem.
  << { < 
         g'~ a'~ c''~ d''~ >2 < f' g' a'~ c''~ d'' f'' >4 < a' c'' >4 } >> %2
/home/rettinghaus/github/mei-test-set/MEI-test-set/MEI/ties-slurs/ties-with-other-notes.ly:22:10: Fortsetzung, die Daumen drücken
/home/rettinghaus/github/mei-test-set/MEI-test-set/MEI/ties-slurs/ties-with-other-notes.ly:21:202: Programmierfehler: ly:stem::calc-length called but will not be used for beamed stem.
  \set Staff.clefGlyph = #"clefs.G" \set Staff.clefPosition = #-2 \set Staff.clefTransposition = #0 \set Staff.middleCPosition = #-6 \set Staff.middleCClefPosition = #-6 << { < f'~ a' >8[ < d' f' >8 < 
                                                                                                                                                                                                         a''~ d''' >8 < f'' a''] >8 < a'~ c''~ >2 } >> %1
/home/rettinghaus/github/mei-test-set/MEI-test-set/MEI/ties-slurs/ties-with-other-notes.ly:21:202: Fortsetzung, die Daumen drücken
/home/rettinghaus/github/mei-test-set/MEI-test-set/MEI/ties-slurs/ties-with-other-notes.ly:21:217: Programmierfehler: ly:stem::calc-length called but will not be used for beamed stem.
  \set Staff.clefGlyph = #"clefs.G" \set Staff.clefPosition = #-2 \set Staff.clefTransposition = #0 \set Staff.middleCPosition = #-6 \set Staff.middleCClefPosition = #-6 << { < f'~ a' >8[ < d' f' >8 < a''~ d''' >8 < 
                                                                                                                                                                                                                        f'' a''] >8 < a'~ c''~ >2 } >> %1
/home/rettinghaus/github/mei-test-set/MEI-test-set/MEI/ties-slurs/ties-with-other-notes.ly:21:217: Fortsetzung, die Daumen drücken
/home/rettinghaus/github/mei-test-set/MEI-test-set/MEI/ties-slurs/ties-with-other-notes.ly:23:10: Programmierfehler: ly:stem::calc-length called but will not be used for beamed stem.
  << { < 
         f' g'~ >8[ < g' d''] >8 r4 r2 } >> \bar "|." %3
/home/rettinghaus/github/mei-test-set/MEI-test-set/MEI/ties-slurs/ties-with-other-notes.ly:23:10: Fortsetzung, die Daumen drücken
/home/rettinghaus/github/mei-test-set/MEI-test-set/MEI/ties-slurs/ties-with-other-notes.ly:23:23: Programmierfehler: ly:stem::calc-length called but will not be used for beamed stem.
  << { < f' g'~ >8[ < 
                      g' d''] >8 r4 r2 } >> \bar "|." %3
/home/rettinghaus/github/mei-test-set/MEI-test-set/MEI/ties-slurs/ties-with-other-notes.ly:23:23: Fortsetzung, die Daumen drücken
/home/rettinghaus/github/mei-test-set/MEI-test-set/MEI/ties-slurs/ties-with-other-notes.ly:22:33: Programmierfehler: ly:stem::calc-length called but will not be used for beamed stem.
  << { < g'~ a'~ c''~ d''~ >2 < 
                                f' g' a'~ c''~ d'' f'' >4 < a' c'' >4 } >> %2
/home/rettinghaus/github/mei-test-set/MEI-test-set/MEI/ties-slurs/ties-with-other-notes.ly:22:33: Fortsetzung, die Daumen drücken
/home/rettinghaus/github/mei-test-set/MEI-test-set/MEI/ties-slurs/ties-with-other-notes.ly:22:61: Programmierfehler: ly:stem::calc-length called but will not be used for beamed stem.
  << { < g'~ a'~ c''~ d''~ >2 < f' g' a'~ c''~ d'' f'' >4 < 
                                                            a' c'' >4 } >> %2
/home/rettinghaus/github/mei-test-set/MEI-test-set/MEI/ties-slurs/ties-with-other-notes.ly:22:61: Fortsetzung, die Daumen drücken
Programmierfehler: Grob direction requested while calculation in progress.
Fortsetzung, die Daumen drücken
/home/rettinghaus/github/mei-test-set/MEI-test-set/MEI/ties-slurs/ties-with-other-notes.ly:23:34: Programmierfehler: ly:stem::calc-length called but will not be used for beamed stem.
  << { < f' g'~ >8[ < g' d''] >8 
                                 r4 r2 } >> \bar "|." %3
/home/rettinghaus/github/mei-test-set/MEI-test-set/MEI/ties-slurs/ties-with-other-notes.ly:23:34: Fortsetzung, die Daumen drücken
Programmierfehler: Grob direction requested while calculation in progress.
Fortsetzung, die Daumen drücken
/home/rettinghaus/github/mei-test-set/MEI-test-set/MEI/ties-slurs/ties-with-other-notes.ly:23:37: Programmierfehler: ly:stem::calc-length called but will not be used for beamed stem.
  << { < f' g'~ >8[ < g' d''] >8 r4 
                                    r2 } >> \bar "|." %3
/home/rettinghaus/github/mei-test-set/MEI-test-set/MEI/ties-slurs/ties-with-other-notes.ly:23:37: Fortsetzung, die Daumen drücken
Kompilation erfolgreich beendet
»MEI-test-set/MEI/ties-slurs/slured-chords.ly« wird verarbeitet
Kompilation erfolgreich beendet
»MEI-test-set/MEI/accidentals/all-accidentals.ly« wird verarbeitet
Kompilation erfolgreich beendet
»MEI-test-set/MEI/accidentals/grace-notes.ly« wird verarbeitet
Kompilation erfolgreich beendet
»MEI-test-set/MEI/accidentals/cancellation.ly« wird verarbeitet
Kompilation erfolgreich beendet
»MEI-test-set/MEI/accidentals/tied-notes.ly« wird verarbeitet
Kompilation erfolgreich beendet
»MEI-test-set/MEI/accidentals/quarter-tones.ly« wird verarbeitet
Kompilation erfolgreich beendet
»MEI-test-set/MEI/accidentals/key-sig.ly« wird verarbeitet
Kompilation erfolgreich beendet
»MEI-test-set/MEI/accidentals/cancellation-repeated-notes.ly« wird verarbeitet
Kompilation erfolgreich beendet
»MEI-test-set/MEI/accidentals/unconventional-key-sig.ly« wird verarbeitet
Kompilation erfolgreich beendet
»MEI-test-set/MEI/accidentals/big-chords.ly« wird verarbeitet
Kompilation erfolgreich beendet
»MEI-test-set/MEI/accidentals/accidental-coverage.ly« wird verarbeitet
Kompilation erfolgreich beendet
»MEI-test-set/MEI/accidentals/placement-other-symbols.ly« wird verarbeitet
Kompilation erfolgreich beendet
»MEI-test-set/MEI/accidentals/octave-displacement.ly« wird verarbeitet
Kompilation erfolgreich beendet
»MEI-test-set/MEI/accidentals/two-parts-cancelled.ly« wird verarbeitet
/home/rettinghaus/github/mei-test-set/MEI-test-set/MEI/accidentals/two-parts-cancelled.ly:21:273: Warnung: Balken bereits vorhanden
  \set Staff.clefGlyph = #"clefs.G" \set Staff.clefPosition = #-2 \set Staff.clefTransposition = #0 \set Staff.middleCPosition = #-6 \set Staff.middleCClefPosition = #-6 << { \stemDown < e' gis'! >8[ < gis'! cis''! >8 < cis''! e'' >8 < e'' gis''!] >8 \stemUp < c''! e'' >8
                                                                                                                                                                                                                                                                                [ \stemUp < g'! c''! >8 \stemUp < e' g'! >8 \stemUp < c'! e'] >8 } >> %1
/home/rettinghaus/github/mei-test-set/MEI-test-set/MEI/accidentals/two-parts-cancelled.ly:21:199: Warnung: unbegrenzter Balken
  \set Staff.clefGlyph = #"clefs.G" \set Staff.clefPosition = #-2 \set Staff.clefTransposition = #0 \set Staff.middleCPosition = #-6 \set Staff.middleCClefPosition = #-6 << { \stemDown < e' gis'! >8
                                                                                                                                                                                                      [ < gis'! cis''! >8 < cis''! e'' >8 < e'' gis''!] >8 \stemUp < c''! e'' >8[ \stemUp < g'! c''! >8 \stemUp < e' g'! >8 \stemUp < c'! e'] >8 } >> %1
/home/rettinghaus/github/mei-test-set/MEI-test-set/MEI/accidentals/two-parts-cancelled.ly:21:188: Programmierfehler: ly:stem::calc-length called but will not be used for beamed stem.
  \set Staff.clefGlyph = #"clefs.G" \set Staff.clefPosition = #-2 \set Staff.clefTransposition = #0 \set Staff.middleCPosition = #-6 \set Staff.middleCClefPosition = #-6 << { \stemDown < 
                                                                                                                                                                                           e' gis'! >8[ < gis'! cis''! >8 < cis''! e'' >8 < e'' gis''!] >8 \stemUp < c''! e'' >8[ \stemUp < g'! c''! >8 \stemUp < e' g'! >8 \stemUp < c'! e'] >8 } >> %1
/home/rettinghaus/github/mei-test-set/MEI-test-set/MEI/accidentals/two-parts-cancelled.ly:21:188: Fortsetzung, die Daumen drücken
/home/rettinghaus/github/mei-test-set/MEI-test-set/MEI/accidentals/two-parts-cancelled.ly:21:203: Programmierfehler: ly:stem::calc-length called but will not be used for beamed stem.
  \set Staff.clefGlyph = #"clefs.G" \set Staff.clefPosition = #-2 \set Staff.clefTransposition = #0 \set Staff.middleCPosition = #-6 \set Staff.middleCClefPosition = #-6 << { \stemDown < e' gis'! >8[ < 
                                                                                                                                                                                                          gis'! cis''! >8 < cis''! e'' >8 < e'' gis''!] >8 \stemUp < c''! e'' >8[ \stemUp < g'! c''! >8 \stemUp < e' g'! >8 \stemUp < c'! e'] >8 } >> %1
/home/rettinghaus/github/mei-test-set/MEI-test-set/MEI/accidentals/two-parts-cancelled.ly:21:203: Fortsetzung, die Daumen drücken
/home/rettinghaus/github/mei-test-set/MEI-test-set/MEI/accidentals/two-parts-cancelled.ly:21:262: Programmierfehler: ly:stem::calc-length called but will not be used for beamed stem.
  \set Staff.clefGlyph = #"clefs.G" \set Staff.clefPosition = #-2 \set Staff.clefTransposition = #0 \set Staff.middleCPosition = #-6 \set Staff.middleCClefPosition = #-6 << { \stemDown < e' gis'! >8[ < gis'! cis''! >8 < cis''! e'' >8 < e'' gis''!] >8 \stemUp < 
                                                                                                                                                                                                                                                                     c''! e'' >8[ \stemUp < g'! c''! >8 \stemUp < e' g'! >8 \stemUp < c'! e'] >8 } >> %1
/home/rettinghaus/github/mei-test-set/MEI-test-set/MEI/accidentals/two-parts-cancelled.ly:21:262: Fortsetzung, die Daumen drücken
/home/rettinghaus/github/mei-test-set/MEI-test-set/MEI/accidentals/two-parts-cancelled.ly:21:221: Programmierfehler: ly:stem::calc-length called but will not be used for beamed stem.
  \set Staff.clefGlyph = #"clefs.G" \set Staff.clefPosition = #-2 \set Staff.clefTransposition = #0 \set Staff.middleCPosition = #-6 \set Staff.middleCClefPosition = #-6 << { \stemDown < e' gis'! >8[ < gis'! cis''! >8 < 
                                                                                                                                                                                                                            cis''! e'' >8 < e'' gis''!] >8 \stemUp < c''! e'' >8[ \stemUp < g'! c''! >8 \stemUp < e' g'! >8 \stemUp < c'! e'] >8 } >> %1
/home/rettinghaus/github/mei-test-set/MEI-test-set/MEI/accidentals/two-parts-cancelled.ly:21:221: Fortsetzung, die Daumen drücken
/home/rettinghaus/github/mei-test-set/MEI-test-set/MEI/accidentals/two-parts-cancelled.ly:21:237: Programmierfehler: ly:stem::calc-length called but will not be used for beamed stem.
  \set Staff.clefGlyph = #"clefs.G" \set Staff.clefPosition = #-2 \set Staff.clefTransposition = #0 \set Staff.middleCPosition = #-6 \set Staff.middleCClefPosition = #-6 << { \stemDown < e' gis'! >8[ < gis'! cis''! >8 < cis''! e'' >8 < 
                                                                                                                                                                                                                                            e'' gis''!] >8 \stemUp < c''! e'' >8[ \stemUp < g'! c''! >8 \stemUp < e' g'! >8 \stemUp < c'! e'] >8 } >> %1
/home/rettinghaus/github/mei-test-set/MEI-test-set/MEI/accidentals/two-parts-cancelled.ly:21:237: Fortsetzung, die Daumen drücken
/home/rettinghaus/github/mei-test-set/MEI-test-set/MEI/accidentals/two-parts-cancelled.ly:21:285: Programmierfehler: ly:stem::calc-length called but will not be used for beamed stem.
  \set Staff.clefGlyph = #"clefs.G" \set Staff.clefPosition = #-2 \set Staff.clefTransposition = #0 \set Staff.middleCPosition = #-6 \set Staff.middleCClefPosition = #-6 << { \stemDown < e' gis'! >8[ < gis'! cis''! >8 < cis''! e'' >8 < e'' gis''!] >8 \stemUp < c''! e'' >8[ \stemUp < 
                                                                                                                                                                                                                                                                                            g'! c''! >8 \stemUp < e' g'! >8 \stemUp < c'! e'] >8 } >> %1
/home/rettinghaus/github/mei-test-set/MEI-test-set/MEI/accidentals/two-parts-cancelled.ly:21:285: Fortsetzung, die Daumen drücken
/home/rettinghaus/github/mei-test-set/MEI-test-set/MEI/accidentals/two-parts-cancelled.ly:21:307: Programmierfehler: ly:stem::calc-length called but will not be used for beamed stem.
  \set Staff.clefGlyph = #"clefs.G" \set Staff.clefPosition = #-2 \set Staff.clefTransposition = #0 \set Staff.middleCPosition = #-6 \set Staff.middleCClefPosition = #-6 << { \stemDown < e' gis'! >8[ < gis'! cis''! >8 < cis''! e'' >8 < e'' gis''!] >8 \stemUp < c''! e'' >8[ \stemUp < g'! c''! >8 \stemUp < 
                                                                                                                                                                                                                                                                                                                  e' g'! >8 \stemUp < c'! e'] >8 } >> %1
/home/rettinghaus/github/mei-test-set/MEI-test-set/MEI/accidentals/two-parts-cancelled.ly:21:307: Fortsetzung, die Daumen drücken
/home/rettinghaus/github/mei-test-set/MEI-test-set/MEI/accidentals/two-parts-cancelled.ly:21:327: Programmierfehler: ly:stem::calc-length called but will not be used for beamed stem.
  \set Staff.clefGlyph = #"clefs.G" \set Staff.clefPosition = #-2 \set Staff.clefTransposition = #0 \set Staff.middleCPosition = #-6 \set Staff.middleCClefPosition = #-6 << { \stemDown < e' gis'! >8[ < gis'! cis''! >8 < cis''! e'' >8 < e'' gis''!] >8 \stemUp < c''! e'' >8[ \stemUp < g'! c''! >8 \stemUp < e' g'! >8 \stemUp < 
                                                                                                                                                                                                                                                                                                                                      c'! e'] >8 } >> %1
/home/rettinghaus/github/mei-test-set/MEI-test-set/MEI/accidentals/two-parts-cancelled.ly:21:327: Fortsetzung, die Daumen drücken
Kompilation erfolgreich beendet
»MEI-test-set/MEI/accidentals/respelling.ly« wird verarbeitet
Kompilation erfolgreich beendet
»MEI-test-set/MEI/accidentals/treble-clef.ly« wird verarbeitet
Kompilation erfolgreich beendet
»MEI-test-set/MEI/accidentals/bass-clef.ly« wird verarbeitet
Kompilation erfolgreich beendet
»MEI-test-set/MEI/accidentals/altered-unisons-2.ly« wird verarbeitet
Kompilation erfolgreich beendet
»MEI-test-set/MEI/accidentals/tenor-clef.ly« wird verarbeitet
Kompilation erfolgreich beendet
»MEI-test-set/MEI/accidentals/altered-unisons.ly« wird verarbeitet
Kompilation erfolgreich beendet
»MEI-test-set/MEI/accidentals/two-stem-chords.ly« wird verarbeitet
Kompilation erfolgreich beendet
»MEI-test-set/MEI/accidentals/alto-clef.ly« wird verarbeitet
Kompilation erfolgreich beendet
»MEI-test-set/MEI/accidentals/key-change.ly« wird verarbeitet
Kompilation erfolgreich beendet
»MEI-test-set/MEI/meter/2-4.ly« wird verarbeitet
Kompilation erfolgreich beendet
»MEI-test-set/MEI/meter/beat-division-2.ly« wird verarbeitet
Kompilation erfolgreich beendet
»MEI-test-set/MEI/meter/rest-groupings-2.ly« wird verarbeitet
Kompilation erfolgreich beendet
»MEI-test-set/MEI/meter/metric-modulation.ly« wird verarbeitet
Kompilation erfolgreich beendet
»MEI-test-set/MEI/meter/parentheses.ly« wird verarbeitet
Kompilation erfolgreich beendet
»MEI-test-set/MEI/meter/beams-over-rests.ly« wird verarbeitet
Kompilation erfolgreich beendet
»MEI-test-set/MEI/meter/beat-division.ly« wird verarbeitet
Kompilation erfolgreich beendet
»MEI-test-set/MEI/meter/fermatas.ly« wird verarbeitet
Kompilation erfolgreich beendet
»MEI-test-set/MEI/meter/all-groupings.ly« wird verarbeitet
Kompilation erfolgreich beendet
»MEI-test-set/MEI/meter/measure-rests.ly« wird verarbeitet
Kompilation erfolgreich beendet
»MEI-test-set/MEI/meter/old-measure-groups.ly« wird verarbeitet
Kompilation erfolgreich beendet
»MEI-test-set/MEI/meter/changing-metres.ly« wird verarbeitet
Kompilation erfolgreich beendet
»MEI-test-set/MEI/meter/meter-changes.ly« wird verarbeitet
Kompilation erfolgreich beendet
»MEI-test-set/MEI/meter/rest-groupings-3.ly« wird verarbeitet
Kompilation erfolgreich beendet
»MEI-test-set/MEI/meter/fermata-positioning.ly« wird verarbeitet
Kompilation erfolgreich beendet
»MEI-test-set/MEI/meter/beamings.ly« wird verarbeitet
Kompilation erfolgreich beendet
»MEI-test-set/MEI/meter/new-rhythm.ly« wird verarbeitet
Kompilation erfolgreich beendet
»MEI-test-set/MEI/meter/rest-groupings.ly« wird verarbeitet
Kompilation erfolgreich beendet
»MEI-test-set/MEI/meter/variable-stress.ly« wird verarbeitet
Kompilation erfolgreich beendet
»MEI-test-set/MEI/meter/polymeter.ly« wird verarbeitet
Kompilation erfolgreich beendet
»MEI-test-set/MEI/meter/structural-beaming.ly« wird verarbeitet
/home/rettinghaus/github/mei-test-set/MEI-test-set/MEI/meter/structural-beaming.ly:30:3: Warnung: mid-measure time signature without \partial
  
  \time 6/8 
Warnung: erzwungener Umbruch war durch anderes Ereignis aufgehoben, sollten Taktüberprüfungen vorgenommen werden?
/home/rettinghaus/github/mei-test-set/MEI-test-set/MEI/meter/structural-beaming.ly:33:31: Warnung: mid-measure time signature without \partial
  \once \numericTimeSignature 
                              \time 4/4 
/home/rettinghaus/github/mei-test-set/MEI-test-set/MEI/meter/structural-beaming.ly:36:3: Warnung: mid-measure time signature without \partial
  
  \time 6/8 
Warnung: erzwungener Umbruch war durch anderes Ereignis aufgehoben, sollten Taktüberprüfungen vorgenommen werden?
/home/rettinghaus/github/mei-test-set/MEI-test-set/MEI/meter/structural-beaming.ly:39:31: Warnung: mid-measure time signature without \partial
  \once \numericTimeSignature 
                              \time 4/4 
Kompilation erfolgreich beendet
»MEI-test-set/MEI/meter/more-beaming-2.ly« wird verarbeitet
Kompilation erfolgreich beendet
»MEI-test-set/MEI/meter/note-head-denominator.ly« wird verarbeitet
Kompilation erfolgreich beendet
»MEI-test-set/MEI/meter/multimeasure-rests.ly« wird verarbeitet
Kompilation erfolgreich beendet
»MEI-test-set/MEI/meter/rest-positions.ly« wird verarbeitet
Kompilation erfolgreich beendet
»MEI-test-set/MEI/meter/quadruple-dotted.ly« wird verarbeitet
Kompilation erfolgreich beendet
»MEI-test-set/MEI/meter/tempo-alterations.ly« wird verarbeitet
/home/rettinghaus/github/mei-test-set/MEI-test-set/MEI/meter/tempo-alterations.ly:22:42: Warnung: Balken bereits vorhanden
  << { e'''4 cis'''!8[ < a'' b''] >8 a''8
                                         [ g''8 cis'''!8 e''8] } >> %2
Kompilation erfolgreich beendet
»MEI-test-set/MEI/meter/sustaining-across-beats.ly« wird verarbeitet
Kompilation erfolgreich beendet
»MEI-test-set/MEI/meter/more-beaming-5.ly« wird verarbeitet
Kompilation erfolgreich beendet
»MEI-test-set/MEI/meter/tempo-indications.ly« wird verarbeitet
Kompilation erfolgreich beendet
»MEI-test-set/MEI/meter/feathered-beams.ly« wird verarbeitet
Kompilation erfolgreich beendet
»MEI-test-set/MEI/meter/more-beaming-4.ly« wird verarbeitet
Kompilation erfolgreich beendet
»MEI-test-set/MEI/meter/fermata-parts.ly« wird verarbeitet
Kompilation erfolgreich beendet
»MEI-test-set/MEI/meter/scale-beaming.ly« wird verarbeitet
Kompilation erfolgreich beendet
»MEI-test-set/MEI/meter/triplet-test.ly« wird verarbeitet
Kompilation erfolgreich beendet
»MEI-test-set/MEI/meter/dotted-notes.ly« wird verarbeitet
Kompilation erfolgreich beendet
»MEI-test-set/MEI/meter/more-beaming-3.ly« wird verarbeitet
Kompilation erfolgreich beendet
»MEI-test-set/MEI/meter/tempo-alterations-2.ly« wird verarbeitet
Kompilation erfolgreich beendet
»MEI-test-set/MEI/meter/syncopation.ly« wird verarbeitet
Kompilation erfolgreich beendet
»MEI-test-set/MEI/meter/beaming-over-beats.ly« wird verarbeitet
/home/rettinghaus/github/mei-test-set/MEI-test-set/MEI/meter/beaming-over-beats.ly:22:3: Warnung: mid-measure time signature without \partial
  
  \time 18/16 
/home/rettinghaus/github/mei-test-set/MEI-test-set/MEI/meter/beaming-over-beats.ly:25:3: Warnung: mid-measure time signature without \partial
  
  \time 2/4 
/home/rettinghaus/github/mei-test-set/MEI-test-set/MEI/meter/beaming-over-beats.ly:28:3: Warnung: mid-measure time signature without \partial
  
  \time 2/8 
/home/rettinghaus/github/mei-test-set/MEI-test-set/MEI/meter/beaming-over-beats.ly:30:3: Warnung: mid-measure time signature without \partial
  
  \time 3/4 
Kompilation erfolgreich beendet
»MEI-test-set/MEI/meter/compound-beats.ly« wird verarbeitet
Kompilation erfolgreich beendet
»MEI-test-set/MEI/meter/more-beaming.ly« wird verarbeitet
Kompilation erfolgreich beendet
»MEI-test-set/MEI/staves/one-line-staff.ly« wird verarbeitet
/home/rettinghaus/github/mei-test-set/MEI-test-set/MEI/staves/one-line-staff.ly:21:73: Fehler: GUILE signalisierte einen Fehler für den hier beginnenden Ausdruck
  \set Staff.clefGlyph = #"clefs.percussion" \set Staff.clefPosition = #
                                                                        NaN \set Staff.clefTransposition = #0 \set Staff.middleCPosition = #NaN \set Staff.middleCClefPosition = #NaN << { b'1 } >> \bar "|." %1
/home/rettinghaus/github/mei-test-set/MEI-test-set/MEI/staves/one-line-staff.ly:21:141: Fehler: GUILE signalisierte einen Fehler für den hier beginnenden Ausdruck
  \set Staff.clefGlyph = #"clefs.percussion" \set Staff.clefPosition = #NaN \set Staff.clefTransposition = #0 \set Staff.middleCPosition = #
                                                                                                                                            NaN \set Staff.middleCClefPosition = #NaN << { b'1 } >> \bar "|." %1
/home/rettinghaus/github/mei-test-set/MEI-test-set/MEI/staves/one-line-staff.ly:21:179: Fehler: GUILE signalisierte einen Fehler für den hier beginnenden Ausdruck
  \set Staff.clefGlyph = #"clefs.percussion" \set Staff.clefPosition = #NaN \set Staff.clefTransposition = #0 \set Staff.middleCPosition = #NaN \set Staff.middleCClefPosition = #
                                                                                                                                                                                  NaN << { b'1 } >> \bar "|." %1
Warnung: Typprüfung für »clefPosition« gescheitert; Wert »#<unspecified>« muss vom Typ »number« sein
Warnung: Typprüfung für »middleCPosition« gescheitert; Wert »#<unspecified>« muss vom Typ »number« sein
Warnung: Typprüfung für »middleCClefPosition« gescheitert; Wert »#<unspecified>« muss vom Typ »number« sein
Unbound variable: NaN
Unbound variable: NaN
Unbound variable: NaN
schwerer Fehler: gescheiterte Dateien: "MEI-test-set/MEI/staves/one-line-staff.ly"
»MEI-test-set/MEI/staves/three-line-staff.ly« wird verarbeitet
/home/rettinghaus/github/mei-test-set/MEI-test-set/MEI/staves/three-line-staff.ly:21:73: Fehler: GUILE signalisierte einen Fehler für den hier beginnenden Ausdruck
  \set Staff.clefGlyph = #"clefs.percussion" \set Staff.clefPosition = #
                                                                        NaN \set Staff.clefTransposition = #0 \set Staff.middleCPosition = #NaN \set Staff.middleCClefPosition = #NaN << { b'1 } >> \bar "|." %1
/home/rettinghaus/github/mei-test-set/MEI-test-set/MEI/staves/three-line-staff.ly:21:141: Fehler: GUILE signalisierte einen Fehler für den hier beginnenden Ausdruck
  \set Staff.clefGlyph = #"clefs.percussion" \set Staff.clefPosition = #NaN \set Staff.clefTransposition = #0 \set Staff.middleCPosition = #
                                                                                                                                            NaN \set Staff.middleCClefPosition = #NaN << { b'1 } >> \bar "|." %1
/home/rettinghaus/github/mei-test-set/MEI-test-set/MEI/staves/three-line-staff.ly:21:179: Fehler: GUILE signalisierte einen Fehler für den hier beginnenden Ausdruck
  \set Staff.clefGlyph = #"clefs.percussion" \set Staff.clefPosition = #NaN \set Staff.clefTransposition = #0 \set Staff.middleCPosition = #NaN \set Staff.middleCClefPosition = #
                                                                                                                                                                                  NaN << { b'1 } >> \bar "|." %1
Warnung: Typprüfung für »clefPosition« gescheitert; Wert »#<unspecified>« muss vom Typ »number« sein
Warnung: Typprüfung für »middleCPosition« gescheitert; Wert »#<unspecified>« muss vom Typ »number« sein
Warnung: Typprüfung für »middleCClefPosition« gescheitert; Wert »#<unspecified>« muss vom Typ »number« sein
Unbound variable: NaN
Unbound variable: NaN
Unbound variable: NaN
schwerer Fehler: gescheiterte Dateien: "MEI-test-set/MEI/staves/three-line-staff.ly"
»MEI-test-set/MEI/staves/two-line-staff.ly« wird verarbeitet
/home/rettinghaus/github/mei-test-set/MEI-test-set/MEI/staves/two-line-staff.ly:21:73: Fehler: GUILE signalisierte einen Fehler für den hier beginnenden Ausdruck
  \set Staff.clefGlyph = #"clefs.percussion" \set Staff.clefPosition = #
                                                                        NaN \set Staff.clefTransposition = #0 \set Staff.middleCPosition = #NaN \set Staff.middleCClefPosition = #NaN << { d''1 } >> \bar "|." %1
/home/rettinghaus/github/mei-test-set/MEI-test-set/MEI/staves/two-line-staff.ly:21:141: Fehler: GUILE signalisierte einen Fehler für den hier beginnenden Ausdruck
  \set Staff.clefGlyph = #"clefs.percussion" \set Staff.clefPosition = #NaN \set Staff.clefTransposition = #0 \set Staff.middleCPosition = #
                                                                                                                                            NaN \set Staff.middleCClefPosition = #NaN << { d''1 } >> \bar "|." %1
/home/rettinghaus/github/mei-test-set/MEI-test-set/MEI/staves/two-line-staff.ly:21:179: Fehler: GUILE signalisierte einen Fehler für den hier beginnenden Ausdruck
  \set Staff.clefGlyph = #"clefs.percussion" \set Staff.clefPosition = #NaN \set Staff.clefTransposition = #0 \set Staff.middleCPosition = #NaN \set Staff.middleCClefPosition = #
                                                                                                                                                                                  NaN << { d''1 } >> \bar "|." %1
Warnung: Typprüfung für »clefPosition« gescheitert; Wert »#<unspecified>« muss vom Typ »number« sein
Warnung: Typprüfung für »middleCPosition« gescheitert; Wert »#<unspecified>« muss vom Typ »number« sein
Warnung: Typprüfung für »middleCClefPosition« gescheitert; Wert »#<unspecified>« muss vom Typ »number« sein
Unbound variable: NaN
Unbound variable: NaN
Unbound variable: NaN
schwerer Fehler: gescheiterte Dateien: "MEI-test-set/MEI/staves/two-line-staff.ly"
»MEI-test-set/MEI/beams-and-stems/two-stem-directions.ly« wird verarbeitet
/home/rettinghaus/github/mei-test-set/MEI-test-set/MEI/beams-and-stems/two-stem-directions.ly:21:210: Warnung: Notenhals passt nicht in Balken
  \set Staff.clefGlyph = #"clefs.G" \set Staff.clefPosition = #-2 \set Staff.clefTransposition = #0 \set Staff.middleCPosition = #-6 \set Staff.middleCClefPosition = #-6 << { < g' c'' e'' >8[ < a' c'' f''] >8 
                                                                                                                                                                                                                 g''2. } \\ { c'4 < g' b' >4 < f' a' >4 < e' g' >4 } >> \bar "|." %1
/home/rettinghaus/github/mei-test-set/MEI-test-set/MEI/beams-and-stems/two-stem-directions.ly:21:191: Warnung: Balken wurde hier begonnen
  \set Staff.clefGlyph = #"clefs.G" \set Staff.clefPosition = #-2 \set Staff.clefTransposition = #0 \set Staff.middleCPosition = #-6 \set Staff.middleCClefPosition = #-6 << { < g' c'' e'' >8
                                                                                                                                                                                              [ < a' c'' f''] >8 g''2. } \\ { c'4 < g' b' >4 < f' a' >4 < e' g' >4 } >> \bar "|." %1
/home/rettinghaus/github/mei-test-set/MEI-test-set/MEI/beams-and-stems/two-stem-directions.ly:21:191: Warnung: unbegrenzter Balken
  \set Staff.clefGlyph = #"clefs.G" \set Staff.clefPosition = #-2 \set Staff.clefTransposition = #0 \set Staff.middleCPosition = #-6 \set Staff.middleCClefPosition = #-6 << { < g' c'' e'' >8
                                                                                                                                                                                              [ < a' c'' f''] >8 g''2. } \\ { c'4 < g' b' >4 < f' a' >4 < e' g' >4 } >> \bar "|." %1
/home/rettinghaus/github/mei-test-set/MEI-test-set/MEI/beams-and-stems/two-stem-directions.ly:21:178: Programmierfehler: ly:stem::calc-length called but will not be used for beamed stem.
  \set Staff.clefGlyph = #"clefs.G" \set Staff.clefPosition = #-2 \set Staff.clefTransposition = #0 \set Staff.middleCPosition = #-6 \set Staff.middleCClefPosition = #-6 << { < 
                                                                                                                                                                                 g' c'' e'' >8[ < a' c'' f''] >8 g''2. } \\ { c'4 < g' b' >4 < f' a' >4 < e' g' >4 } >> \bar "|." %1
/home/rettinghaus/github/mei-test-set/MEI-test-set/MEI/beams-and-stems/two-stem-directions.ly:21:178: Fortsetzung, die Daumen drücken
/home/rettinghaus/github/mei-test-set/MEI-test-set/MEI/beams-and-stems/two-stem-directions.ly:21:195: Programmierfehler: ly:stem::calc-length called but will not be used for beamed stem.
  \set Staff.clefGlyph = #"clefs.G" \set Staff.clefPosition = #-2 \set Staff.clefTransposition = #0 \set Staff.middleCPosition = #-6 \set Staff.middleCClefPosition = #-6 << { < g' c'' e'' >8[ < 
                                                                                                                                                                                                  a' c'' f''] >8 g''2. } \\ { c'4 < g' b' >4 < f' a' >4 < e' g' >4 } >> \bar "|." %1
/home/rettinghaus/github/mei-test-set/MEI-test-set/MEI/beams-and-stems/two-stem-directions.ly:21:195: Fortsetzung, die Daumen drücken
/home/rettinghaus/github/mei-test-set/MEI-test-set/MEI/beams-and-stems/two-stem-directions.ly:21:210: Programmierfehler: ly:stem::calc-length called but will not be used for beamed stem.
  \set Staff.clefGlyph = #"clefs.G" \set Staff.clefPosition = #-2 \set Staff.clefTransposition = #0 \set Staff.middleCPosition = #-6 \set Staff.middleCClefPosition = #-6 << { < g' c'' e'' >8[ < a' c'' f''] >8 
                                                                                                                                                                                                                 g''2. } \\ { c'4 < g' b' >4 < f' a' >4 < e' g' >4 } >> \bar "|." %1
/home/rettinghaus/github/mei-test-set/MEI-test-set/MEI/beams-and-stems/two-stem-directions.ly:21:210: Fortsetzung, die Daumen drücken
Kompilation erfolgreich beendet
»MEI-test-set/MEI/beams-and-stems/beam-placement.ly« wird verarbeitet
Kompilation erfolgreich beendet
»MEI-test-set/MEI/beams-and-stems/beam-placement-2.ly« wird verarbeitet
Kompilation erfolgreich beendet
»MEI-test-set/MEI/beams-and-stems/stem-directions.ly« wird verarbeitet
Kompilation erfolgreich beendet
»MEI-test-set/MEI/beams-and-stems/over-barlines.ly« wird verarbeitet
Kompilation erfolgreich beendet
»MEI-test-set/MEI/beams-and-stems/stems-through-bar.ly« wird verarbeitet
Kompilation erfolgreich beendet
»MEI-test-set/MEI/beams-and-stems/stem-directions-2.ly« wird verarbeitet
Kompilation erfolgreich beendet
»MEI-test-set/MEI/trills/trill-speeds.ly« wird verarbeitet
Kompilation erfolgreich beendet
»MEI-test-set/MEI/trills/trills-accidentals.ly« wird verarbeitet
Kompilation erfolgreich beendet
»MEI-test-set/MEI/trills/trills.ly« wird verarbeitet
Kompilation erfolgreich beendet
»MEI-test-set/MEI/trills/trill-length.ly« wird verarbeitet
Kompilation erfolgreich beendet
»MEI-test-set/MEI/trills/trills-with-grace-notes.ly« wird verarbeitet
Kompilation erfolgreich beendet
»MEI-test-set/MEI/trills/multiple-voiced-trill.ly« wird verarbeitet
Kompilation erfolgreich beendet
»MEI-test-set/MEI/trills/note-change.ly« wird verarbeitet
Kompilation erfolgreich beendet
»MEI-test-set/MEI/clefs/soprano-clef.ly« wird verarbeitet
Kompilation erfolgreich beendet
»MEI-test-set/MEI/clefs/bass-up-15-clef.ly« wird verarbeitet
Kompilation erfolgreich beendet
»MEI-test-set/MEI/clefs/percussion-clef.ly« wird verarbeitet
/home/rettinghaus/github/mei-test-set/MEI-test-set/MEI/clefs/percussion-clef.ly:21:73: Fehler: GUILE signalisierte einen Fehler für den hier beginnenden Ausdruck
  \set Staff.clefGlyph = #"clefs.percussion" \set Staff.clefPosition = #
                                                                        NaN \set Staff.clefTransposition = #0 \set Staff.middleCPosition = #NaN \set Staff.middleCClefPosition = #NaN << { g'1 } >> \bar "|." %1
/home/rettinghaus/github/mei-test-set/MEI-test-set/MEI/clefs/percussion-clef.ly:21:141: Fehler: GUILE signalisierte einen Fehler für den hier beginnenden Ausdruck
  \set Staff.clefGlyph = #"clefs.percussion" \set Staff.clefPosition = #NaN \set Staff.clefTransposition = #0 \set Staff.middleCPosition = #
                                                                                                                                            NaN \set Staff.middleCClefPosition = #NaN << { g'1 } >> \bar "|." %1
/home/rettinghaus/github/mei-test-set/MEI-test-set/MEI/clefs/percussion-clef.ly:21:179: Fehler: GUILE signalisierte einen Fehler für den hier beginnenden Ausdruck
  \set Staff.clefGlyph = #"clefs.percussion" \set Staff.clefPosition = #NaN \set Staff.clefTransposition = #0 \set Staff.middleCPosition = #NaN \set Staff.middleCClefPosition = #
                                                                                                                                                                                  NaN << { g'1 } >> \bar "|." %1
Warnung: Typprüfung für »clefPosition« gescheitert; Wert »#<unspecified>« muss vom Typ »number« sein
Warnung: Typprüfung für »middleCPosition« gescheitert; Wert »#<unspecified>« muss vom Typ »number« sein
Warnung: Typprüfung für »middleCClefPosition« gescheitert; Wert »#<unspecified>« muss vom Typ »number« sein
Unbound variable: NaN
Unbound variable: NaN
Unbound variable: NaN
schwerer Fehler: gescheiterte Dateien: "MEI-test-set/MEI/clefs/percussion-clef.ly"
»MEI-test-set/MEI/clefs/changing-clefs-2.ly« wird verarbeitet
Kompilation erfolgreich beendet
»MEI-test-set/MEI/clefs/changing-clefs.ly« wird verarbeitet
Kompilation erfolgreich beendet
»MEI-test-set/MEI/clefs/baritone-bass-clef.ly« wird verarbeitet
Kompilation erfolgreich beendet
»MEI-test-set/MEI/clefs/changing-clefs-3.ly« wird verarbeitet
Kompilation erfolgreich beendet
»MEI-test-set/MEI/clefs/changing-clefs-5.ly« wird verarbeitet
Kompilation erfolgreich beendet
»MEI-test-set/MEI/clefs/changing-clefs-6.ly« wird verarbeitet
Kompilation erfolgreich beendet
»MEI-test-set/MEI/clefs/treble-down-8-cle-2.ly« wird verarbeitet
Kompilation erfolgreich beendet
»MEI-test-set/MEI/clefs/sub-bass-clef.ly« wird verarbeitet
Kompilation erfolgreich beendet
»MEI-test-set/MEI/clefs/bass-down-8-clef.ly« wird verarbeitet
Kompilation erfolgreich beendet
»MEI-test-set/MEI/clefs/mezzo-soprano-clef.ly« wird verarbeitet
Kompilation erfolgreich beendet
»MEI-test-set/MEI/clefs/bass-up-8-clef.ly« wird verarbeitet
Kompilation erfolgreich beendet
»MEI-test-set/MEI/clefs/changing-clefs-4.ly« wird verarbeitet
Kompilation erfolgreich beendet
»MEI-test-set/MEI/clefs/treble-down-8-clef.ly« wird verarbeitet
Kompilation erfolgreich beendet
»MEI-test-set/MEI/clefs/treble-up-15-clef.ly« wird verarbeitet
Kompilation erfolgreich beendet
»MEI-test-set/MEI/clefs/french-violin-clef.ly« wird verarbeitet
Kompilation erfolgreich beendet
»MEI-test-set/MEI/clefs/treble-up-8.ly« wird verarbeitet
Kompilation erfolgreich beendet
»MEI-test-set/MEI/clefs/baritone-clef.ly« wird verarbeitet
Kompilation erfolgreich beendet
»MEI-test-set/MEI/clefs/treble-clef.ly« wird verarbeitet
Kompilation erfolgreich beendet
»MEI-test-set/MEI/clefs/bass-clef.ly« wird verarbeitet
Kompilation erfolgreich beendet
»MEI-test-set/MEI/clefs/tenor-clef.ly« wird verarbeitet
Kompilation erfolgreich beendet
»MEI-test-set/MEI/clefs/treble-down-8-old-clef.ly« wird verarbeitet
Kompilation erfolgreich beendet
»MEI-test-set/MEI/clefs/alto-clef.ly« wird verarbeitet
Kompilation erfolgreich beendet
»MEI-test-set/MEI/grace-notes/grace-notes.ly« wird verarbeitet
Kompilation erfolgreich beendet
»MEI-test-set/MEI/grace-notes/fixed-slurs.ly« wird verarbeitet
/home/rettinghaus/github/mei-test-set/MEI-test-set/MEI/grace-notes/fixed-slurs.ly:21:329: Fehler: syntax error, unexpected '}'
  \set Staff.clefGlyph = #"clefs.G" \set Staff.clefPosition = #-2 \set Staff.clefTransposition = #0 \set Staff.middleCPosition = #-6 \set Staff.middleCClefPosition = #-6 << { \stemUp \grace d''8 e''4 \grace {c''16[ d''16]} e''8[ \grace f''8 g''8 \grace a''8]} e''8[ \grace b''8 f''16 \grace e''8 a''16 \grace a''16 b''16 c'''16]
                                                                                                                                                                                                                                                                                                                                        } d'''4 } \\ { \stemDown \grace f'8 g'4 \grace {g'16[ f'16]} e'8[ \grace a'8 b'8 \grace e'8]} g'8[ \grace d'8 a'8] r4 } >> %1
/home/rettinghaus/github/mei-test-set/MEI-test-set/MEI/grace-notes/fixed-slurs.ly:21:337: Fehler: syntax error, unexpected '}'
  \set Staff.clefGlyph = #"clefs.G" \set Staff.clefPosition = #-2 \set Staff.clefTransposition = #0 \set Staff.middleCPosition = #-6 \set Staff.middleCClefPosition = #-6 << { \stemUp \grace d''8 e''4 \grace {c''16[ d''16]} e''8[ \grace f''8 g''8 \grace a''8]} e''8[ \grace b''8 f''16 \grace e''8 a''16 \grace a''16 b''16 c'''16]} d'''4 
                                                                                                                                                                                                                                                                                                                                                } \\ { \stemDown \grace f'8 g'4 \grace {g'16[ f'16]} e'8[ \grace a'8 b'8 \grace e'8]} g'8[ \grace d'8 a'8] r4 } >> %1
/home/rettinghaus/github/mei-test-set/MEI-test-set/MEI/grace-notes/fixed-slurs.ly:21:447: Fehler: syntax error, unexpected '}'
  \set Staff.clefGlyph = #"clefs.G" \set Staff.clefPosition = #-2 \set Staff.clefTransposition = #0 \set Staff.middleCPosition = #-6 \set Staff.middleCClefPosition = #-6 << { \stemUp \grace d''8 e''4 \grace {c''16[ d''16]} e''8[ \grace f''8 g''8 \grace a''8]} e''8[ \grace b''8 f''16 \grace e''8 a''16 \grace a''16 b''16 c'''16]} d'''4 } \\ { \stemDown \grace f'8 g'4 \grace {g'16[ f'16]} e'8[ \grace a'8 b'8 \grace e'8]} g'8[ \grace d'8 a'8] r4 
                                                                                                                                                                                                                                                                                                                                                                                                                                                              } >> %1
/home/rettinghaus/github/mei-test-set/MEI-test-set/MEI/grace-notes/fixed-slurs.ly:26:10: Fehler: Fehler gefunden, musikalischer Ausdruck wird ignoriert
\score { 
         <<
schwerer Fehler: gescheiterte Dateien: "MEI-test-set/MEI/grace-notes/fixed-slurs.ly"
»MEI-test-set/MEI/grace-notes/over-bar.ly« wird verarbeitet
Kompilation erfolgreich beendet
»MEI-test-set/MEI/grace-notes/grace-note-slurs.ly« wird verarbeitet
/home/rettinghaus/github/mei-test-set/MEI-test-set/MEI/grace-notes/grace-note-slurs.ly:21:321: Fehler: syntax error, unexpected '}'
  \set Staff.clefGlyph = #"clefs.G" \set Staff.clefPosition = #-2 \set Staff.clefTransposition = #0 \set Staff.middleCPosition = #-6 \set Staff.middleCClefPosition = #-6 << { \grace d''8 e''4 \grace {c''16[ d''16]} e''8[ \grace f''8 g''8 \grace a''8]} e''8[ \grace b''8 f''16 \grace e''8 a''16 \grace a''16 b''16 c'''16]
                                                                                                                                                                                                                                                                                                                                } d'''4 } \\ { \grace f'8 g'4 \grace {g'16[ f'16]} e'8[ \grace a'8 b'8 \grace e'8]} g'8[ \grace d'8 a'8] r4 } >> %1
/home/rettinghaus/github/mei-test-set/MEI-test-set/MEI/grace-notes/grace-note-slurs.ly:21:329: Fehler: syntax error, unexpected '}'
  \set Staff.clefGlyph = #"clefs.G" \set Staff.clefPosition = #-2 \set Staff.clefTransposition = #0 \set Staff.middleCPosition = #-6 \set Staff.middleCClefPosition = #-6 << { \grace d''8 e''4 \grace {c''16[ d''16]} e''8[ \grace f''8 g''8 \grace a''8]} e''8[ \grace b''8 f''16 \grace e''8 a''16 \grace a''16 b''16 c'''16]} d'''4 
                                                                                                                                                                                                                                                                                                                                        } \\ { \grace f'8 g'4 \grace {g'16[ f'16]} e'8[ \grace a'8 b'8 \grace e'8]} g'8[ \grace d'8 a'8] r4 } >> %1
/home/rettinghaus/github/mei-test-set/MEI-test-set/MEI/grace-notes/grace-note-slurs.ly:21:429: Fehler: syntax error, unexpected '}'
  \set Staff.clefGlyph = #"clefs.G" \set Staff.clefPosition = #-2 \set Staff.clefTransposition = #0 \set Staff.middleCPosition = #-6 \set Staff.middleCClefPosition = #-6 << { \grace d''8 e''4 \grace {c''16[ d''16]} e''8[ \grace f''8 g''8 \grace a''8]} e''8[ \grace b''8 f''16 \grace e''8 a''16 \grace a''16 b''16 c'''16]} d'''4 } \\ { \grace f'8 g'4 \grace {g'16[ f'16]} e'8[ \grace a'8 b'8 \grace e'8]} g'8[ \grace d'8 a'8] r4 
                                                                                                                                                                                                                                                                                                                                                                                                                                            } >> %1
/home/rettinghaus/github/mei-test-set/MEI-test-set/MEI/grace-notes/grace-note-slurs.ly:26:10: Fehler: Fehler gefunden, musikalischer Ausdruck wird ignoriert
\score { 
         <<
schwerer Fehler: gescheiterte Dateien: "MEI-test-set/MEI/grace-notes/grace-note-slurs.ly"
»MEI-test-set/MEI/grace-notes/artic-on-grace-notes.ly« wird verarbeitet
Kompilation erfolgreich beendet
»MEI-test-set/MEI/grace-notes/more-articulation.ly« wird verarbeitet
Kompilation erfolgreich beendet
»MEI-test-set/MEI/grace-notes/slur-placement.ly« wird verarbeitet
/home/rettinghaus/github/mei-test-set/MEI-test-set/MEI/grace-notes/slur-placement.ly:22:172: Fehler: syntax error, unexpected '}'
  << { \stemUp \grace g'8 \stemDown c''4. \stemDown d''!8[ \stemUp \grace a''16 \stemUp g''16 \stemUp f''16]} \stemDown e''8[ \stemDown d''8 \stemDown c''8 \stemDown b'8] 
                                                                                                                                                                           } >> %2
/home/rettinghaus/github/mei-test-set/MEI-test-set/MEI/grace-notes/slur-placement.ly:23:171: Fehler: syntax error, unexpected '}'
  << { \stemUp \grace g'8 \stemDown c''4. \stemDown d''8[ \stemUp \grace a''16 \stemUp g''16 \stemUp f''16]} \stemDown e''8[ \stemDown d''8 \stemDown c''8 \stemDown b'8] 
                                                                                                                                                                          } >> \bar "|." %3
/home/rettinghaus/github/mei-test-set/MEI-test-set/MEI/grace-notes/slur-placement.ly:27:10: Fehler: Fehler gefunden, musikalischer Ausdruck wird ignoriert
\score { 
         <<
schwerer Fehler: gescheiterte Dateien: "MEI-test-set/MEI/grace-notes/slur-placement.ly"
»MEI-test-set/MEI/grace-notes/dynamic-placement.ly« wird verarbeitet
Kompilation erfolgreich beendet
»MEI-test-set/MEI/grace-notes/two-parts-aligned.ly« wird verarbeitet
/home/rettinghaus/github/mei-test-set/MEI-test-set/MEI/grace-notes/two-parts-aligned.ly:21:295: Warnung: Keine funktionsfähige Anfangskonfiguration gefunden: Es kann evtl. keine optimale Balkenneigung gefunden werden
  \set Staff.clefGlyph = #"clefs.G" \set Staff.clefPosition = #-2 \set Staff.clefTransposition = #0 \set Staff.middleCPosition = #-6 \set Staff.middleCClefPosition = #-6 << { \stemUp \grace g'16 a'16 b'16 \stemDown c''8[ \stemDown g'8 \stemDown d''8 \stemDown b'8] \stemDown d''4 \stemDown b''8
                                                                                                                                                                                                                                                                                                      [ \stemUp \grace a''16 \stemUp g''16 \stemUp f''16 \stemUp e''16 \stemDown g''8] } >> \bar "|." %1
/home/rettinghaus/github/mei-test-set/MEI-test-set/MEI/grace-notes/two-parts-aligned.ly:21:326: Warnung: Eigenartige Notenhalslänge; auf enge Balken überprüfen
  \set Staff.clefGlyph = #"clefs.G" \set Staff.clefPosition = #-2 \set Staff.clefTransposition = #0 \set Staff.middleCPosition = #-6 \set Staff.middleCClefPosition = #-6 << { \stemUp \grace g'16 a'16 b'16 \stemDown c''8[ \stemDown g'8 \stemDown d''8 \stemDown b'8] \stemDown d''4 \stemDown b''8[ \stemUp \grace a''16 \stemUp 
                                                                                                                                                                                                                                                                                                                                     g''16 \stemUp f''16 \stemUp e''16 \stemDown g''8] } >> \bar "|." %1
/home/rettinghaus/github/mei-test-set/MEI-test-set/MEI/grace-notes/two-parts-aligned.ly:21:340: Warnung: Eigenartige Notenhalslänge; auf enge Balken überprüfen
  \set Staff.clefGlyph = #"clefs.G" \set Staff.clefPosition = #-2 \set Staff.clefTransposition = #0 \set Staff.middleCPosition = #-6 \set Staff.middleCClefPosition = #-6 << { \stemUp \grace g'16 a'16 b'16 \stemDown c''8[ \stemDown g'8 \stemDown d''8 \stemDown b'8] \stemDown d''4 \stemDown b''8[ \stemUp \grace a''16 \stemUp g''16 \stemUp 
                                                                                                                                                                                                                                                                                                                                                   f''16 \stemUp e''16 \stemDown g''8] } >> \bar "|." %1
/home/rettinghaus/github/mei-test-set/MEI-test-set/MEI/grace-notes/two-parts-aligned.ly:21:354: Warnung: Eigenartige Notenhalslänge; auf enge Balken überprüfen
  \set Staff.clefGlyph = #"clefs.G" \set Staff.clefPosition = #-2 \set Staff.clefTransposition = #0 \set Staff.middleCPosition = #-6 \set Staff.middleCClefPosition = #-6 << { \stemUp \grace g'16 a'16 b'16 \stemDown c''8[ \stemDown g'8 \stemDown d''8 \stemDown b'8] \stemDown d''4 \stemDown b''8[ \stemUp \grace a''16 \stemUp g''16 \stemUp f''16 \stemUp 
                                                                                                                                                                                                                                                                                                                                                                 e''16 \stemDown g''8] } >> \bar "|." %1
Warnung: Kasten mit negativen Ausmaßen wird nicht gezeichnet, 0.13 mal -0.23.
Warnung: Kasten mit negativen Ausmaßen wird nicht gezeichnet, 0.13 mal -0.24.
Warnung: Kasten mit negativen Ausmaßen wird nicht gezeichnet, 0.13 mal -0.24.
Kompilation erfolgreich beendet
»MEI-test-set/MEI/grace-notes/two-voice-grace-notes.ly« wird verarbeitet
Kompilation erfolgreich beendet
»MEI-test-set/MEI/articulation/multiple-articulations.ly« wird verarbeitet
Kompilation erfolgreich beendet
»MEI-test-set/MEI/articulation/two-parts-articulation.ly« wird verarbeitet
Kompilation erfolgreich beendet
»MEI-test-set/MEI/articulation/multiple-dots.ly« wird verarbeitet
Kompilation erfolgreich beendet
»MEI-test-set/MEI/articulation/stacc-up-and-down.ly« wird verarbeitet
Kompilation erfolgreich beendet
»MEI-test-set/MEI/articulation/artic-with-slurs.ly« wird verarbeitet
/home/rettinghaus/github/mei-test-set/MEI-test-set/MEI/articulation/artic-with-slurs.ly:22:3: Warnung: mid-measure time signature without \partial
  
  \time 6/8 
Kompilation erfolgreich beendet
»MEI-test-set/MEI/articulation/ledger-lines.ly« wird verarbeitet
Kompilation erfolgreich beendet
»MEI-test-set/MEI/articulation/repeated-articulation.ly« wird verarbeitet
Kompilation erfolgreich beendet
»MEI-test-set/MEI/articulation/articulations.ly« wird verarbeitet
Kompilation erfolgreich beendet
»MEI-test-set/MEI/articulation/artic-on-whole.ly« wird verarbeitet
Kompilation erfolgreich beendet
»MEI-test-set/MEI/articulation/accents-up-and-down.ly« wird verarbeitet
Kompilation erfolgreich beendet
»MEI-test-set/MEI/articulation/dotted-and-staccato.ly« wird verarbeitet
Kompilation erfolgreich beendet
»MEI-test-set/MEI/articulation/staccato-simile.ly« wird verarbeitet
Kompilation erfolgreich beendet
»MEI-test-set/MEI/tuplets/alignment.ly« wird verarbeitet
Kompilation erfolgreich beendet
»MEI-test-set/MEI/tuplets/ratios-no-literal.ly« wird verarbeitet
/home/rettinghaus/github/mei-test-set/MEI-test-set/MEI/tuplets/ratios-no-literal.ly:24:3: Warnung: mid-measure time signature without \partial
  
  \time 7/8 
/home/rettinghaus/github/mei-test-set/MEI-test-set/MEI/tuplets/ratios-no-literal.ly:28:3: Warnung: mid-measure time signature without \partial
  
  \time 9/8 
Kompilation erfolgreich beendet
»MEI-test-set/MEI/tuplets/tuplets-articulation.ly« wird verarbeitet
Warnung: erzwungener Umbruch war durch anderes Ereignis aufgehoben, sollten Taktüberprüfungen vorgenommen werden?
Kompilation erfolgreich beendet
»MEI-test-set/MEI/tuplets/mixed-value.ly« wird verarbeitet
/home/rettinghaus/github/mei-test-set/MEI-test-set/MEI/tuplets/mixed-value.ly:22:3: Warnung: mid-measure time signature without \partial
  
  \time 2/4 
Kompilation erfolgreich beendet
»MEI-test-set/MEI/tuplets/bracket-placement.ly« wird verarbeitet
Warnung: erzwungener Umbruch war durch anderes Ereignis aufgehoben, sollten Taktüberprüfungen vorgenommen werden?
Warnung: erzwungener Umbruch war durch anderes Ereignis aufgehoben, sollten Taktüberprüfungen vorgenommen werden?
Kompilation erfolgreich beendet
»MEI-test-set/MEI/tuplets/tuplets-2.ly« wird verarbeitet
Kompilation erfolgreich beendet
»MEI-test-set/MEI/tuplets/tuplet-brackets.ly« wird verarbeitet
/home/rettinghaus/github/mei-test-set/MEI-test-set/MEI/tuplets/tuplet-brackets.ly:23:3: Warnung: mid-measure time signature without \partial
  
  \time 2/4 
Kompilation erfolgreich beendet
»MEI-test-set/MEI/tuplets/beamed-accentuation-2.ly« wird verarbeitet
Kompilation erfolgreich beendet
»MEI-test-set/MEI/tuplets/ratios.ly« wird verarbeitet
Kompilation erfolgreich beendet
»MEI-test-set/MEI/tuplets/note-value.ly« wird verarbeitet
Kompilation erfolgreich beendet
»MEI-test-set/MEI/tuplets/tuplets-articulation-2-parts.ly« wird verarbeitet
Kompilation erfolgreich beendet
»MEI-test-set/MEI/tuplets/tuplets.ly« wird verarbeitet
/home/rettinghaus/github/mei-test-set/MEI-test-set/MEI/tuplets/tuplets.ly:22:3: Warnung: mid-measure time signature without \partial
  
  \time 6/8 
/home/rettinghaus/github/mei-test-set/MEI-test-set/MEI/tuplets/tuplets.ly:24:31: Warnung: mid-measure time signature without \partial
  \once \numericTimeSignature 
                              \time 2/2 
/home/rettinghaus/github/mei-test-set/MEI-test-set/MEI/tuplets/tuplets.ly:26:31: Warnung: mid-measure time signature without \partial
  \once \numericTimeSignature 
                              \time 4/4 
Kompilation erfolgreich beendet
»MEI-test-set/MEI/tuplets/tuplets-two-parts.ly« wird verarbeitet
Kompilation erfolgreich beendet
»MEI-test-set/MEI/tuplets/triplets.ly« wird verarbeitet
/home/rettinghaus/github/mei-test-set/MEI-test-set/MEI/tuplets/triplets.ly:22:3: Warnung: mid-measure time signature without \partial
  
  \time 6/8 
/home/rettinghaus/github/mei-test-set/MEI-test-set/MEI/tuplets/triplets.ly:24:3: Warnung: mid-measure time signature without \partial
  
  \time 2/4 
Kompilation erfolgreich beendet
»MEI-test-set/MEI/tuplets/beamed-accentuation.ly« wird verarbeitet
Kompilation erfolgreich beendet
»MEI-test-set/MEI/tuplets/tuplet-brackets-2.ly« wird verarbeitet
Kompilation erfolgreich beendet
»MEI-test-set/MEI/repeats/mid-bar-repeat.ly« wird verarbeitet
Kompilation erfolgreich beendet
»MEI-test-set/MEI/repeats/da-capo.ly« wird verarbeitet
Kompilation erfolgreich beendet
»MEI-test-set/MEI/repeats/changes-after-repeats.ly« wird verarbeitet
Kompilation erfolgreich beendet
»MEI-test-set/MEI/repeats/3-repeats-2.ly« wird verarbeitet
Warnung: Volta-Klammer kann nicht beendet werden
Kompilation erfolgreich beendet
»MEI-test-set/MEI/repeats/simple-repeat.ly« wird verarbeitet
Kompilation erfolgreich beendet
»MEI-test-set/MEI/repeats/coda.ly« wird verarbeitet
Kompilation erfolgreich beendet
»MEI-test-set/MEI/repeats/3-repeats.ly« wird verarbeitet
Kompilation erfolgreich beendet
»MEI-test-set/MEI/repeats/second-time-difference.ly« wird verarbeitet
Warnung: Volta-Klammer kann nicht beendet werden
Kompilation erfolgreich beendet
»MEI-test-set/MEI/repeats/repeat-with-endings.ly« wird verarbeitet
Warnung: Volta-Klammer kann nicht beendet werden
Kompilation erfolgreich beendet
»MEI-test-set/MEI/repeats/dal-segno.ly« wird verarbeitet
Kompilation erfolgreich beendet
»MEI-test-set/MEI/repeats/repeated-bars.ly« wird verarbeitet
/home/rettinghaus/github/mei-test-set/MEI-test-set/MEI/repeats/repeated-bars.ly:21:224: Warnung: Balken bereits vorhanden
  \set Staff.clefGlyph = #"clefs.G" \set Staff.clefPosition = #-2 \set Staff.clefTransposition = #0 \set Staff.middleCPosition = #-6 \set Staff.middleCClefPosition = #-6 << { < g' b' >8[ < a' c'' >8 < b' d''] >8 < b' d'' >8
                                                                                                                                                                                                                               [ < a' c'' >8 < g' b'] >8 } >> %1
/home/rettinghaus/github/mei-test-set/MEI-test-set/MEI/repeats/repeated-bars.ly:21:186: Warnung: unbegrenzter Balken
  \set Staff.clefGlyph = #"clefs.G" \set Staff.clefPosition = #-2 \set Staff.clefTransposition = #0 \set Staff.middleCPosition = #-6 \set Staff.middleCClefPosition = #-6 << { < g' b' >8
                                                                                                                                                                                         [ < a' c'' >8 < b' d''] >8 < b' d'' >8[ < a' c'' >8 < g' b'] >8 } >> %1
Programmierfehler: Grob direction requested while calculation in progress.
Fortsetzung, die Daumen drücken
Programmierfehler: Grob direction requested while calculation in progress.
Fortsetzung, die Daumen drücken
Programmierfehler: Grob direction requested while calculation in progress.
Fortsetzung, die Daumen drücken
Programmierfehler: Grob direction requested while calculation in progress.
Fortsetzung, die Daumen drücken
Programmierfehler: Grob direction requested while calculation in progress.
Fortsetzung, die Daumen drücken
Programmierfehler: Grob direction requested while calculation in progress.
Fortsetzung, die Daumen drücken
/home/rettinghaus/github/mei-test-set/MEI-test-set/MEI/repeats/repeated-bars.ly:21:178: Programmierfehler: ly:stem::calc-length called but will not be used for beamed stem.
  \set Staff.clefGlyph = #"clefs.G" \set Staff.clefPosition = #-2 \set Staff.clefTransposition = #0 \set Staff.middleCPosition = #-6 \set Staff.middleCClefPosition = #-6 << { < 
                                                                                                                                                                                 g' b' >8[ < a' c'' >8 < b' d''] >8 < b' d'' >8[ < a' c'' >8 < g' b'] >8 } >> %1
/home/rettinghaus/github/mei-test-set/MEI-test-set/MEI/repeats/repeated-bars.ly:21:178: Fortsetzung, die Daumen drücken
/home/rettinghaus/github/mei-test-set/MEI-test-set/MEI/repeats/repeated-bars.ly:21:190: Programmierfehler: ly:stem::calc-length called but will not be used for beamed stem.
  \set Staff.clefGlyph = #"clefs.G" \set Staff.clefPosition = #-2 \set Staff.clefTransposition = #0 \set Staff.middleCPosition = #-6 \set Staff.middleCClefPosition = #-6 << { < g' b' >8[ < 
                                                                                                                                                                                             a' c'' >8 < b' d''] >8 < b' d'' >8[ < a' c'' >8 < g' b'] >8 } >> %1
/home/rettinghaus/github/mei-test-set/MEI-test-set/MEI/repeats/repeated-bars.ly:21:190: Fortsetzung, die Daumen drücken
/home/rettinghaus/github/mei-test-set/MEI-test-set/MEI/repeats/repeated-bars.ly:21:228: Programmierfehler: ly:stem::calc-length called but will not be used for beamed stem.
  \set Staff.clefGlyph = #"clefs.G" \set Staff.clefPosition = #-2 \set Staff.clefTransposition = #0 \set Staff.middleCPosition = #-6 \set Staff.middleCClefPosition = #-6 << { < g' b' >8[ < a' c'' >8 < b' d''] >8 < b' d'' >8[ < 
                                                                                                                                                                                                                                   a' c'' >8 < g' b'] >8 } >> %1
/home/rettinghaus/github/mei-test-set/MEI-test-set/MEI/repeats/repeated-bars.ly:21:228: Fortsetzung, die Daumen drücken
/home/rettinghaus/github/mei-test-set/MEI-test-set/MEI/repeats/repeated-bars.ly:21:202: Programmierfehler: ly:stem::calc-length called but will not be used for beamed stem.
  \set Staff.clefGlyph = #"clefs.G" \set Staff.clefPosition = #-2 \set Staff.clefTransposition = #0 \set Staff.middleCPosition = #-6 \set Staff.middleCClefPosition = #-6 << { < g' b' >8[ < a' c'' >8 < 
                                                                                                                                                                                                         b' d''] >8 < b' d'' >8[ < a' c'' >8 < g' b'] >8 } >> %1
/home/rettinghaus/github/mei-test-set/MEI-test-set/MEI/repeats/repeated-bars.ly:21:202: Fortsetzung, die Daumen drücken
/home/rettinghaus/github/mei-test-set/MEI-test-set/MEI/repeats/repeated-bars.ly:21:215: Programmierfehler: ly:stem::calc-length called but will not be used for beamed stem.
  \set Staff.clefGlyph = #"clefs.G" \set Staff.clefPosition = #-2 \set Staff.clefTransposition = #0 \set Staff.middleCPosition = #-6 \set Staff.middleCClefPosition = #-6 << { < g' b' >8[ < a' c'' >8 < b' d''] >8 < 
                                                                                                                                                                                                                      b' d'' >8[ < a' c'' >8 < g' b'] >8 } >> %1
/home/rettinghaus/github/mei-test-set/MEI-test-set/MEI/repeats/repeated-bars.ly:21:215: Fortsetzung, die Daumen drücken
/home/rettinghaus/github/mei-test-set/MEI-test-set/MEI/repeats/repeated-bars.ly:21:240: Programmierfehler: ly:stem::calc-length called but will not be used for beamed stem.
  \set Staff.clefGlyph = #"clefs.G" \set Staff.clefPosition = #-2 \set Staff.clefTransposition = #0 \set Staff.middleCPosition = #-6 \set Staff.middleCClefPosition = #-6 << { < g' b' >8[ < a' c'' >8 < b' d''] >8 < b' d'' >8[ < a' c'' >8 < 
                                                                                                                                                                                                                                               g' b'] >8 } >> %1
/home/rettinghaus/github/mei-test-set/MEI-test-set/MEI/repeats/repeated-bars.ly:21:240: Fortsetzung, die Daumen drücken
Kompilation erfolgreich beendet
»MEI-test-set/MEI/repeats/repeats-positioning.ly« wird verarbeitet
Kompilation erfolgreich beendet
»MEI-test-set/MEI/dynamics/dynamics-1.ly« wird verarbeitet
Kompilation erfolgreich beendet
»MEI-test-set/MEI/dynamics/poco-molto.ly« wird verarbeitet
Kompilation erfolgreich beendet
»MEI-test-set/MEI/dynamics/subito.ly« wird verarbeitet
Kompilation erfolgreich beendet
»MEI-test-set/MEI/dynamics/forte.ly« wird verarbeitet
Kompilation erfolgreich beendet
»MEI-test-set/MEI/dynamics/long-cresc.ly« wird verarbeitet
Kompilation erfolgreich beendet
»MEI-test-set/MEI/dynamics/cresc-new-line.ly« wird verarbeitet
Kompilation erfolgreich beendet
»MEI-test-set/MEI/dynamics/dynamic-placement.ly« wird verarbeitet
Kompilation erfolgreich beendet
»MEI-test-set/MEI/arpeggios/arpeggios.ly« wird verarbeitet
Kompilation erfolgreich beendet
»MEI-test-set/MEI/arpeggios/written-out.ly« wird verarbeitet
Kompilation erfolgreich beendet
»MEI-test-set/MEI/arpeggios/stop-start-arpegg.ly« wird verarbeitet
Kompilation erfolgreich beendet
»MEI-test-set/MEI/arpeggios/broken-arpegg.ly« wird verarbeitet
Kompilation erfolgreich beendet
»MEI-test-set/MEI/arpeggios/over-staves.ly« wird verarbeitet
/home/rettinghaus/github/mei-test-set/MEI-test-set/MEI/arpeggios/over-staves.ly:26:285: Warnung: unbegrenzter Bindebogen
  \set Staff.clefGlyph = #"clefs.F" \set Staff.clefPosition = #2 \set Staff.clefTransposition = #0 \set Staff.middleCPosition = #6 \set Staff.middleCClefPosition = #6 << { s4. \stemUp f8~[ a8~ \change Staff = "staff 1" \stemDown c'8~] \change Staff = "staff 2" } \\ { \stemNeutral g,8
                                                                                                                                                                                                                                                                                            ~[ b,8~ d8~] < g,~ b,~ d~ >4. } >> %1
/home/rettinghaus/github/mei-test-set/MEI-test-set/MEI/arpeggios/over-staves.ly:26:291: Warnung: unbegrenzter Bindebogen
  \set Staff.clefGlyph = #"clefs.F" \set Staff.clefPosition = #2 \set Staff.clefTransposition = #0 \set Staff.middleCPosition = #6 \set Staff.middleCClefPosition = #6 << { s4. \stemUp f8~[ a8~ \change Staff = "staff 1" \stemDown c'8~] \change Staff = "staff 2" } \\ { \stemNeutral g,8~[ b,8
                                                                                                                                                                                                                                                                                                  ~ d8~] < g,~ b,~ d~ >4. } >> %1
/home/rettinghaus/github/mei-test-set/MEI-test-set/MEI/arpeggios/over-staves.ly:26:187: Warnung: unbegrenzter Bindebogen
  \set Staff.clefGlyph = #"clefs.F" \set Staff.clefPosition = #2 \set Staff.clefTransposition = #0 \set Staff.middleCPosition = #6 \set Staff.middleCClefPosition = #6 << { s4. \stemUp f8
                                                                                                                                                                                          ~[ a8~ \change Staff = "staff 1" \stemDown c'8~] \change Staff = "staff 2" } \\ { \stemNeutral g,8~[ b,8~ d8~] < g,~ b,~ d~ >4. } >> %1
/home/rettinghaus/github/mei-test-set/MEI-test-set/MEI/arpeggios/over-staves.ly:26:192: Warnung: unbegrenzter Bindebogen
  \set Staff.clefGlyph = #"clefs.F" \set Staff.clefPosition = #2 \set Staff.clefTransposition = #0 \set Staff.middleCPosition = #6 \set Staff.middleCClefPosition = #6 << { s4. \stemUp f8~[ a8
                                                                                                                                                                                               ~ \change Staff = "staff 1" \stemDown c'8~] \change Staff = "staff 2" } \\ { \stemNeutral g,8~[ b,8~ d8~] < g,~ b,~ d~ >4. } >> %1
/home/rettinghaus/github/mei-test-set/MEI-test-set/MEI/arpeggios/over-staves.ly:27:10: Warnung: Notenkopf wird zu inkompatiblem Hals (Typ = 1/8) hinzugefügt
  << { < 
         f a >2. } \\ { < g, b, d >2. } >> \bar "|." %2
/home/rettinghaus/github/mei-test-set/MEI-test-set/MEI/arpeggios/over-staves.ly:27:10: Warnung: vielleicht sollte die Eingabe mehrere Stimmen erstellen
  << { < 
         f a >2. } \\ { < g, b, d >2. } >> \bar "|." %2
/home/rettinghaus/github/mei-test-set/MEI-test-set/MEI/arpeggios/over-staves.ly:27:12: Warnung: Notenkopf wird zu inkompatiblem Hals (Typ = 1/8) hinzugefügt
  << { < f 
           a >2. } \\ { < g, b, d >2. } >> \bar "|." %2
/home/rettinghaus/github/mei-test-set/MEI-test-set/MEI/arpeggios/over-staves.ly:27:12: Warnung: vielleicht sollte die Eingabe mehrere Stimmen erstellen
  << { < f 
           a >2. } \\ { < g, b, d >2. } >> \bar "|." %2
/home/rettinghaus/github/mei-test-set/MEI-test-set/MEI/arpeggios/over-staves.ly:26:233: Warnung: unbegrenzter Bindebogen
  \set Staff.clefGlyph = #"clefs.F" \set Staff.clefPosition = #2 \set Staff.clefTransposition = #0 \set Staff.middleCPosition = #6 \set Staff.middleCClefPosition = #6 << { s4. \stemUp f8~[ a8~ \change Staff = "staff 1" \stemDown c'8
                                                                                                                                                                                                                                        ~] \change Staff = "staff 2" } \\ { \stemNeutral g,8~[ b,8~ d8~] < g,~ b,~ d~ >4. } >> %1
/home/rettinghaus/github/mei-test-set/MEI-test-set/MEI/arpeggios/over-staves.ly:22:11: Warnung: unbegrenzter Bindebogen
  << { e'8
          ~[ g'8~ b'8~] < e' g' b' >4. } \\ { c'2. } >> \bar "|." %2
/home/rettinghaus/github/mei-test-set/MEI-test-set/MEI/arpeggios/over-staves.ly:22:11: Warnung: unbegrenzter Bindebogen
  << { e'8
          ~[ g'8~ b'8~] < e' g' b' >4. } \\ { c'2. } >> \bar "|." %2
/home/rettinghaus/github/mei-test-set/MEI-test-set/MEI/arpeggios/over-staves.ly:22:11: Warnung: unbegrenzter Bindebogen
  << { e'8
          ~[ g'8~ b'8~] < e' g' b' >4. } \\ { c'2. } >> \bar "|." %2
/home/rettinghaus/github/mei-test-set/MEI-test-set/MEI/arpeggios/over-staves.ly:22:17: Warnung: unbegrenzter Bindebogen
  << { e'8~[ g'8
                ~ b'8~] < e' g' b' >4. } \\ { c'2. } >> \bar "|." %2
Kompilation erfolgreich beendet
»MEI-test-set/MEI/arpeggios/dynamics.ly« wird verarbeitet
Kompilation erfolgreich beendet
»MEI-test-set/MEI/arpeggios/vib-changes.ly« wird verarbeitet
Kompilation erfolgreich beendet
»MEI-test-set/MEI/chords/cluster-chords-2.ly« wird verarbeitet
Kompilation erfolgreich beendet
»MEI-test-set/MEI/chords/dotted-3.ly« wird verarbeitet
Kompilation erfolgreich beendet
»MEI-test-set/MEI/chords/crossing-stems.ly« wird verarbeitet
Kompilation erfolgreich beendet
»MEI-test-set/MEI/chords/dotted-2-voiced.ly« wird verarbeitet
Kompilation erfolgreich beendet
»MEI-test-set/MEI/chords/crossing-stems-2.ly« wird verarbeitet
Kompilation erfolgreich beendet
»MEI-test-set/MEI/chords/unisons-5.ly« wird verarbeitet
Kompilation erfolgreich beendet
»MEI-test-set/MEI/chords/dotted-2.ly« wird verarbeitet
Kompilation erfolgreich beendet
»MEI-test-set/MEI/chords/cluster-chords-stem-directions.ly« wird verarbeitet
Kompilation erfolgreich beendet
»MEI-test-set/MEI/chords/dotted-4.ly« wird verarbeitet
Kompilation erfolgreich beendet
»MEI-test-set/MEI/chords/unisons-4.ly« wird verarbeitet
Kompilation erfolgreich beendet
»MEI-test-set/MEI/chords/dotted.ly« wird verarbeitet
Kompilation erfolgreich beendet
»MEI-test-set/MEI/chords/dotted-unison.ly« wird verarbeitet
Kompilation erfolgreich beendet
»MEI-test-set/MEI/chords/unisons-accidentals.ly« wird verarbeitet
Kompilation erfolgreich beendet
»MEI-test-set/MEI/chords/shared-note-heads.ly« wird verarbeitet
Kompilation erfolgreich beendet
»MEI-test-set/MEI/chords/crossing-whole-notes.ly« wird verarbeitet
Kompilation erfolgreich beendet
»MEI-test-set/MEI/chords/stem-directions.ly« wird verarbeitet
/home/rettinghaus/github/mei-test-set/MEI-test-set/MEI/chords/stem-directions.ly:24:43: Warnung: unbegrenzter Balken
  << { \stemNeutral < g f''' >2 < c' e' >8
                                          [ < c'' e'' >8 < f' a' >8 < c''' e'''] >8 } >> \bar "|." %2
Programmierfehler: Grob direction requested while calculation in progress.
Fortsetzung, die Daumen drücken
Programmierfehler: Grob direction requested while calculation in progress.
Fortsetzung, die Daumen drücken
Programmierfehler: Grob direction requested while calculation in progress.
Fortsetzung, die Daumen drücken
Programmierfehler: Grob direction requested while calculation in progress.
Fortsetzung, die Daumen drücken
/home/rettinghaus/github/mei-test-set/MEI-test-set/MEI/chords/stem-directions.ly:24:47: Programmierfehler: ly:stem::calc-length called but will not be used for beamed stem.
  << { \stemNeutral < g f''' >2 < c' e' >8[ < 
                                              c'' e'' >8 < f' a' >8 < c''' e'''] >8 } >> \bar "|." %2
/home/rettinghaus/github/mei-test-set/MEI-test-set/MEI/chords/stem-directions.ly:24:47: Fortsetzung, die Daumen drücken
/home/rettinghaus/github/mei-test-set/MEI-test-set/MEI/chords/stem-directions.ly:24:35: Programmierfehler: ly:stem::calc-length called but will not be used for beamed stem.
  << { \stemNeutral < g f''' >2 < 
                                  c' e' >8[ < c'' e'' >8 < f' a' >8 < c''' e'''] >8 } >> \bar "|." %2
/home/rettinghaus/github/mei-test-set/MEI-test-set/MEI/chords/stem-directions.ly:24:35: Fortsetzung, die Daumen drücken
/home/rettinghaus/github/mei-test-set/MEI-test-set/MEI/chords/stem-directions.ly:24:60: Programmierfehler: ly:stem::calc-length called but will not be used for beamed stem.
  << { \stemNeutral < g f''' >2 < c' e' >8[ < c'' e'' >8 < 
                                                           f' a' >8 < c''' e'''] >8 } >> \bar "|." %2
/home/rettinghaus/github/mei-test-set/MEI-test-set/MEI/chords/stem-directions.ly:24:60: Fortsetzung, die Daumen drücken
/home/rettinghaus/github/mei-test-set/MEI-test-set/MEI/chords/stem-directions.ly:24:71: Programmierfehler: ly:stem::calc-length called but will not be used for beamed stem.
  << { \stemNeutral < g f''' >2 < c' e' >8[ < c'' e'' >8 < f' a' >8 < 
                                                                      c''' e'''] >8 } >> \bar "|." %2
/home/rettinghaus/github/mei-test-set/MEI-test-set/MEI/chords/stem-directions.ly:24:71: Fortsetzung, die Daumen drücken
Kompilation erfolgreich beendet
»MEI-test-set/MEI/chords/unisons-2.ly« wird verarbeitet
Kompilation erfolgreich beendet
»MEI-test-set/MEI/chords/unisons.ly« wird verarbeitet
Kompilation erfolgreich beendet
»MEI-test-set/MEI/chords/chord-test.ly« wird verarbeitet
/home/rettinghaus/github/mei-test-set/MEI-test-set/MEI/chords/chord-test.ly:21:212: Warnung: Notenhals passt nicht in Balken
  \set Staff.clefGlyph = #"clefs.G" \set Staff.clefPosition = #-2 \set Staff.clefTransposition = #0 \set Staff.middleCPosition = #-6 \set Staff.middleCClefPosition = #-6 << { < f' a' d'' >8.[ < e' g' d''] >16 < 
                                                                                                                                                                                                                   d' f' d'' >2 r4 } >> \bar "|." %1
/home/rettinghaus/github/mei-test-set/MEI-test-set/MEI/chords/chord-test.ly:21:191: Warnung: Balken wurde hier begonnen
  \set Staff.clefGlyph = #"clefs.G" \set Staff.clefPosition = #-2 \set Staff.clefTransposition = #0 \set Staff.middleCPosition = #-6 \set Staff.middleCClefPosition = #-6 << { < f' a' d'' >8.
                                                                                                                                                                                              [ < e' g' d''] >16 < d' f' d'' >2 r4 } >> \bar "|." %1
/home/rettinghaus/github/mei-test-set/MEI-test-set/MEI/chords/chord-test.ly:21:225: Warnung: Notenhals passt nicht in Balken
  \set Staff.clefGlyph = #"clefs.G" \set Staff.clefPosition = #-2 \set Staff.clefTransposition = #0 \set Staff.middleCPosition = #-6 \set Staff.middleCClefPosition = #-6 << { < f' a' d'' >8.[ < e' g' d''] >16 < d' f' d'' >2 
                                                                                                                                                                                                                                r4 } >> \bar "|." %1
/home/rettinghaus/github/mei-test-set/MEI-test-set/MEI/chords/chord-test.ly:21:191: Warnung: Balken wurde hier begonnen
  \set Staff.clefGlyph = #"clefs.G" \set Staff.clefPosition = #-2 \set Staff.clefTransposition = #0 \set Staff.middleCPosition = #-6 \set Staff.middleCClefPosition = #-6 << { < f' a' d'' >8.
                                                                                                                                                                                              [ < e' g' d''] >16 < d' f' d'' >2 r4 } >> \bar "|." %1
/home/rettinghaus/github/mei-test-set/MEI-test-set/MEI/chords/chord-test.ly:21:191: Warnung: unbegrenzter Balken
  \set Staff.clefGlyph = #"clefs.G" \set Staff.clefPosition = #-2 \set Staff.clefTransposition = #0 \set Staff.middleCPosition = #-6 \set Staff.middleCClefPosition = #-6 << { < f' a' d'' >8.
                                                                                                                                                                                              [ < e' g' d''] >16 < d' f' d'' >2 r4 } >> \bar "|." %1
Programmierfehler: Grob direction requested while calculation in progress.
Fortsetzung, die Daumen drücken
Programmierfehler: Grob direction requested while calculation in progress.
Fortsetzung, die Daumen drücken
Programmierfehler: Grob direction requested while calculation in progress.
Fortsetzung, die Daumen drücken
/home/rettinghaus/github/mei-test-set/MEI-test-set/MEI/chords/chord-test.ly:21:178: Programmierfehler: ly:stem::calc-length called but will not be used for beamed stem.
  \set Staff.clefGlyph = #"clefs.G" \set Staff.clefPosition = #-2 \set Staff.clefTransposition = #0 \set Staff.middleCPosition = #-6 \set Staff.middleCClefPosition = #-6 << { < 
                                                                                                                                                                                 f' a' d'' >8.[ < e' g' d''] >16 < d' f' d'' >2 r4 } >> \bar "|." %1
/home/rettinghaus/github/mei-test-set/MEI-test-set/MEI/chords/chord-test.ly:21:178: Fortsetzung, die Daumen drücken
/home/rettinghaus/github/mei-test-set/MEI-test-set/MEI/chords/chord-test.ly:21:195: Programmierfehler: ly:stem::calc-length called but will not be used for beamed stem.
  \set Staff.clefGlyph = #"clefs.G" \set Staff.clefPosition = #-2 \set Staff.clefTransposition = #0 \set Staff.middleCPosition = #-6 \set Staff.middleCClefPosition = #-6 << { < f' a' d'' >8.[ < 
                                                                                                                                                                                                  e' g' d''] >16 < d' f' d'' >2 r4 } >> \bar "|." %1
/home/rettinghaus/github/mei-test-set/MEI-test-set/MEI/chords/chord-test.ly:21:195: Fortsetzung, die Daumen drücken
/home/rettinghaus/github/mei-test-set/MEI-test-set/MEI/chords/chord-test.ly:21:212: Programmierfehler: ly:stem::calc-length called but will not be used for beamed stem.
  \set Staff.clefGlyph = #"clefs.G" \set Staff.clefPosition = #-2 \set Staff.clefTransposition = #0 \set Staff.middleCPosition = #-6 \set Staff.middleCClefPosition = #-6 << { < f' a' d'' >8.[ < e' g' d''] >16 < 
                                                                                                                                                                                                                   d' f' d'' >2 r4 } >> \bar "|." %1
/home/rettinghaus/github/mei-test-set/MEI-test-set/MEI/chords/chord-test.ly:21:212: Fortsetzung, die Daumen drücken
Programmierfehler: Grob direction requested while calculation in progress.
Fortsetzung, die Daumen drücken
/home/rettinghaus/github/mei-test-set/MEI-test-set/MEI/chords/chord-test.ly:21:225: Programmierfehler: ly:stem::calc-length called but will not be used for beamed stem.
  \set Staff.clefGlyph = #"clefs.G" \set Staff.clefPosition = #-2 \set Staff.clefTransposition = #0 \set Staff.middleCPosition = #-6 \set Staff.middleCClefPosition = #-6 << { < f' a' d'' >8.[ < e' g' d''] >16 < d' f' d'' >2 
                                                                                                                                                                                                                                r4 } >> \bar "|." %1
/home/rettinghaus/github/mei-test-set/MEI-test-set/MEI/chords/chord-test.ly:21:225: Fortsetzung, die Daumen drücken
Kompilation erfolgreich beendet
»MEI-test-set/MEI/chords/unisons-accidentals-chords.ly« wird verarbeitet
Kompilation erfolgreich beendet
»MEI-test-set/MEI/chords/cluster-chords.ly« wird verarbeitet
Kompilation erfolgreich beendet
»MEI-test-set/MEI/chords/stem-directions-2.ly« wird verarbeitet
Kompilation erfolgreich beendet
»MEI-test-set/MEI/chords/unisons-3.ly« wird verarbeitet
Kompilation erfolgreich beendet
»MEI-test-set/MEI/chords/cluster-chords-whole-notes.ly« wird verarbeitet
Kompilation erfolgreich beendet
»MEI-test-set/MEI/chords/dotted-5.ly« wird verarbeitet
Kompilation erfolgreich beendet
»MEI-test-set/MEI/chords/cluster-chords-3.ly« wird verarbeitet
Kompilation erfolgreich beendet
»MEI-test-set/MEI/gliss/more-gliss.ly« wird verarbeitet
/home/rettinghaus/github/mei-test-set/MEI-test-set/MEI/gliss/more-gliss.ly:22:72: Warnung: Notenhals passt nicht in Balken
  << { < e' b' d'' >8[ < f' c'' e'' >8 < a' e'' a'' >8 < e' a' e''] >8 
                                                                       r2 } >> \bar "|." %2
/home/rettinghaus/github/mei-test-set/MEI-test-set/MEI/gliss/more-gliss.ly:22:22: Warnung: Balken wurde hier begonnen
  << { < e' b' d'' >8
                     [ < f' c'' e'' >8 < a' e'' a'' >8 < e' a' e''] >8 r2 } >> \bar "|." %2
/home/rettinghaus/github/mei-test-set/MEI-test-set/MEI/gliss/more-gliss.ly:22:22: Warnung: unbegrenzter Balken
  << { < e' b' d'' >8
                     [ < f' c'' e'' >8 < a' e'' a'' >8 < e' a' e''] >8 r2 } >> \bar "|." %2
Programmierfehler: Grob direction requested while calculation in progress.
Fortsetzung, die Daumen drücken
Programmierfehler: Grob direction requested while calculation in progress.
Fortsetzung, die Daumen drücken
Programmierfehler: Grob direction requested while calculation in progress.
Fortsetzung, die Daumen drücken
Programmierfehler: Grob direction requested while calculation in progress.
Fortsetzung, die Daumen drücken
/home/rettinghaus/github/mei-test-set/MEI-test-set/MEI/gliss/more-gliss.ly:22:10: Programmierfehler: ly:stem::calc-length called but will not be used for beamed stem.
  << { < 
         e' b' d'' >8[ < f' c'' e'' >8 < a' e'' a'' >8 < e' a' e''] >8 r2 } >> \bar "|." %2
/home/rettinghaus/github/mei-test-set/MEI-test-set/MEI/gliss/more-gliss.ly:22:10: Fortsetzung, die Daumen drücken
/home/rettinghaus/github/mei-test-set/MEI-test-set/MEI/gliss/more-gliss.ly:22:26: Programmierfehler: ly:stem::calc-length called but will not be used for beamed stem.
  << { < e' b' d'' >8[ < 
                         f' c'' e'' >8 < a' e'' a'' >8 < e' a' e''] >8 r2 } >> \bar "|." %2
/home/rettinghaus/github/mei-test-set/MEI-test-set/MEI/gliss/more-gliss.ly:22:26: Fortsetzung, die Daumen drücken
/home/rettinghaus/github/mei-test-set/MEI-test-set/MEI/gliss/more-gliss.ly:22:42: Programmierfehler: ly:stem::calc-length called but will not be used for beamed stem.
  << { < e' b' d'' >8[ < f' c'' e'' >8 < 
                                         a' e'' a'' >8 < e' a' e''] >8 r2 } >> \bar "|." %2
/home/rettinghaus/github/mei-test-set/MEI-test-set/MEI/gliss/more-gliss.ly:22:42: Fortsetzung, die Daumen drücken
/home/rettinghaus/github/mei-test-set/MEI-test-set/MEI/gliss/more-gliss.ly:22:58: Programmierfehler: ly:stem::calc-length called but will not be used for beamed stem.
  << { < e' b' d'' >8[ < f' c'' e'' >8 < a' e'' a'' >8 < 
                                                         e' a' e''] >8 r2 } >> \bar "|." %2
/home/rettinghaus/github/mei-test-set/MEI-test-set/MEI/gliss/more-gliss.ly:22:58: Fortsetzung, die Daumen drücken
Programmierfehler: Grob direction requested while calculation in progress.
Fortsetzung, die Daumen drücken
/home/rettinghaus/github/mei-test-set/MEI-test-set/MEI/gliss/more-gliss.ly:22:72: Programmierfehler: ly:stem::calc-length called but will not be used for beamed stem.
  << { < e' b' d'' >8[ < f' c'' e'' >8 < a' e'' a'' >8 < e' a' e''] >8 
                                                                       r2 } >> \bar "|." %2
/home/rettinghaus/github/mei-test-set/MEI-test-set/MEI/gliss/more-gliss.ly:22:72: Fortsetzung, die Daumen drücken
Kompilation erfolgreich beendet
»MEI-test-set/MEI/gliss/short-gliss.ly« wird verarbeitet
Kompilation erfolgreich beendet
»MEI-test-set/MEI/gliss/gliss-precision.ly« wird verarbeitet
Kompilation erfolgreich beendet
»MEI-test-set/MEI/gliss/interim-pitches.ly« wird verarbeitet
Kompilation erfolgreich beendet
»MEI-test-set/MEI/gliss/glissando.ly« wird verarbeitet
Kompilation erfolgreich beendet
»MEI-test-set/MEI/ties-slurs/dotted-slur.ly« wird verarbeitet
Kompilation erfolgreich beendet
»MEI-test-set/MEI/ties-slurs/ties-dotted.ly« wird verarbeitet
Kompilation erfolgreich beendet
»MEI-test-set/MEI/ties-slurs/open-ties.ly« wird verarbeitet
Kompilation erfolgreich beendet
»MEI-test-set/MEI/ties-slurs/ties-2-voices.ly« wird verarbeitet
/home/rettinghaus/github/mei-test-set/MEI-test-set/MEI/ties-slurs/ties-2-voices.ly:21:237: Warnung: Notenhals passt nicht in Balken
  \set Staff.clefGlyph = #"clefs.G" \set Staff.clefPosition = #-2 \set Staff.clefTransposition = #0 \set Staff.middleCPosition = #-6 \set Staff.middleCClefPosition = #-6 << { < c''~ e''~ >4 < c'' e'' >8[ < c''~ a''~] >8 < c'' a'' >8 r8 
                                                                                                                                                                                                                                            r4 } \\ { < c'~ e'~ >4 < c' e' >8[ < a~ e'~] >8 < a e' >8 r8 r4 } >> \bar "|." %1
/home/rettinghaus/github/mei-test-set/MEI-test-set/MEI/ties-slurs/ties-2-voices.ly:21:203: Warnung: Balken wurde hier begonnen
  \set Staff.clefGlyph = #"clefs.G" \set Staff.clefPosition = #-2 \set Staff.clefTransposition = #0 \set Staff.middleCPosition = #-6 \set Staff.middleCClefPosition = #-6 << { < c''~ e''~ >4 < c'' e'' >8
                                                                                                                                                                                                          [ < c''~ a''~] >8 < c'' a'' >8 r8 r4 } \\ { < c'~ e'~ >4 < c' e' >8[ < a~ e'~] >8 < a e' >8 r8 r4 } >> \bar "|." %1
/home/rettinghaus/github/mei-test-set/MEI-test-set/MEI/ties-slurs/ties-2-voices.ly:21:298: Warnung: Notenhals passt nicht in Balken
  \set Staff.clefGlyph = #"clefs.G" \set Staff.clefPosition = #-2 \set Staff.clefTransposition = #0 \set Staff.middleCPosition = #-6 \set Staff.middleCClefPosition = #-6 << { < c''~ e''~ >4 < c'' e'' >8[ < c''~ a''~] >8 < c'' a'' >8 r8 r4 } \\ { < c'~ e'~ >4 < c' e' >8[ < a~ e'~] >8 < a e' >8 r8 
                                                                                                                                                                                                                                                                                                         r4 } >> \bar "|." %1
/home/rettinghaus/github/mei-test-set/MEI-test-set/MEI/ties-slurs/ties-2-voices.ly:21:270: Warnung: Balken wurde hier begonnen
  \set Staff.clefGlyph = #"clefs.G" \set Staff.clefPosition = #-2 \set Staff.clefTransposition = #0 \set Staff.middleCPosition = #-6 \set Staff.middleCClefPosition = #-6 << { < c''~ e''~ >4 < c'' e'' >8[ < c''~ a''~] >8 < c'' a'' >8 r8 r4 } \\ { < c'~ e'~ >4 < c' e' >8
                                                                                                                                                                                                                                                                             [ < a~ e'~] >8 < a e' >8 r8 r4 } >> \bar "|." %1
/home/rettinghaus/github/mei-test-set/MEI-test-set/MEI/ties-slurs/ties-2-voices.ly:21:203: Warnung: unbegrenzter Balken
  \set Staff.clefGlyph = #"clefs.G" \set Staff.clefPosition = #-2 \set Staff.clefTransposition = #0 \set Staff.middleCPosition = #-6 \set Staff.middleCClefPosition = #-6 << { < c''~ e''~ >4 < c'' e'' >8
                                                                                                                                                                                                          [ < c''~ a''~] >8 < c'' a'' >8 r8 r4 } \\ { < c'~ e'~ >4 < c' e' >8[ < a~ e'~] >8 < a e' >8 r8 r4 } >> \bar "|." %1
/home/rettinghaus/github/mei-test-set/MEI-test-set/MEI/ties-slurs/ties-2-voices.ly:21:270: Warnung: unbegrenzter Balken
  \set Staff.clefGlyph = #"clefs.G" \set Staff.clefPosition = #-2 \set Staff.clefTransposition = #0 \set Staff.middleCPosition = #-6 \set Staff.middleCClefPosition = #-6 << { < c''~ e''~ >4 < c'' e'' >8[ < c''~ a''~] >8 < c'' a'' >8 r8 r4 } \\ { < c'~ e'~ >4 < c' e' >8
                                                                                                                                                                                                                                                                             [ < a~ e'~] >8 < a e' >8 r8 r4 } >> \bar "|." %1
/home/rettinghaus/github/mei-test-set/MEI-test-set/MEI/ties-slurs/ties-2-voices.ly:21:193: Programmierfehler: ly:stem::calc-length called but will not be used for beamed stem.
  \set Staff.clefGlyph = #"clefs.G" \set Staff.clefPosition = #-2 \set Staff.clefTransposition = #0 \set Staff.middleCPosition = #-6 \set Staff.middleCClefPosition = #-6 << { < c''~ e''~ >4 < 
                                                                                                                                                                                                c'' e'' >8[ < c''~ a''~] >8 < c'' a'' >8 r8 r4 } \\ { < c'~ e'~ >4 < c' e' >8[ < a~ e'~] >8 < a e' >8 r8 r4 } >> \bar "|." %1
/home/rettinghaus/github/mei-test-set/MEI-test-set/MEI/ties-slurs/ties-2-voices.ly:21:193: Fortsetzung, die Daumen drücken
/home/rettinghaus/github/mei-test-set/MEI-test-set/MEI/ties-slurs/ties-2-voices.ly:21:262: Programmierfehler: ly:stem::calc-length called but will not be used for beamed stem.
  \set Staff.clefGlyph = #"clefs.G" \set Staff.clefPosition = #-2 \set Staff.clefTransposition = #0 \set Staff.middleCPosition = #-6 \set Staff.middleCClefPosition = #-6 << { < c''~ e''~ >4 < c'' e'' >8[ < c''~ a''~] >8 < c'' a'' >8 r8 r4 } \\ { < c'~ e'~ >4 < 
                                                                                                                                                                                                                                                                     c' e' >8[ < a~ e'~] >8 < a e' >8 r8 r4 } >> \bar "|." %1
/home/rettinghaus/github/mei-test-set/MEI-test-set/MEI/ties-slurs/ties-2-voices.ly:21:262: Fortsetzung, die Daumen drücken
/home/rettinghaus/github/mei-test-set/MEI-test-set/MEI/ties-slurs/ties-2-voices.ly:21:207: Programmierfehler: ly:stem::calc-length called but will not be used for beamed stem.
  \set Staff.clefGlyph = #"clefs.G" \set Staff.clefPosition = #-2 \set Staff.clefTransposition = #0 \set Staff.middleCPosition = #-6 \set Staff.middleCClefPosition = #-6 << { < c''~ e''~ >4 < c'' e'' >8[ < 
                                                                                                                                                                                                              c''~ a''~] >8 < c'' a'' >8 r8 r4 } \\ { < c'~ e'~ >4 < c' e' >8[ < a~ e'~] >8 < a e' >8 r8 r4 } >> \bar "|." %1
/home/rettinghaus/github/mei-test-set/MEI-test-set/MEI/ties-slurs/ties-2-voices.ly:21:207: Fortsetzung, die Daumen drücken
/home/rettinghaus/github/mei-test-set/MEI-test-set/MEI/ties-slurs/ties-2-voices.ly:21:274: Programmierfehler: ly:stem::calc-length called but will not be used for beamed stem.
  \set Staff.clefGlyph = #"clefs.G" \set Staff.clefPosition = #-2 \set Staff.clefTransposition = #0 \set Staff.middleCPosition = #-6 \set Staff.middleCClefPosition = #-6 << { < c''~ e''~ >4 < c'' e'' >8[ < c''~ a''~] >8 < c'' a'' >8 r8 r4 } \\ { < c'~ e'~ >4 < c' e' >8[ < 
                                                                                                                                                                                                                                                                                 a~ e'~] >8 < a e' >8 r8 r4 } >> \bar "|." %1
/home/rettinghaus/github/mei-test-set/MEI-test-set/MEI/ties-slurs/ties-2-voices.ly:21:274: Fortsetzung, die Daumen drücken
/home/rettinghaus/github/mei-test-set/MEI-test-set/MEI/ties-slurs/ties-2-voices.ly:21:223: Programmierfehler: ly:stem::calc-length called but will not be used for beamed stem.
  \set Staff.clefGlyph = #"clefs.G" \set Staff.clefPosition = #-2 \set Staff.clefTransposition = #0 \set Staff.middleCPosition = #-6 \set Staff.middleCClefPosition = #-6 << { < c''~ e''~ >4 < c'' e'' >8[ < c''~ a''~] >8 < 
                                                                                                                                                                                                                              c'' a'' >8 r8 r4 } \\ { < c'~ e'~ >4 < c' e' >8[ < a~ e'~] >8 < a e' >8 r8 r4 } >> \bar "|." %1
/home/rettinghaus/github/mei-test-set/MEI-test-set/MEI/ties-slurs/ties-2-voices.ly:21:223: Fortsetzung, die Daumen drücken
/home/rettinghaus/github/mei-test-set/MEI-test-set/MEI/ties-slurs/ties-2-voices.ly:21:287: Programmierfehler: ly:stem::calc-length called but will not be used for beamed stem.
  \set Staff.clefGlyph = #"clefs.G" \set Staff.clefPosition = #-2 \set Staff.clefTransposition = #0 \set Staff.middleCPosition = #-6 \set Staff.middleCClefPosition = #-6 << { < c''~ e''~ >4 < c'' e'' >8[ < c''~ a''~] >8 < c'' a'' >8 r8 r4 } \\ { < c'~ e'~ >4 < c' e' >8[ < a~ e'~] >8 < 
                                                                                                                                                                                                                                                                                              a e' >8 r8 r4 } >> \bar "|." %1
/home/rettinghaus/github/mei-test-set/MEI-test-set/MEI/ties-slurs/ties-2-voices.ly:21:287: Fortsetzung, die Daumen drücken
/home/rettinghaus/github/mei-test-set/MEI-test-set/MEI/ties-slurs/ties-2-voices.ly:21:234: Programmierfehler: ly:stem::calc-length called but will not be used for beamed stem.
  \set Staff.clefGlyph = #"clefs.G" \set Staff.clefPosition = #-2 \set Staff.clefTransposition = #0 \set Staff.middleCPosition = #-6 \set Staff.middleCClefPosition = #-6 << { < c''~ e''~ >4 < c'' e'' >8[ < c''~ a''~] >8 < c'' a'' >8 
                                                                                                                                                                                                                                         r8 r4 } \\ { < c'~ e'~ >4 < c' e' >8[ < a~ e'~] >8 < a e' >8 r8 r4 } >> \bar "|." %1
/home/rettinghaus/github/mei-test-set/MEI-test-set/MEI/ties-slurs/ties-2-voices.ly:21:234: Fortsetzung, die Daumen drücken
/home/rettinghaus/github/mei-test-set/MEI-test-set/MEI/ties-slurs/ties-2-voices.ly:21:295: Programmierfehler: ly:stem::calc-length called but will not be used for beamed stem.
  \set Staff.clefGlyph = #"clefs.G" \set Staff.clefPosition = #-2 \set Staff.clefTransposition = #0 \set Staff.middleCPosition = #-6 \set Staff.middleCClefPosition = #-6 << { < c''~ e''~ >4 < c'' e'' >8[ < c''~ a''~] >8 < c'' a'' >8 r8 r4 } \\ { < c'~ e'~ >4 < c' e' >8[ < a~ e'~] >8 < a e' >8 
                                                                                                                                                                                                                                                                                                      r8 r4 } >> \bar "|." %1
/home/rettinghaus/github/mei-test-set/MEI-test-set/MEI/ties-slurs/ties-2-voices.ly:21:295: Fortsetzung, die Daumen drücken
/home/rettinghaus/github/mei-test-set/MEI-test-set/MEI/ties-slurs/ties-2-voices.ly:21:237: Programmierfehler: ly:stem::calc-length called but will not be used for beamed stem.
  \set Staff.clefGlyph = #"clefs.G" \set Staff.clefPosition = #-2 \set Staff.clefTransposition = #0 \set Staff.middleCPosition = #-6 \set Staff.middleCClefPosition = #-6 << { < c''~ e''~ >4 < c'' e'' >8[ < c''~ a''~] >8 < c'' a'' >8 r8 
                                                                                                                                                                                                                                            r4 } \\ { < c'~ e'~ >4 < c' e' >8[ < a~ e'~] >8 < a e' >8 r8 r4 } >> \bar "|." %1
/home/rettinghaus/github/mei-test-set/MEI-test-set/MEI/ties-slurs/ties-2-voices.ly:21:237: Fortsetzung, die Daumen drücken
/home/rettinghaus/github/mei-test-set/MEI-test-set/MEI/ties-slurs/ties-2-voices.ly:21:298: Programmierfehler: ly:stem::calc-length called but will not be used for beamed stem.
  \set Staff.clefGlyph = #"clefs.G" \set Staff.clefPosition = #-2 \set Staff.clefTransposition = #0 \set Staff.middleCPosition = #-6 \set Staff.middleCClefPosition = #-6 << { < c''~ e''~ >4 < c'' e'' >8[ < c''~ a''~] >8 < c'' a'' >8 r8 r4 } \\ { < c'~ e'~ >4 < c' e' >8[ < a~ e'~] >8 < a e' >8 r8 
                                                                                                                                                                                                                                                                                                         r4 } >> \bar "|." %1
/home/rettinghaus/github/mei-test-set/MEI-test-set/MEI/ties-slurs/ties-2-voices.ly:21:298: Fortsetzung, die Daumen drücken
Kompilation erfolgreich beendet
»MEI-test-set/MEI/ties-slurs/ties-unison.ly« wird verarbeitet
Kompilation erfolgreich beendet
»MEI-test-set/MEI/ties-slurs/ties-chords-2.ly« wird verarbeitet
Kompilation erfolgreich beendet
»MEI-test-set/MEI/ties-slurs/more-slurs.ly« wird verarbeitet
Kompilation erfolgreich beendet
»MEI-test-set/MEI/ties-slurs/with-tenuto.ly« wird verarbeitet
Kompilation erfolgreich beendet
»MEI-test-set/MEI/ties-slurs/ties-chords.ly« wird verarbeitet
Kompilation erfolgreich beendet
»MEI-test-set/MEI/ties-slurs/respelled.ly« wird verarbeitet
Kompilation erfolgreich beendet
»MEI-test-set/MEI/ties-slurs/ties-stems.ly« wird verarbeitet
Kompilation erfolgreich beendet
»MEI-test-set/MEI/ties-slurs/over-system.ly« wird verarbeitet
Kompilation erfolgreich beendet
»MEI-test-set/MEI/ties-slurs/both.ly« wird verarbeitet
Kompilation erfolgreich beendet
»MEI-test-set/MEI/ties-slurs/slurs-with-rests.ly« wird verarbeitet
Kompilation erfolgreich beendet
»MEI-test-set/MEI/ties-slurs/slurs-within-slurs.ly« wird verarbeitet
Kompilation erfolgreich beendet
»MEI-test-set/MEI/ties-slurs/ties.ly« wird verarbeitet
Kompilation erfolgreich beendet
»MEI-test-set/MEI/ties-slurs/ties-overlapping-voices.ly« wird verarbeitet
Kompilation erfolgreich beendet
»MEI-test-set/MEI/ties-slurs/ties-with-other-notes.ly« wird verarbeitet
/home/rettinghaus/github/mei-test-set/MEI-test-set/MEI/ties-slurs/ties-with-other-notes.ly:21:231: Warnung: Notenhals passt nicht in Balken
  \set Staff.clefGlyph = #"clefs.G" \set Staff.clefPosition = #-2 \set Staff.clefTransposition = #0 \set Staff.middleCPosition = #-6 \set Staff.middleCClefPosition = #-6 << { < f'~ a' >8[ < d' f' >8 < a''~ d''' >8 < f'' a''] >8 < 
                                                                                                                                                                                                                                      a'~ c''~ >2 } >> %1
/home/rettinghaus/github/mei-test-set/MEI-test-set/MEI/ties-slurs/ties-with-other-notes.ly:21:187: Warnung: Balken wurde hier begonnen
  \set Staff.clefGlyph = #"clefs.G" \set Staff.clefPosition = #-2 \set Staff.clefTransposition = #0 \set Staff.middleCPosition = #-6 \set Staff.middleCClefPosition = #-6 << { < f'~ a' >8
                                                                                                                                                                                          [ < d' f' >8 < a''~ d''' >8 < f'' a''] >8 < a'~ c''~ >2 } >> %1
/home/rettinghaus/github/mei-test-set/MEI-test-set/MEI/ties-slurs/ties-with-other-notes.ly:22:10: Warnung: Notenhals passt nicht in Balken
  << { < 
         g'~ a'~ c''~ d''~ >2 < f' g' a'~ c''~ d'' f'' >4 < a' c'' >4 } >> %2
/home/rettinghaus/github/mei-test-set/MEI-test-set/MEI/ties-slurs/ties-with-other-notes.ly:21:187: Warnung: Balken wurde hier begonnen
  \set Staff.clefGlyph = #"clefs.G" \set Staff.clefPosition = #-2 \set Staff.clefTransposition = #0 \set Staff.middleCPosition = #-6 \set Staff.middleCClefPosition = #-6 << { < f'~ a' >8
                                                                                                                                                                                          [ < d' f' >8 < a''~ d''' >8 < f'' a''] >8 < a'~ c''~ >2 } >> %1
/home/rettinghaus/github/mei-test-set/MEI-test-set/MEI/ties-slurs/ties-with-other-notes.ly:22:33: Warnung: Notenhals passt nicht in Balken
  << { < g'~ a'~ c''~ d''~ >2 < 
                                f' g' a'~ c''~ d'' f'' >4 < a' c'' >4 } >> %2
/home/rettinghaus/github/mei-test-set/MEI-test-set/MEI/ties-slurs/ties-with-other-notes.ly:21:187: Warnung: Balken wurde hier begonnen
  \set Staff.clefGlyph = #"clefs.G" \set Staff.clefPosition = #-2 \set Staff.clefTransposition = #0 \set Staff.middleCPosition = #-6 \set Staff.middleCClefPosition = #-6 << { < f'~ a' >8
                                                                                                                                                                                          [ < d' f' >8 < a''~ d''' >8 < f'' a''] >8 < a'~ c''~ >2 } >> %1
/home/rettinghaus/github/mei-test-set/MEI-test-set/MEI/ties-slurs/ties-with-other-notes.ly:22:61: Warnung: Notenhals passt nicht in Balken
  << { < g'~ a'~ c''~ d''~ >2 < f' g' a'~ c''~ d'' f'' >4 < 
                                                            a' c'' >4 } >> %2
/home/rettinghaus/github/mei-test-set/MEI-test-set/MEI/ties-slurs/ties-with-other-notes.ly:21:187: Warnung: Balken wurde hier begonnen
  \set Staff.clefGlyph = #"clefs.G" \set Staff.clefPosition = #-2 \set Staff.clefTransposition = #0 \set Staff.middleCPosition = #-6 \set Staff.middleCClefPosition = #-6 << { < f'~ a' >8
                                                                                                                                                                                          [ < d' f' >8 < a''~ d''' >8 < f'' a''] >8 < a'~ c''~ >2 } >> %1
/home/rettinghaus/github/mei-test-set/MEI-test-set/MEI/ties-slurs/ties-with-other-notes.ly:23:19: Warnung: Balken bereits vorhanden
  << { < f' g'~ >8
                  [ < g' d''] >8 r4 r2 } >> \bar "|." %3
/home/rettinghaus/github/mei-test-set/MEI-test-set/MEI/ties-slurs/ties-with-other-notes.ly:23:34: Warnung: Notenhals passt nicht in Balken
  << { < f' g'~ >8[ < g' d''] >8 
                                 r4 r2 } >> \bar "|." %3
/home/rettinghaus/github/mei-test-set/MEI-test-set/MEI/ties-slurs/ties-with-other-notes.ly:21:187: Warnung: Balken wurde hier begonnen
  \set Staff.clefGlyph = #"clefs.G" \set Staff.clefPosition = #-2 \set Staff.clefTransposition = #0 \set Staff.middleCPosition = #-6 \set Staff.middleCClefPosition = #-6 << { < f'~ a' >8
                                                                                                                                                                                          [ < d' f' >8 < a''~ d''' >8 < f'' a''] >8 < a'~ c''~ >2 } >> %1
/home/rettinghaus/github/mei-test-set/MEI-test-set/MEI/ties-slurs/ties-with-other-notes.ly:23:37: Warnung: Notenhals passt nicht in Balken
  << { < f' g'~ >8[ < g' d''] >8 r4 
                                    r2 } >> \bar "|." %3
/home/rettinghaus/github/mei-test-set/MEI-test-set/MEI/ties-slurs/ties-with-other-notes.ly:21:187: Warnung: Balken wurde hier begonnen
  \set Staff.clefGlyph = #"clefs.G" \set Staff.clefPosition = #-2 \set Staff.clefTransposition = #0 \set Staff.middleCPosition = #-6 \set Staff.middleCClefPosition = #-6 << { < f'~ a' >8
                                                                                                                                                                                          [ < d' f' >8 < a''~ d''' >8 < f'' a''] >8 < a'~ c''~ >2 } >> %1
/home/rettinghaus/github/mei-test-set/MEI-test-set/MEI/ties-slurs/ties-with-other-notes.ly:21:187: Warnung: unbegrenzter Balken
  \set Staff.clefGlyph = #"clefs.G" \set Staff.clefPosition = #-2 \set Staff.clefTransposition = #0 \set Staff.middleCPosition = #-6 \set Staff.middleCClefPosition = #-6 << { < f'~ a' >8
                                                                                                                                                                                          [ < d' f' >8 < a''~ d''' >8 < f'' a''] >8 < a'~ c''~ >2 } >> %1
Programmierfehler: Grob direction requested while calculation in progress.
Fortsetzung, die Daumen drücken
Programmierfehler: Grob direction requested while calculation in progress.
Fortsetzung, die Daumen drücken
Programmierfehler: Grob direction requested while calculation in progress.
Fortsetzung, die Daumen drücken
Programmierfehler: Grob direction requested while calculation in progress.
Fortsetzung, die Daumen drücken
Programmierfehler: Grob direction requested while calculation in progress.
Fortsetzung, die Daumen drücken
Programmierfehler: Grob direction requested while calculation in progress.
Fortsetzung, die Daumen drücken
Programmierfehler: Grob direction requested while calculation in progress.
Fortsetzung, die Daumen drücken
Programmierfehler: Grob direction requested while calculation in progress.
Fortsetzung, die Daumen drücken
Programmierfehler: Grob direction requested while calculation in progress.
Fortsetzung, die Daumen drücken
Programmierfehler: Grob direction requested while calculation in progress.
Fortsetzung, die Daumen drücken
/home/rettinghaus/github/mei-test-set/MEI-test-set/MEI/ties-slurs/ties-with-other-notes.ly:21:178: Programmierfehler: ly:stem::calc-length called but will not be used for beamed stem.
  \set Staff.clefGlyph = #"clefs.G" \set Staff.clefPosition = #-2 \set Staff.clefTransposition = #0 \set Staff.middleCPosition = #-6 \set Staff.middleCClefPosition = #-6 << { < 
                                                                                                                                                                                 f'~ a' >8[ < d' f' >8 < a''~ d''' >8 < f'' a''] >8 < a'~ c''~ >2 } >> %1
/home/rettinghaus/github/mei-test-set/MEI-test-set/MEI/ties-slurs/ties-with-other-notes.ly:21:178: Fortsetzung, die Daumen drücken
/home/rettinghaus/github/mei-test-set/MEI-test-set/MEI/ties-slurs/ties-with-other-notes.ly:21:191: Programmierfehler: ly:stem::calc-length called but will not be used for beamed stem.
  \set Staff.clefGlyph = #"clefs.G" \set Staff.clefPosition = #-2 \set Staff.clefTransposition = #0 \set Staff.middleCPosition = #-6 \set Staff.middleCClefPosition = #-6 << { < f'~ a' >8[ < 
                                                                                                                                                                                              d' f' >8 < a''~ d''' >8 < f'' a''] >8 < a'~ c''~ >2 } >> %1
/home/rettinghaus/github/mei-test-set/MEI-test-set/MEI/ties-slurs/ties-with-other-notes.ly:21:191: Fortsetzung, die Daumen drücken
/home/rettinghaus/github/mei-test-set/MEI-test-set/MEI/ties-slurs/ties-with-other-notes.ly:21:231: Programmierfehler: ly:stem::calc-length called but will not be used for beamed stem.
  \set Staff.clefGlyph = #"clefs.G" \set Staff.clefPosition = #-2 \set Staff.clefTransposition = #0 \set Staff.middleCPosition = #-6 \set Staff.middleCClefPosition = #-6 << { < f'~ a' >8[ < d' f' >8 < a''~ d''' >8 < f'' a''] >8 < 
                                                                                                                                                                                                                                      a'~ c''~ >2 } >> %1
/home/rettinghaus/github/mei-test-set/MEI-test-set/MEI/ties-slurs/ties-with-other-notes.ly:21:231: Fortsetzung, die Daumen drücken
/home/rettinghaus/github/mei-test-set/MEI-test-set/MEI/ties-slurs/ties-with-other-notes.ly:22:10: Programmierfehler: ly:stem::calc-length called but will not be used for beamed stem.
  << { < 
         g'~ a'~ c''~ d''~ >2 < f' g' a'~ c''~ d'' f'' >4 < a' c'' >4 } >> %2
/home/rettinghaus/github/mei-test-set/MEI-test-set/MEI/ties-slurs/ties-with-other-notes.ly:22:10: Fortsetzung, die Daumen drücken
/home/rettinghaus/github/mei-test-set/MEI-test-set/MEI/ties-slurs/ties-with-other-notes.ly:21:202: Programmierfehler: ly:stem::calc-length called but will not be used for beamed stem.
  \set Staff.clefGlyph = #"clefs.G" \set Staff.clefPosition = #-2 \set Staff.clefTransposition = #0 \set Staff.middleCPosition = #-6 \set Staff.middleCClefPosition = #-6 << { < f'~ a' >8[ < d' f' >8 < 
                                                                                                                                                                                                         a''~ d''' >8 < f'' a''] >8 < a'~ c''~ >2 } >> %1
/home/rettinghaus/github/mei-test-set/MEI-test-set/MEI/ties-slurs/ties-with-other-notes.ly:21:202: Fortsetzung, die Daumen drücken
/home/rettinghaus/github/mei-test-set/MEI-test-set/MEI/ties-slurs/ties-with-other-notes.ly:21:217: Programmierfehler: ly:stem::calc-length called but will not be used for beamed stem.
  \set Staff.clefGlyph = #"clefs.G" \set Staff.clefPosition = #-2 \set Staff.clefTransposition = #0 \set Staff.middleCPosition = #-6 \set Staff.middleCClefPosition = #-6 << { < f'~ a' >8[ < d' f' >8 < a''~ d''' >8 < 
                                                                                                                                                                                                                        f'' a''] >8 < a'~ c''~ >2 } >> %1
/home/rettinghaus/github/mei-test-set/MEI-test-set/MEI/ties-slurs/ties-with-other-notes.ly:21:217: Fortsetzung, die Daumen drücken
/home/rettinghaus/github/mei-test-set/MEI-test-set/MEI/ties-slurs/ties-with-other-notes.ly:23:10: Programmierfehler: ly:stem::calc-length called but will not be used for beamed stem.
  << { < 
         f' g'~ >8[ < g' d''] >8 r4 r2 } >> \bar "|." %3
/home/rettinghaus/github/mei-test-set/MEI-test-set/MEI/ties-slurs/ties-with-other-notes.ly:23:10: Fortsetzung, die Daumen drücken
/home/rettinghaus/github/mei-test-set/MEI-test-set/MEI/ties-slurs/ties-with-other-notes.ly:23:23: Programmierfehler: ly:stem::calc-length called but will not be used for beamed stem.
  << { < f' g'~ >8[ < 
                      g' d''] >8 r4 r2 } >> \bar "|." %3
/home/rettinghaus/github/mei-test-set/MEI-test-set/MEI/ties-slurs/ties-with-other-notes.ly:23:23: Fortsetzung, die Daumen drücken
/home/rettinghaus/github/mei-test-set/MEI-test-set/MEI/ties-slurs/ties-with-other-notes.ly:22:33: Programmierfehler: ly:stem::calc-length called but will not be used for beamed stem.
  << { < g'~ a'~ c''~ d''~ >2 < 
                                f' g' a'~ c''~ d'' f'' >4 < a' c'' >4 } >> %2
/home/rettinghaus/github/mei-test-set/MEI-test-set/MEI/ties-slurs/ties-with-other-notes.ly:22:33: Fortsetzung, die Daumen drücken
/home/rettinghaus/github/mei-test-set/MEI-test-set/MEI/ties-slurs/ties-with-other-notes.ly:22:61: Programmierfehler: ly:stem::calc-length called but will not be used for beamed stem.
  << { < g'~ a'~ c''~ d''~ >2 < f' g' a'~ c''~ d'' f'' >4 < 
                                                            a' c'' >4 } >> %2
/home/rettinghaus/github/mei-test-set/MEI-test-set/MEI/ties-slurs/ties-with-other-notes.ly:22:61: Fortsetzung, die Daumen drücken
Programmierfehler: Grob direction requested while calculation in progress.
Fortsetzung, die Daumen drücken
/home/rettinghaus/github/mei-test-set/MEI-test-set/MEI/ties-slurs/ties-with-other-notes.ly:23:34: Programmierfehler: ly:stem::calc-length called but will not be used for beamed stem.
  << { < f' g'~ >8[ < g' d''] >8 
                                 r4 r2 } >> \bar "|." %3
/home/rettinghaus/github/mei-test-set/MEI-test-set/MEI/ties-slurs/ties-with-other-notes.ly:23:34: Fortsetzung, die Daumen drücken
Programmierfehler: Grob direction requested while calculation in progress.
Fortsetzung, die Daumen drücken
/home/rettinghaus/github/mei-test-set/MEI-test-set/MEI/ties-slurs/ties-with-other-notes.ly:23:37: Programmierfehler: ly:stem::calc-length called but will not be used for beamed stem.
  << { < f' g'~ >8[ < g' d''] >8 r4 
                                    r2 } >> \bar "|." %3
/home/rettinghaus/github/mei-test-set/MEI-test-set/MEI/ties-slurs/ties-with-other-notes.ly:23:37: Fortsetzung, die Daumen drücken
Kompilation erfolgreich beendet
»MEI-test-set/MEI/ties-slurs/slured-chords.ly« wird verarbeitet
Kompilation erfolgreich beendet
»MEI-test-set/MEI/accidentals/all-accidentals.ly« wird verarbeitet
Kompilation erfolgreich beendet
»MEI-test-set/MEI/accidentals/grace-notes.ly« wird verarbeitet
Kompilation erfolgreich beendet
»MEI-test-set/MEI/accidentals/cancellation.ly« wird verarbeitet
Kompilation erfolgreich beendet
»MEI-test-set/MEI/accidentals/tied-notes.ly« wird verarbeitet
Kompilation erfolgreich beendet
»MEI-test-set/MEI/accidentals/quarter-tones.ly« wird verarbeitet
Kompilation erfolgreich beendet
»MEI-test-set/MEI/accidentals/key-sig.ly« wird verarbeitet
Kompilation erfolgreich beendet
»MEI-test-set/MEI/accidentals/cancellation-repeated-notes.ly« wird verarbeitet
Kompilation erfolgreich beendet
»MEI-test-set/MEI/accidentals/unconventional-key-sig.ly« wird verarbeitet
Kompilation erfolgreich beendet
»MEI-test-set/MEI/accidentals/big-chords.ly« wird verarbeitet
Kompilation erfolgreich beendet
»MEI-test-set/MEI/accidentals/accidental-coverage.ly« wird verarbeitet
Kompilation erfolgreich beendet
»MEI-test-set/MEI/accidentals/placement-other-symbols.ly« wird verarbeitet
Kompilation erfolgreich beendet
»MEI-test-set/MEI/accidentals/octave-displacement.ly« wird verarbeitet
Kompilation erfolgreich beendet
»MEI-test-set/MEI/accidentals/two-parts-cancelled.ly« wird verarbeitet
/home/rettinghaus/github/mei-test-set/MEI-test-set/MEI/accidentals/two-parts-cancelled.ly:21:273: Warnung: Balken bereits vorhanden
  \set Staff.clefGlyph = #"clefs.G" \set Staff.clefPosition = #-2 \set Staff.clefTransposition = #0 \set Staff.middleCPosition = #-6 \set Staff.middleCClefPosition = #-6 << { \stemDown < e' gis'! >8[ < gis'! cis''! >8 < cis''! e'' >8 < e'' gis''!] >8 \stemUp < c''! e'' >8
                                                                                                                                                                                                                                                                                [ \stemUp < g'! c''! >8 \stemUp < e' g'! >8 \stemUp < c'! e'] >8 } >> %1
/home/rettinghaus/github/mei-test-set/MEI-test-set/MEI/accidentals/two-parts-cancelled.ly:21:199: Warnung: unbegrenzter Balken
  \set Staff.clefGlyph = #"clefs.G" \set Staff.clefPosition = #-2 \set Staff.clefTransposition = #0 \set Staff.middleCPosition = #-6 \set Staff.middleCClefPosition = #-6 << { \stemDown < e' gis'! >8
                                                                                                                                                                                                      [ < gis'! cis''! >8 < cis''! e'' >8 < e'' gis''!] >8 \stemUp < c''! e'' >8[ \stemUp < g'! c''! >8 \stemUp < e' g'! >8 \stemUp < c'! e'] >8 } >> %1
/home/rettinghaus/github/mei-test-set/MEI-test-set/MEI/accidentals/two-parts-cancelled.ly:21:188: Programmierfehler: ly:stem::calc-length called but will not be used for beamed stem.
  \set Staff.clefGlyph = #"clefs.G" \set Staff.clefPosition = #-2 \set Staff.clefTransposition = #0 \set Staff.middleCPosition = #-6 \set Staff.middleCClefPosition = #-6 << { \stemDown < 
                                                                                                                                                                                           e' gis'! >8[ < gis'! cis''! >8 < cis''! e'' >8 < e'' gis''!] >8 \stemUp < c''! e'' >8[ \stemUp < g'! c''! >8 \stemUp < e' g'! >8 \stemUp < c'! e'] >8 } >> %1
/home/rettinghaus/github/mei-test-set/MEI-test-set/MEI/accidentals/two-parts-cancelled.ly:21:188: Fortsetzung, die Daumen drücken
/home/rettinghaus/github/mei-test-set/MEI-test-set/MEI/accidentals/two-parts-cancelled.ly:21:203: Programmierfehler: ly:stem::calc-length called but will not be used for beamed stem.
  \set Staff.clefGlyph = #"clefs.G" \set Staff.clefPosition = #-2 \set Staff.clefTransposition = #0 \set Staff.middleCPosition = #-6 \set Staff.middleCClefPosition = #-6 << { \stemDown < e' gis'! >8[ < 
                                                                                                                                                                                                          gis'! cis''! >8 < cis''! e'' >8 < e'' gis''!] >8 \stemUp < c''! e'' >8[ \stemUp < g'! c''! >8 \stemUp < e' g'! >8 \stemUp < c'! e'] >8 } >> %1
/home/rettinghaus/github/mei-test-set/MEI-test-set/MEI/accidentals/two-parts-cancelled.ly:21:203: Fortsetzung, die Daumen drücken
/home/rettinghaus/github/mei-test-set/MEI-test-set/MEI/accidentals/two-parts-cancelled.ly:21:262: Programmierfehler: ly:stem::calc-length called but will not be used for beamed stem.
  \set Staff.clefGlyph = #"clefs.G" \set Staff.clefPosition = #-2 \set Staff.clefTransposition = #0 \set Staff.middleCPosition = #-6 \set Staff.middleCClefPosition = #-6 << { \stemDown < e' gis'! >8[ < gis'! cis''! >8 < cis''! e'' >8 < e'' gis''!] >8 \stemUp < 
                                                                                                                                                                                                                                                                     c''! e'' >8[ \stemUp < g'! c''! >8 \stemUp < e' g'! >8 \stemUp < c'! e'] >8 } >> %1
/home/rettinghaus/github/mei-test-set/MEI-test-set/MEI/accidentals/two-parts-cancelled.ly:21:262: Fortsetzung, die Daumen drücken
/home/rettinghaus/github/mei-test-set/MEI-test-set/MEI/accidentals/two-parts-cancelled.ly:21:221: Programmierfehler: ly:stem::calc-length called but will not be used for beamed stem.
  \set Staff.clefGlyph = #"clefs.G" \set Staff.clefPosition = #-2 \set Staff.clefTransposition = #0 \set Staff.middleCPosition = #-6 \set Staff.middleCClefPosition = #-6 << { \stemDown < e' gis'! >8[ < gis'! cis''! >8 < 
                                                                                                                                                                                                                            cis''! e'' >8 < e'' gis''!] >8 \stemUp < c''! e'' >8[ \stemUp < g'! c''! >8 \stemUp < e' g'! >8 \stemUp < c'! e'] >8 } >> %1
/home/rettinghaus/github/mei-test-set/MEI-test-set/MEI/accidentals/two-parts-cancelled.ly:21:221: Fortsetzung, die Daumen drücken
/home/rettinghaus/github/mei-test-set/MEI-test-set/MEI/accidentals/two-parts-cancelled.ly:21:237: Programmierfehler: ly:stem::calc-length called but will not be used for beamed stem.
  \set Staff.clefGlyph = #"clefs.G" \set Staff.clefPosition = #-2 \set Staff.clefTransposition = #0 \set Staff.middleCPosition = #-6 \set Staff.middleCClefPosition = #-6 << { \stemDown < e' gis'! >8[ < gis'! cis''! >8 < cis''! e'' >8 < 
                                                                                                                                                                                                                                            e'' gis''!] >8 \stemUp < c''! e'' >8[ \stemUp < g'! c''! >8 \stemUp < e' g'! >8 \stemUp < c'! e'] >8 } >> %1
/home/rettinghaus/github/mei-test-set/MEI-test-set/MEI/accidentals/two-parts-cancelled.ly:21:237: Fortsetzung, die Daumen drücken
/home/rettinghaus/github/mei-test-set/MEI-test-set/MEI/accidentals/two-parts-cancelled.ly:21:285: Programmierfehler: ly:stem::calc-length called but will not be used for beamed stem.
  \set Staff.clefGlyph = #"clefs.G" \set Staff.clefPosition = #-2 \set Staff.clefTransposition = #0 \set Staff.middleCPosition = #-6 \set Staff.middleCClefPosition = #-6 << { \stemDown < e' gis'! >8[ < gis'! cis''! >8 < cis''! e'' >8 < e'' gis''!] >8 \stemUp < c''! e'' >8[ \stemUp < 
                                                                                                                                                                                                                                                                                            g'! c''! >8 \stemUp < e' g'! >8 \stemUp < c'! e'] >8 } >> %1
/home/rettinghaus/github/mei-test-set/MEI-test-set/MEI/accidentals/two-parts-cancelled.ly:21:285: Fortsetzung, die Daumen drücken
/home/rettinghaus/github/mei-test-set/MEI-test-set/MEI/accidentals/two-parts-cancelled.ly:21:307: Programmierfehler: ly:stem::calc-length called but will not be used for beamed stem.
  \set Staff.clefGlyph = #"clefs.G" \set Staff.clefPosition = #-2 \set Staff.clefTransposition = #0 \set Staff.middleCPosition = #-6 \set Staff.middleCClefPosition = #-6 << { \stemDown < e' gis'! >8[ < gis'! cis''! >8 < cis''! e'' >8 < e'' gis''!] >8 \stemUp < c''! e'' >8[ \stemUp < g'! c''! >8 \stemUp < 
                                                                                                                                                                                                                                                                                                                  e' g'! >8 \stemUp < c'! e'] >8 } >> %1
/home/rettinghaus/github/mei-test-set/MEI-test-set/MEI/accidentals/two-parts-cancelled.ly:21:307: Fortsetzung, die Daumen drücken
/home/rettinghaus/github/mei-test-set/MEI-test-set/MEI/accidentals/two-parts-cancelled.ly:21:327: Programmierfehler: ly:stem::calc-length called but will not be used for beamed stem.
  \set Staff.clefGlyph = #"clefs.G" \set Staff.clefPosition = #-2 \set Staff.clefTransposition = #0 \set Staff.middleCPosition = #-6 \set Staff.middleCClefPosition = #-6 << { \stemDown < e' gis'! >8[ < gis'! cis''! >8 < cis''! e'' >8 < e'' gis''!] >8 \stemUp < c''! e'' >8[ \stemUp < g'! c''! >8 \stemUp < e' g'! >8 \stemUp < 
                                                                                                                                                                                                                                                                                                                                      c'! e'] >8 } >> %1
/home/rettinghaus/github/mei-test-set/MEI-test-set/MEI/accidentals/two-parts-cancelled.ly:21:327: Fortsetzung, die Daumen drücken
Kompilation erfolgreich beendet
»MEI-test-set/MEI/accidentals/respelling.ly« wird verarbeitet
Kompilation erfolgreich beendet
»MEI-test-set/MEI/accidentals/treble-clef.ly« wird verarbeitet
Kompilation erfolgreich beendet
»MEI-test-set/MEI/accidentals/bass-clef.ly« wird verarbeitet
Kompilation erfolgreich beendet
»MEI-test-set/MEI/accidentals/altered-unisons-2.ly« wird verarbeitet
Kompilation erfolgreich beendet
»MEI-test-set/MEI/accidentals/tenor-clef.ly« wird verarbeitet
Kompilation erfolgreich beendet
»MEI-test-set/MEI/accidentals/altered-unisons.ly« wird verarbeitet
Kompilation erfolgreich beendet
»MEI-test-set/MEI/accidentals/two-stem-chords.ly« wird verarbeitet
Kompilation erfolgreich beendet
»MEI-test-set/MEI/accidentals/alto-clef.ly« wird verarbeitet
Kompilation erfolgreich beendet
»MEI-test-set/MEI/accidentals/key-change.ly« wird verarbeitet
Kompilation erfolgreich beendet
»MEI-test-set/MEI/meter/2-4.ly« wird verarbeitet
Kompilation erfolgreich beendet
»MEI-test-set/MEI/meter/beat-division-2.ly« wird verarbeitet
Kompilation erfolgreich beendet
»MEI-test-set/MEI/meter/rest-groupings-2.ly« wird verarbeitet
Kompilation erfolgreich beendet
»MEI-test-set/MEI/meter/metric-modulation.ly« wird verarbeitet
Kompilation erfolgreich beendet
»MEI-test-set/MEI/meter/parentheses.ly« wird verarbeitet
Kompilation erfolgreich beendet
»MEI-test-set/MEI/meter/beams-over-rests.ly« wird verarbeitet
Kompilation erfolgreich beendet
»MEI-test-set/MEI/meter/beat-division.ly« wird verarbeitet
Kompilation erfolgreich beendet
»MEI-test-set/MEI/meter/fermatas.ly« wird verarbeitet
Kompilation erfolgreich beendet
»MEI-test-set/MEI/meter/all-groupings.ly« wird verarbeitet
Kompilation erfolgreich beendet
»MEI-test-set/MEI/meter/measure-rests.ly« wird verarbeitet
Kompilation erfolgreich beendet
»MEI-test-set/MEI/meter/old-measure-groups.ly« wird verarbeitet
Kompilation erfolgreich beendet
»MEI-test-set/MEI/meter/changing-metres.ly« wird verarbeitet
Kompilation erfolgreich beendet
»MEI-test-set/MEI/meter/meter-changes.ly« wird verarbeitet
Kompilation erfolgreich beendet
»MEI-test-set/MEI/meter/rest-groupings-3.ly« wird verarbeitet
Kompilation erfolgreich beendet
»MEI-test-set/MEI/meter/fermata-positioning.ly« wird verarbeitet
Kompilation erfolgreich beendet
»MEI-test-set/MEI/meter/beamings.ly« wird verarbeitet
Kompilation erfolgreich beendet
»MEI-test-set/MEI/meter/new-rhythm.ly« wird verarbeitet
Kompilation erfolgreich beendet
»MEI-test-set/MEI/meter/rest-groupings.ly« wird verarbeitet
Kompilation erfolgreich beendet
»MEI-test-set/MEI/meter/variable-stress.ly« wird verarbeitet
Kompilation erfolgreich beendet
»MEI-test-set/MEI/meter/polymeter.ly« wird verarbeitet
Kompilation erfolgreich beendet
»MEI-test-set/MEI/meter/structural-beaming.ly« wird verarbeitet
/home/rettinghaus/github/mei-test-set/MEI-test-set/MEI/meter/structural-beaming.ly:30:3: Warnung: mid-measure time signature without \partial
  
  \time 6/8 
Warnung: erzwungener Umbruch war durch anderes Ereignis aufgehoben, sollten Taktüberprüfungen vorgenommen werden?
/home/rettinghaus/github/mei-test-set/MEI-test-set/MEI/meter/structural-beaming.ly:33:31: Warnung: mid-measure time signature without \partial
  \once \numericTimeSignature 
                              \time 4/4 
/home/rettinghaus/github/mei-test-set/MEI-test-set/MEI/meter/structural-beaming.ly:36:3: Warnung: mid-measure time signature without \partial
  
  \time 6/8 
Warnung: erzwungener Umbruch war durch anderes Ereignis aufgehoben, sollten Taktüberprüfungen vorgenommen werden?
/home/rettinghaus/github/mei-test-set/MEI-test-set/MEI/meter/structural-beaming.ly:39:31: Warnung: mid-measure time signature without \partial
  \once \numericTimeSignature 
                              \time 4/4 
Kompilation erfolgreich beendet
»MEI-test-set/MEI/meter/more-beaming-2.ly« wird verarbeitet
Kompilation erfolgreich beendet
»MEI-test-set/MEI/meter/note-head-denominator.ly« wird verarbeitet
Kompilation erfolgreich beendet
»MEI-test-set/MEI/meter/multimeasure-rests.ly« wird verarbeitet
Kompilation erfolgreich beendet
»MEI-test-set/MEI/meter/rest-positions.ly« wird verarbeitet
Kompilation erfolgreich beendet
»MEI-test-set/MEI/meter/quadruple-dotted.ly« wird verarbeitet
Kompilation erfolgreich beendet
»MEI-test-set/MEI/meter/tempo-alterations.ly« wird verarbeitet
/home/rettinghaus/github/mei-test-set/MEI-test-set/MEI/meter/tempo-alterations.ly:22:42: Warnung: Balken bereits vorhanden
  << { e'''4 cis'''!8[ < a'' b''] >8 a''8
                                         [ g''8 cis'''!8 e''8] } >> %2
Kompilation erfolgreich beendet
»MEI-test-set/MEI/meter/sustaining-across-beats.ly« wird verarbeitet
Kompilation erfolgreich beendet
»MEI-test-set/MEI/meter/more-beaming-5.ly« wird verarbeitet
Kompilation erfolgreich beendet
»MEI-test-set/MEI/meter/tempo-indications.ly« wird verarbeitet
Kompilation erfolgreich beendet
»MEI-test-set/MEI/meter/feathered-beams.ly« wird verarbeitet
Kompilation erfolgreich beendet
»MEI-test-set/MEI/meter/more-beaming-4.ly« wird verarbeitet
Kompilation erfolgreich beendet
»MEI-test-set/MEI/meter/fermata-parts.ly« wird verarbeitet
Kompilation erfolgreich beendet
»MEI-test-set/MEI/meter/scale-beaming.ly« wird verarbeitet
Kompilation erfolgreich beendet
»MEI-test-set/MEI/meter/triplet-test.ly« wird verarbeitet
Kompilation erfolgreich beendet
»MEI-test-set/MEI/meter/dotted-notes.ly« wird verarbeitet
Kompilation erfolgreich beendet
»MEI-test-set/MEI/meter/more-beaming-3.ly« wird verarbeitet
Kompilation erfolgreich beendet
»MEI-test-set/MEI/meter/tempo-alterations-2.ly« wird verarbeitet
Kompilation erfolgreich beendet
»MEI-test-set/MEI/meter/syncopation.ly« wird verarbeitet
Kompilation erfolgreich beendet
»MEI-test-set/MEI/meter/beaming-over-beats.ly« wird verarbeitet
/home/rettinghaus/github/mei-test-set/MEI-test-set/MEI/meter/beaming-over-beats.ly:22:3: Warnung: mid-measure time signature without \partial
  
  \time 18/16 
/home/rettinghaus/github/mei-test-set/MEI-test-set/MEI/meter/beaming-over-beats.ly:25:3: Warnung: mid-measure time signature without \partial
  
  \time 2/4 
/home/rettinghaus/github/mei-test-set/MEI-test-set/MEI/meter/beaming-over-beats.ly:28:3: Warnung: mid-measure time signature without \partial
  
  \time 2/8 
/home/rettinghaus/github/mei-test-set/MEI-test-set/MEI/meter/beaming-over-beats.ly:30:3: Warnung: mid-measure time signature without \partial
  
  \time 3/4 
Kompilation erfolgreich beendet
»MEI-test-set/MEI/meter/compound-beats.ly« wird verarbeitet
Kompilation erfolgreich beendet
»MEI-test-set/MEI/meter/more-beaming.ly« wird verarbeitet
Kompilation erfolgreich beendet
»MEI-test-set/MEI/staves/one-line-staff.ly« wird verarbeitet
/home/rettinghaus/github/mei-test-set/MEI-test-set/MEI/staves/one-line-staff.ly:21:73: Fehler: GUILE signalisierte einen Fehler für den hier beginnenden Ausdruck
  \set Staff.clefGlyph = #"clefs.percussion" \set Staff.clefPosition = #
                                                                        NaN \set Staff.clefTransposition = #0 \set Staff.middleCPosition = #NaN \set Staff.middleCClefPosition = #NaN << { b'1 } >> \bar "|." %1
/home/rettinghaus/github/mei-test-set/MEI-test-set/MEI/staves/one-line-staff.ly:21:141: Fehler: GUILE signalisierte einen Fehler für den hier beginnenden Ausdruck
  \set Staff.clefGlyph = #"clefs.percussion" \set Staff.clefPosition = #NaN \set Staff.clefTransposition = #0 \set Staff.middleCPosition = #
                                                                                                                                            NaN \set Staff.middleCClefPosition = #NaN << { b'1 } >> \bar "|." %1
/home/rettinghaus/github/mei-test-set/MEI-test-set/MEI/staves/one-line-staff.ly:21:179: Fehler: GUILE signalisierte einen Fehler für den hier beginnenden Ausdruck
  \set Staff.clefGlyph = #"clefs.percussion" \set Staff.clefPosition = #NaN \set Staff.clefTransposition = #0 \set Staff.middleCPosition = #NaN \set Staff.middleCClefPosition = #
                                                                                                                                                                                  NaN << { b'1 } >> \bar "|." %1
Warnung: Typprüfung für »clefPosition« gescheitert; Wert »#<unspecified>« muss vom Typ »number« sein
Warnung: Typprüfung für »middleCPosition« gescheitert; Wert »#<unspecified>« muss vom Typ »number« sein
Warnung: Typprüfung für »middleCClefPosition« gescheitert; Wert »#<unspecified>« muss vom Typ »number« sein
Unbound variable: NaN
Unbound variable: NaN
Unbound variable: NaN
schwerer Fehler: gescheiterte Dateien: "MEI-test-set/MEI/staves/one-line-staff.ly"
»MEI-test-set/MEI/staves/three-line-staff.ly« wird verarbeitet
/home/rettinghaus/github/mei-test-set/MEI-test-set/MEI/staves/three-line-staff.ly:21:73: Fehler: GUILE signalisierte einen Fehler für den hier beginnenden Ausdruck
  \set Staff.clefGlyph = #"clefs.percussion" \set Staff.clefPosition = #
                                                                        NaN \set Staff.clefTransposition = #0 \set Staff.middleCPosition = #NaN \set Staff.middleCClefPosition = #NaN << { b'1 } >> \bar "|." %1
/home/rettinghaus/github/mei-test-set/MEI-test-set/MEI/staves/three-line-staff.ly:21:141: Fehler: GUILE signalisierte einen Fehler für den hier beginnenden Ausdruck
  \set Staff.clefGlyph = #"clefs.percussion" \set Staff.clefPosition = #NaN \set Staff.clefTransposition = #0 \set Staff.middleCPosition = #
                                                                                                                                            NaN \set Staff.middleCClefPosition = #NaN << { b'1 } >> \bar "|." %1
/home/rettinghaus/github/mei-test-set/MEI-test-set/MEI/staves/three-line-staff.ly:21:179: Fehler: GUILE signalisierte einen Fehler für den hier beginnenden Ausdruck
  \set Staff.clefGlyph = #"clefs.percussion" \set Staff.clefPosition = #NaN \set Staff.clefTransposition = #0 \set Staff.middleCPosition = #NaN \set Staff.middleCClefPosition = #
                                                                                                                                                                                  NaN << { b'1 } >> \bar "|." %1
Warnung: Typprüfung für »clefPosition« gescheitert; Wert »#<unspecified>« muss vom Typ »number« sein
Warnung: Typprüfung für »middleCPosition« gescheitert; Wert »#<unspecified>« muss vom Typ »number« sein
Warnung: Typprüfung für »middleCClefPosition« gescheitert; Wert »#<unspecified>« muss vom Typ »number« sein
Unbound variable: NaN
Unbound variable: NaN
Unbound variable: NaN
schwerer Fehler: gescheiterte Dateien: "MEI-test-set/MEI/staves/three-line-staff.ly"
»MEI-test-set/MEI/staves/two-line-staff.ly« wird verarbeitet
/home/rettinghaus/github/mei-test-set/MEI-test-set/MEI/staves/two-line-staff.ly:21:73: Fehler: GUILE signalisierte einen Fehler für den hier beginnenden Ausdruck
  \set Staff.clefGlyph = #"clefs.percussion" \set Staff.clefPosition = #
                                                                        NaN \set Staff.clefTransposition = #0 \set Staff.middleCPosition = #NaN \set Staff.middleCClefPosition = #NaN << { d''1 } >> \bar "|." %1
/home/rettinghaus/github/mei-test-set/MEI-test-set/MEI/staves/two-line-staff.ly:21:141: Fehler: GUILE signalisierte einen Fehler für den hier beginnenden Ausdruck
  \set Staff.clefGlyph = #"clefs.percussion" \set Staff.clefPosition = #NaN \set Staff.clefTransposition = #0 \set Staff.middleCPosition = #
                                                                                                                                            NaN \set Staff.middleCClefPosition = #NaN << { d''1 } >> \bar "|." %1
/home/rettinghaus/github/mei-test-set/MEI-test-set/MEI/staves/two-line-staff.ly:21:179: Fehler: GUILE signalisierte einen Fehler für den hier beginnenden Ausdruck
  \set Staff.clefGlyph = #"clefs.percussion" \set Staff.clefPosition = #NaN \set Staff.clefTransposition = #0 \set Staff.middleCPosition = #NaN \set Staff.middleCClefPosition = #
                                                                                                                                                                                  NaN << { d''1 } >> \bar "|." %1
Warnung: Typprüfung für »clefPosition« gescheitert; Wert »#<unspecified>« muss vom Typ »number« sein
Warnung: Typprüfung für »middleCPosition« gescheitert; Wert »#<unspecified>« muss vom Typ »number« sein
Warnung: Typprüfung für »middleCClefPosition« gescheitert; Wert »#<unspecified>« muss vom Typ »number« sein
Unbound variable: NaN
Unbound variable: NaN
Unbound variable: NaN
schwerer Fehler: gescheiterte Dateien: "MEI-test-set/MEI/staves/two-line-staff.ly"
»MEI-test-set/MEI/beams-and-stems/two-stem-directions.ly« wird verarbeitet
/home/rettinghaus/github/mei-test-set/MEI-test-set/MEI/beams-and-stems/two-stem-directions.ly:21:210: Warnung: Notenhals passt nicht in Balken
  \set Staff.clefGlyph = #"clefs.G" \set Staff.clefPosition = #-2 \set Staff.clefTransposition = #0 \set Staff.middleCPosition = #-6 \set Staff.middleCClefPosition = #-6 << { < g' c'' e'' >8[ < a' c'' f''] >8 
                                                                                                                                                                                                                 g''2. } \\ { c'4 < g' b' >4 < f' a' >4 < e' g' >4 } >> \bar "|." %1
/home/rettinghaus/github/mei-test-set/MEI-test-set/MEI/beams-and-stems/two-stem-directions.ly:21:191: Warnung: Balken wurde hier begonnen
  \set Staff.clefGlyph = #"clefs.G" \set Staff.clefPosition = #-2 \set Staff.clefTransposition = #0 \set Staff.middleCPosition = #-6 \set Staff.middleCClefPosition = #-6 << { < g' c'' e'' >8
                                                                                                                                                                                              [ < a' c'' f''] >8 g''2. } \\ { c'4 < g' b' >4 < f' a' >4 < e' g' >4 } >> \bar "|." %1
/home/rettinghaus/github/mei-test-set/MEI-test-set/MEI/beams-and-stems/two-stem-directions.ly:21:191: Warnung: unbegrenzter Balken
  \set Staff.clefGlyph = #"clefs.G" \set Staff.clefPosition = #-2 \set Staff.clefTransposition = #0 \set Staff.middleCPosition = #-6 \set Staff.middleCClefPosition = #-6 << { < g' c'' e'' >8
                                                                                                                                                                                              [ < a' c'' f''] >8 g''2. } \\ { c'4 < g' b' >4 < f' a' >4 < e' g' >4 } >> \bar "|." %1
/home/rettinghaus/github/mei-test-set/MEI-test-set/MEI/beams-and-stems/two-stem-directions.ly:21:178: Programmierfehler: ly:stem::calc-length called but will not be used for beamed stem.
  \set Staff.clefGlyph = #"clefs.G" \set Staff.clefPosition = #-2 \set Staff.clefTransposition = #0 \set Staff.middleCPosition = #-6 \set Staff.middleCClefPosition = #-6 << { < 
                                                                                                                                                                                 g' c'' e'' >8[ < a' c'' f''] >8 g''2. } \\ { c'4 < g' b' >4 < f' a' >4 < e' g' >4 } >> \bar "|." %1
/home/rettinghaus/github/mei-test-set/MEI-test-set/MEI/beams-and-stems/two-stem-directions.ly:21:178: Fortsetzung, die Daumen drücken
/home/rettinghaus/github/mei-test-set/MEI-test-set/MEI/beams-and-stems/two-stem-directions.ly:21:195: Programmierfehler: ly:stem::calc-length called but will not be used for beamed stem.
  \set Staff.clefGlyph = #"clefs.G" \set Staff.clefPosition = #-2 \set Staff.clefTransposition = #0 \set Staff.middleCPosition = #-6 \set Staff.middleCClefPosition = #-6 << { < g' c'' e'' >8[ < 
                                                                                                                                                                                                  a' c'' f''] >8 g''2. } \\ { c'4 < g' b' >4 < f' a' >4 < e' g' >4 } >> \bar "|." %1
/home/rettinghaus/github/mei-test-set/MEI-test-set/MEI/beams-and-stems/two-stem-directions.ly:21:195: Fortsetzung, die Daumen drücken
/home/rettinghaus/github/mei-test-set/MEI-test-set/MEI/beams-and-stems/two-stem-directions.ly:21:210: Programmierfehler: ly:stem::calc-length called but will not be used for beamed stem.
  \set Staff.clefGlyph = #"clefs.G" \set Staff.clefPosition = #-2 \set Staff.clefTransposition = #0 \set Staff.middleCPosition = #-6 \set Staff.middleCClefPosition = #-6 << { < g' c'' e'' >8[ < a' c'' f''] >8 
                                                                                                                                                                                                                 g''2. } \\ { c'4 < g' b' >4 < f' a' >4 < e' g' >4 } >> \bar "|." %1
/home/rettinghaus/github/mei-test-set/MEI-test-set/MEI/beams-and-stems/two-stem-directions.ly:21:210: Fortsetzung, die Daumen drücken
Kompilation erfolgreich beendet
»MEI-test-set/MEI/beams-and-stems/beam-placement.ly« wird verarbeitet
Kompilation erfolgreich beendet
»MEI-test-set/MEI/beams-and-stems/beam-placement-2.ly« wird verarbeitet
Kompilation erfolgreich beendet
»MEI-test-set/MEI/beams-and-stems/stem-directions.ly« wird verarbeitet
Kompilation erfolgreich beendet
»MEI-test-set/MEI/beams-and-stems/over-barlines.ly« wird verarbeitet
Kompilation erfolgreich beendet
»MEI-test-set/MEI/beams-and-stems/stems-through-bar.ly« wird verarbeitet
Kompilation erfolgreich beendet
»MEI-test-set/MEI/beams-and-stems/stem-directions-2.ly« wird verarbeitet
Kompilation erfolgreich beendet
»MEI-test-set/MEI/trills/trill-speeds.ly« wird verarbeitet
Kompilation erfolgreich beendet
»MEI-test-set/MEI/trills/trills-accidentals.ly« wird verarbeitet
Kompilation erfolgreich beendet
»MEI-test-set/MEI/trills/trills.ly« wird verarbeitet
Kompilation erfolgreich beendet
»MEI-test-set/MEI/trills/trill-length.ly« wird verarbeitet
Kompilation erfolgreich beendet
»MEI-test-set/MEI/trills/trills-with-grace-notes.ly« wird verarbeitet
Kompilation erfolgreich beendet
»MEI-test-set/MEI/trills/multiple-voiced-trill.ly« wird verarbeitet
Kompilation erfolgreich beendet
»MEI-test-set/MEI/trills/note-change.ly« wird verarbeitet
Kompilation erfolgreich beendet
»MEI-test-set/MEI/clefs/soprano-clef.ly« wird verarbeitet
Kompilation erfolgreich beendet
»MEI-test-set/MEI/clefs/bass-up-15-clef.ly« wird verarbeitet
Kompilation erfolgreich beendet
»MEI-test-set/MEI/clefs/percussion-clef.ly« wird verarbeitet
/home/rettinghaus/github/mei-test-set/MEI-test-set/MEI/clefs/percussion-clef.ly:21:73: Fehler: GUILE signalisierte einen Fehler für den hier beginnenden Ausdruck
  \set Staff.clefGlyph = #"clefs.percussion" \set Staff.clefPosition = #
                                                                        NaN \set Staff.clefTransposition = #0 \set Staff.middleCPosition = #NaN \set Staff.middleCClefPosition = #NaN << { g'1 } >> \bar "|." %1
/home/rettinghaus/github/mei-test-set/MEI-test-set/MEI/clefs/percussion-clef.ly:21:141: Fehler: GUILE signalisierte einen Fehler für den hier beginnenden Ausdruck
  \set Staff.clefGlyph = #"clefs.percussion" \set Staff.clefPosition = #NaN \set Staff.clefTransposition = #0 \set Staff.middleCPosition = #
                                                                                                                                            NaN \set Staff.middleCClefPosition = #NaN << { g'1 } >> \bar "|." %1
/home/rettinghaus/github/mei-test-set/MEI-test-set/MEI/clefs/percussion-clef.ly:21:179: Fehler: GUILE signalisierte einen Fehler für den hier beginnenden Ausdruck
  \set Staff.clefGlyph = #"clefs.percussion" \set Staff.clefPosition = #NaN \set Staff.clefTransposition = #0 \set Staff.middleCPosition = #NaN \set Staff.middleCClefPosition = #
                                                                                                                                                                                  NaN << { g'1 } >> \bar "|." %1
Warnung: Typprüfung für »clefPosition« gescheitert; Wert »#<unspecified>« muss vom Typ »number« sein
Warnung: Typprüfung für »middleCPosition« gescheitert; Wert »#<unspecified>« muss vom Typ »number« sein
Warnung: Typprüfung für »middleCClefPosition« gescheitert; Wert »#<unspecified>« muss vom Typ »number« sein
Unbound variable: NaN
Unbound variable: NaN
Unbound variable: NaN
schwerer Fehler: gescheiterte Dateien: "MEI-test-set/MEI/clefs/percussion-clef.ly"
»MEI-test-set/MEI/clefs/changing-clefs-2.ly« wird verarbeitet
Kompilation erfolgreich beendet
»MEI-test-set/MEI/clefs/changing-clefs.ly« wird verarbeitet
Kompilation erfolgreich beendet
»MEI-test-set/MEI/clefs/baritone-bass-clef.ly« wird verarbeitet
Kompilation erfolgreich beendet
»MEI-test-set/MEI/clefs/changing-clefs-3.ly« wird verarbeitet
Kompilation erfolgreich beendet
»MEI-test-set/MEI/clefs/changing-clefs-5.ly« wird verarbeitet
Kompilation erfolgreich beendet
»MEI-test-set/MEI/clefs/changing-clefs-6.ly« wird verarbeitet
Kompilation erfolgreich beendet
»MEI-test-set/MEI/clefs/treble-down-8-cle-2.ly« wird verarbeitet
Kompilation erfolgreich beendet
»MEI-test-set/MEI/clefs/sub-bass-clef.ly« wird verarbeitet
Kompilation erfolgreich beendet
»MEI-test-set/MEI/clefs/bass-down-8-clef.ly« wird verarbeitet
Kompilation erfolgreich beendet
»MEI-test-set/MEI/clefs/mezzo-soprano-clef.ly« wird verarbeitet
Kompilation erfolgreich beendet
»MEI-test-set/MEI/clefs/bass-up-8-clef.ly« wird verarbeitet
Kompilation erfolgreich beendet
»MEI-test-set/MEI/clefs/changing-clefs-4.ly« wird verarbeitet
Kompilation erfolgreich beendet
»MEI-test-set/MEI/clefs/treble-down-8-clef.ly« wird verarbeitet
Kompilation erfolgreich beendet
»MEI-test-set/MEI/clefs/treble-up-15-clef.ly« wird verarbeitet
Kompilation erfolgreich beendet
»MEI-test-set/MEI/clefs/french-violin-clef.ly« wird verarbeitet
Kompilation erfolgreich beendet
»MEI-test-set/MEI/clefs/treble-up-8.ly« wird verarbeitet
Kompilation erfolgreich beendet
»MEI-test-set/MEI/clefs/baritone-clef.ly« wird verarbeitet
Kompilation erfolgreich beendet
»MEI-test-set/MEI/clefs/treble-clef.ly« wird verarbeitet
Kompilation erfolgreich beendet
»MEI-test-set/MEI/clefs/bass-clef.ly« wird verarbeitet
Kompilation erfolgreich beendet
»MEI-test-set/MEI/clefs/tenor-clef.ly« wird verarbeitet
Kompilation erfolgreich beendet
»MEI-test-set/MEI/clefs/treble-down-8-old-clef.ly« wird verarbeitet
Kompilation erfolgreich beendet
»MEI-test-set/MEI/clefs/alto-clef.ly« wird verarbeitet
Kompilation erfolgreich beendet
